Build started 21/06/1404 08:59:15 ┘é.╪╕.
     1>Project "C:\Users\Developer\source\repos\ClinicApp\ClinicApp.sln" on node 1 (Restore target(s)).
     1>ValidateSolutionConfiguration:
         Building solution configuration "Debug|Any CPU".
       _GetAllRestoreProjectPathItems:
         Determining projects to restore...
       Restore:
         X.509 certificate chain validation will use the default trust store selected by .NET for code signing.
         X.509 certificate chain validation will use the default trust store selected by .NET for timestamping.
         Nothing to do. None of the projects specified contain packages to restore.
     1>Done Building Project "C:\Users\Developer\source\repos\ClinicApp\ClinicApp.sln" (Restore target(s)).
   1:2>Project "C:\Users\Developer\source\repos\ClinicApp\ClinicApp.sln" on node 1 (default targets).
     1>ValidateSolutionConfiguration:
         Building solution configuration "Debug|Any CPU".
   1:2>Project "C:\Users\Developer\source\repos\ClinicApp\ClinicApp.sln" (1:2) is building "C:\Users\Developer\source\repos\ClinicApp\ClinicApp.csproj" (2:6) on node 1 (default targets).
     2>CoreResGen:
         resgen.exe /useSourcePath /r:C:\Users\Developer\source\repos\ClinicApp\packages\Antlr.3.5.0.2\lib\Antlr3.Runtime.dll /r:C:\Users\Developer\source\repos\ClinicApp\packages\AutoMapper.10.1.1\lib\net461\AutoMapper.dll /r:C:\Users\Developer\source\repos\ClinicApp\packages\Azure.Core.1.38.0\lib\net472\Azure.Core.dll /r:C:\Users\Developer\source\repos\ClinicApp\packages\Azure.Identity.1.11.4\lib\netstandard2.0\Azure.Identity.dll /r:C:\Users\Developer\source\repos\ClinicApp\packages\BouncyCastle.Cryptography.2.5.1\lib\net461\BouncyCastle.Cryptography.dll /r:C:\Users\Developer\source\repos\ClinicApp\packages\ClosedXML.0.105.0\lib\netstandard2.0\ClosedXML.dll /r:C:\Users\Developer\source\repos\ClinicApp\packages\ClosedXML.Parser.2.0.0\lib\netstandard2.0\ClosedXML.Parser.dll /r:C:\Users\Developer\source\repos\ClinicApp\packages\DataTables.AspNet.Core.2.0.2\lib\net45\DataTables.AspNet.Core.dll /r:C:\Users\Developer\source\repos\ClinicApp\packages\DataTables.AspNet.Mvc5.2.0.2\lib\net45\DataTables.AspNet.Mvc5.dll /r:C:\Users\Developer\source\repos\ClinicApp\packages\DocumentFormat.OpenXml.3.1.1\lib\net46\DocumentFormat.OpenXml.dll /r:C:\Users\Developer\source\repos\ClinicApp\packages\DocumentFormat.OpenXml.Framework.3.1.1\lib\net46\DocumentFormat.OpenXml.Framework.dll /r:C:\Users\Developer\source\repos\ClinicApp\packages\Elasticsearch.Net.7.17.5\lib\net461\Elasticsearch.Net.dll /r:C:\Users\Developer\source\repos\ClinicApp\packages\EntityFramework.6.5.1\lib\net45\EntityFramework.dll /r:C:\Users\Developer\source\repos\ClinicApp\packages\EntityFramework.DynamicFilters.3.2.4\lib\net40\EntityFramework.DynamicFilters.dll /r:C:\Users\Developer\source\repos\ClinicApp\packages\EntityFramework.6.5.1\lib\net45\EntityFramework.SqlServer.dll /r:C:\Users\Developer\source\repos\ClinicApp\packages\EPPlus.4.5.3.3\lib\net40\EPPlus.dll /r:C:\Users\Developer\source\repos\ClinicApp\packages\ExcelNumberFormat.1.1.0\lib\net20\ExcelNumberFormat.dll /r:C:\Users\Developer\source\repos\ClinicApp\packages\FluentValidation.8.6.1\lib\net45\FluentValidation.dll /r:C:\Users\Developer\source\repos\ClinicApp\packages\FluentValidation.Mvc5.8.6.1\lib\net45\FluentValidation.Mvc.dll /r:C:\Users\Developer\source\repos\ClinicApp\packages\FluentValidation.ValidatorAttribute.8.6.1\lib\net45\FluentValidation.ValidatorAttribute.dll /r:C:\Users\Developer\source\repos\ClinicApp\packages\MailKit.4.11.0\lib\net48\MailKit.dll /r:C:\Users\Developer\source\repos\ClinicApp\packages\Microsoft.AspNet.Identity.Core.2.2.3\lib\net45\Microsoft.AspNet.Identity.Core.dll /r:C:\Users\Developer\source\repos\ClinicApp\packages\Microsoft.AspNet.Identity.EntityFramework.2.2.3\lib\net45\Microsoft.AspNet.Identity.EntityFramework.dll /r:C:\Users\Developer\source\repos\ClinicApp\packages\Microsoft.AspNet.Identity.Owin.2.2.3\lib\net45\Microsoft.AspNet.Identity.Owin.dll /r:C:\Users\Developer\source\repos\ClinicApp\packages\Microsoft.Bcl.AsyncInterfaces.9.0.8\lib\net462\Microsoft.Bcl.AsyncInterfaces.dll /r:C:\Users\Developer\source\repos\ClinicApp\packages\Microsoft.Bcl.HashCode.1.1.1\lib\net461\Microsoft.Bcl.HashCode.dll /r:C:\Users\Developer\source\repos\ClinicApp\packages\Microsoft.CodeDom.Providers.DotNetCompilerPlatform.4.1.0\lib\net472\Microsoft.CodeDom.Providers.DotNetCompilerPlatform.dll /r:"C:\Program Files (x86)\Reference Assemblies\Microsoft\Framework\.NETFramework\v4.8\Microsoft.CSharp.dll" /r:C:\Users\Developer\source\repos\ClinicApp\packages\Microsoft.Data.SqlClient.5.2.3\lib\net462\Microsoft.Data.SqlClient.dll /r:C:\Users\Developer\source\repos\ClinicApp\packages\Microsoft.Extensions.Configuration.Abstractions.8.0.0\lib\net462\Microsoft.Extensions.Configuration.Abstractions.dll /r:C:\Users\Developer\source\repos\ClinicApp\packages\Microsoft.Extensions.Configuration.Binder.8.0.0\lib\net462\Microsoft.Extensions.Configuration.Binder.dll /r:C:\Users\Developer\source\repos\ClinicApp\packages\Microsoft.Extensions.Configuration.8.0.0\lib\net462\Microsoft.Extensions.Configuration.dll /r:C:\Users\Developer\source\repos\ClinicApp\packages\Microsoft.Extensions.DependencyInjection.Abstractions.8.0.0\lib\net462\Microsoft.Extensions.DependencyInjection.Abstractions.dll /r:C:\Users\Developer\source\repos\ClinicApp\packages\Microsoft.Extensions.Options.ConfigurationExtensions.8.0.0\lib\net462\Microsoft.Extensions.Options.ConfigurationExtensions.dll /r:C:\Users\Developer\source\repos\ClinicApp\packages\Microsoft.Extensions.Options.8.0.0\lib\net462\Microsoft.Extensions.Options.dll /r:C:\Users\Developer\source\repos\ClinicApp\packages\Microsoft.Extensions.Primitives.8.0.0\lib\net462\Microsoft.Extensions.Primitives.dll /r:C:\Users\Developer\source\repos\ClinicApp\packages\Microsoft.Identity.Client.4.73.1\lib\net472\Microsoft.Identity.Client.dll /r:C:\Users\Developer\source\repos\ClinicApp\packages\Microsoft.Identity.Client.Extensions.Msal.4.61.3\lib\netstandard2.0\Microsoft.Identity.Client.Extensions.Msal.dll /r:C:\Users\Developer\source\repos\ClinicApp\packages\Microsoft.IdentityModel.Abstractions.6.35.0\lib\net472\Microsoft.IdentityModel.Abstractions.dll /r:C:\Users\Developer\source\repos\ClinicApp\packages\Microsoft.IdentityModel.JsonWebTokens.6.35.0\lib\net472\Microsoft.IdentityModel.JsonWebTokens.dll /r:C:\Users\Developer\source\repos\ClinicApp\packages\Microsoft.IdentityModel.Logging.6.35.0\lib\net472\Microsoft.IdentityModel.Logging.dll /r:C:\Users\Developer\source\repos\ClinicApp\packages\Microsoft.IdentityModel.Protocols.6.35.0\lib\net472\Microsoft.IdentityModel.Protocols.dll /r:C:\Users\Developer\source\repos\ClinicApp\packages\Microsoft.IdentityModel.Protocols.OpenIdConnect.6.35.0\lib\net472\Microsoft.IdentityModel.Protocols.OpenIdConnect.dll /r:C:\Users\Developer\source\repos\ClinicApp\packages\Microsoft.IdentityModel.Tokens.6.35.0\lib\net472\Microsoft.IdentityModel.Tokens.dll /r:C:\Users\Developer\source\repos\ClinicApp\packages\Microsoft.Owin.4.2.3\lib\net45\Microsoft.Owin.dll /r:C:\Users\Developer\source\repos\ClinicApp\packages\Microsoft.Owin.Host.SystemWeb.4.2.3\lib\net45\Microsoft.Owin.Host.SystemWeb.dll /r:C:\Users\Developer\source\repos\ClinicApp\bin\Microsoft.Owin.Security.Cookies.dll /r:C:\Users\Developer\source\repos\ClinicApp\packages\Microsoft.Owin.Security.4.2.3\lib\net45\Microsoft.Owin.Security.dll /r:C:\Users\Developer\source\repos\ClinicApp\packages\Microsoft.Owin.Security.Facebook.4.2.3\lib\net45\Microsoft.Owin.Security.Facebook.dll /r:C:\Users\Developer\source\repos\ClinicApp\packages\Microsoft.Owin.Security.Google.4.2.3\lib\net45\Microsoft.Owin.Security.Google.dll /r:C:\Users\Developer\source\repos\ClinicApp\packages\Microsoft.Owin.Security.MicrosoftAccount.4.2.3\lib\net45\Microsoft.Owin.Security.MicrosoftAccount.dll /r:C:\Users\Developer\source\repos\ClinicApp\packages\Microsoft.Owin.Security.OAuth.4.2.3\lib\net45\Microsoft.Owin.Security.OAuth.dll /r:C:\Users\Developer\source\repos\ClinicApp\packages\Microsoft.Owin.Security.Twitter.4.2.3\lib\net45\Microsoft.Owin.Security.Twitter.dll /r:C:\Users\Developer\source\repos\ClinicApp\packages\Microsoft.Web.Infrastructure.2.0.0\lib\net40\Microsoft.Web.Infrastructure.dll /r:C:\Users\Developer\source\repos\ClinicApp\packages\MimeKit.4.11.0\lib\net48\MimeKit.dll /r:"C:\Program Files (x86)\Reference Assemblies\Microsoft\Framework\.NETFramework\v4.8\mscorlib.dll" /r:C:\Users\Developer\source\repos\ClinicApp\packages\Newtonsoft.Json.13.0.3\lib\net45\Newtonsoft.Json.dll /r:C:\Users\Developer\source\repos\ClinicApp\packages\Owin.1.0\lib\net40\Owin.dll /r:"C:\Program Files (x86)\Reference Assemblies\Microsoft\Framework\.NETFramework\v4.8\PresentationCore.dll" /r:C:\Users\Developer\source\repos\ClinicApp\packages\QuestPDF.2025.7.0\lib\netstandard2.0\QuestPDF.dll /r:C:\Users\Developer\source\repos\ClinicApp\packages\RBush.Signed.4.0.0\lib\net47\RBush.dll /r:C:\Users\Developer\source\repos\ClinicApp\packages\RestSharp.112.1.0\lib\net48\RestSharp.dll /r:C:\Users\Developer\source\repos\ClinicApp\packages\Serilog.4.3.0\lib\net471\Serilog.dll /r:C:\Users\Developer\source\repos\ClinicApp\packages\Serilog.Enrichers.CorrelationId.3.0.1\lib\net452\Serilog.Enrichers.CorrelationId.dll /r:C:\Users\Developer\source\repos\ClinicApp\packages\Serilog.Enrichers.Environment.2.2.0\lib\net45\Serilog.Enrichers.Environment.dll /r:C:\Users\Developer\source\repos\ClinicApp\packages\Serilog.Enrichers.Process.2.0.2\lib\net45\Serilog.Enrichers.Process.dll /r:C:\Users\Developer\source\repos\ClinicApp\packages\Serilog.Enrichers.Thread.3.1.0\lib\net45\Serilog.Enrichers.Thread.dll /r:C:\Users\Developer\source\repos\ClinicApp\packages\Serilog.Filters.Expressions.2.1.0\lib\net45\Serilog.Filters.Expressions.dll /r:C:\Users\Developer\source\repos\ClinicApp\packages\Serilog.Formatting.Compact.1.1.0\lib\net452\Serilog.Formatting.Compact.dll /r:C:\Users\Developer\source\repos\ClinicApp\packages\Serilog.Formatting.Elasticsearch.10.0.0\lib\netstandard2.0\Serilog.Formatting.Elasticsearch.dll /r:C:\Users\Developer\source\repos\ClinicApp\packages\Serilog.Sinks.Async.1.5.0\lib\net461\Serilog.Sinks.Async.dll /r:C:\Users\Developer\source\repos\ClinicApp\packages\Serilog.Sinks.Console.4.1.0\lib\net45\Serilog.Sinks.Console.dll /r:C:\Users\Developer\source\repos\ClinicApp\packages\Serilog.Sinks.Email.2.4.0\lib\net47\Serilog.Sinks.Email.dll /r:C:\Users\Developer\source\repos\ClinicApp\packages\Serilog.Sinks.File.7.0.0\lib\net471\Serilog.Sinks.File.dll /r:C:\Users\Developer\source\repos\ClinicApp\packages\Serilog.Sinks.MSSqlServer.6.1.0\lib\net472\Serilog.Sinks.MSSqlServer.dll /r:C:\Users\Developer\source\repos\ClinicApp\packages\Serilog.Sinks.PeriodicBatching.3.1.0\lib\net45\Serilog.Sinks.PeriodicBatching.dll /r:C:\Users\Developer\source\repos\ClinicApp\packages\Serilog.Sinks.Seq.5.2.1\lib\net45\Serilog.Sinks.Seq.dll /r:C:\Users\Developer\source\repos\ClinicApp\packages\SixLabors.Fonts.1.0.0\lib\netstandard2.0\SixLabors.Fonts.dll /r:C:\Users\Developer\source\repos\ClinicApp\packages\Superpower.2.3.0\lib\net45\Superpower.dll /r:C:\Users\Developer\source\repos\ClinicApp\packages\System.Buffers.4.6.1\lib\net462\System.Buffers.dll /r:C:\Users\Developer\source\repos\ClinicApp\packages\System.ClientModel.1.0.0\lib\netstandard2.0\System.ClientModel.dll /r:C:\Users\Developer\source\repos\ClinicApp\packages\System.CodeDom.9.0.9\lib\net462\System.CodeDom.dll /r:C:\Users\Developer\source\repos\ClinicApp\packages\System.ComponentModel.Annotations.4.4.1\lib\net461\System.ComponentModel.Annotations.dll /r:"C:\Program Files (x86)\Reference Assemblies\Microsoft\Framework\.NETFramework\v4.8\System.ComponentModel.DataAnnotations.dll" /r:C:\Users\Developer\source\repos\ClinicApp\packages\System.Configuration.ConfigurationManager.9.0.8\lib\net462\System.Configuration.ConfigurationManager.dll /r:"C:\Program Files (x86)\Reference Assemblies\Microsoft\Framework\.NETFramework\v4.8\System.Configuration.dll" /r:"C:\Program Files (x86)\Reference Assemblies\Microsoft\Framework\.NETFramework\v4.8\System.Core.dll" /r:"C:\Program Files (x86)\Reference Assemblies\Microsoft\Framework\.NETFramework\v4.8\System.Data.DataSetExtensions.dll" /r:"C:\Program Files (x86)\Reference Assemblies\Microsoft\Framework\.NETFramework\v4.8\System.Data.dll" /r:C:\Users\Developer\source\repos\ClinicApp\packages\System.Diagnostics.DiagnosticSource.9.0.8\lib\net462\System.Diagnostics.DiagnosticSource.dll /r:"C:\Program Files (x86)\Reference Assemblies\Microsoft\Framework\.NETFramework\v4.8\System.dll" /r:"C:\Program Files (x86)\Reference Assemblies\Microsoft\Framework\.NETFramework\v4.8\System.Drawing.dll" /r:"C:\Program Files (x86)\Reference Assemblies\Microsoft\Framework\.NETFramework\v4.8\System.EnterpriseServices.dll" /r:C:\Users\Developer\source\repos\ClinicApp\packages\System.Formats.Asn1.8.0.1\lib\net462\System.Formats.Asn1.dll /r:"C:\Program Files (x86)\Reference Assemblies\Microsoft\Framework\.NETFramework\v4.8\System.IdentityModel.dll" /r:C:\Users\Developer\source\repos\ClinicApp\packages\System.IdentityModel.Tokens.Jwt.6.35.0\lib\net472\System.IdentityModel.Tokens.Jwt.dll /r:"C:\Program Files (x86)\Reference Assemblies\Microsoft\Framework\.NETFramework\v4.8\Facades\System.IO.dll" /r:C:\Users\Developer\source\repos\ClinicApp\packages\System.IO.FileSystem.AccessControl.5.0.0\lib\net461\System.IO.FileSystem.AccessControl.dll /r:C:\Users\Developer\source\repos\ClinicApp\packages\System.IO.Pipelines.9.0.8\lib\net462\System.IO.Pipelines.dll /r:"C:\Program Files (x86)\Reference Assemblies\Microsoft\Framework\.NETFramework\v4.8\System.Management.dll" /r:C:\Users\Developer\source\repos\ClinicApp\packages\System.Memory.Data.1.0.2\lib\net461\System.Memory.Data.dll /r:C:\Users\Developer\source\repos\ClinicApp\packages\System.Memory.4.6.3\lib\net462\System.Memory.dll /r:"C:\Program Files (x86)\Reference Assemblies\Microsoft\Framework\.NETFramework\v4.8\System.Net.dll" /r:"C:\Program Files (x86)\Reference Assemblies\Microsoft\Framework\.NETFramework\v4.8\System.Net.Http.dll" /r:"C:\Program Files (x86)\Reference Assemblies\Microsoft\Framework\.NETFramework\v4.8\System.Net.Http.WebRequest.dll" /r:"C:\Program Files (x86)\Reference Assemblies\Microsoft\Framework\.NETFramework\v4.8\System.Numerics.dll" /r:C:\Users\Developer\source\repos\ClinicApp\packages\System.Numerics.Vectors.4.6.1\lib\net462\System.Numerics.Vectors.dll /r:"C:\Program Files (x86)\Reference Assemblies\Microsoft\Framework\.NETFramework\v4.8\System.Runtime.Caching.dll" /r:C:\Users\Developer\source\repos\ClinicApp\packages\System.Runtime.CompilerServices.Unsafe.6.1.2\lib\net462\System.Runtime.CompilerServices.Unsafe.dll /r:"C:\Program Files (x86)\Reference Assemblies\Microsoft\Framework\.NETFramework\v4.8\Facades\System.Runtime.dll" /r:"C:\Program Files (x86)\Reference Assemblies\Microsoft\Framework\.NETFramework\v4.8\Facades\System.Runtime.InteropServices.RuntimeInformation.dll" /r:C:\Users\Developer\source\repos\ClinicApp\packages\System.Security.AccessControl.5.0.0\lib\net461\System.Security.AccessControl.dll /r:"C:\Program Files (x86)\Reference Assemblies\Microsoft\Framework\.NETFramework\v4.8\Facades\System.Security.Cryptography.Algorithms.dll" /r:"C:\Program Files (x86)\Reference Assemblies\Microsoft\Framework\.NETFramework\v4.8\Facades\System.Security.Cryptography.Encoding.dll" /r:"C:\Program Files (x86)\Reference Assemblies\Microsoft\Framework\.NETFramework\v4.8\Facades\System.Security.Cryptography.Primitives.dll" /r:C:\Users\Developer\source\repos\ClinicApp\packages\System.Security.Cryptography.ProtectedData.4.7.0\lib\net461\System.Security.Cryptography.ProtectedData.dll /r:"C:\Program Files (x86)\Reference Assemblies\Microsoft\Framework\.NETFramework\v4.8\Facades\System.Security.Cryptography.X509Certificates.dll" /r:"C:\Program Files (x86)\Reference Assemblies\Microsoft\Framework\.NETFramework\v4.8\System.Security.dll" /r:C:\Users\Developer\source\repos\ClinicApp\packages\System.Security.Principal.Windows.5.0.0\lib\net461\System.Security.Principal.Windows.dll /r:C:\Users\Developer\source\repos\ClinicApp\packages\System.Text.Encodings.Web.9.0.8\lib\net462\System.Text.Encodings.Web.dll /r:C:\Users\Developer\source\repos\ClinicApp\packages\System.Text.Json.9.0.8\lib\net462\System.Text.Json.dll /r:C:\Users\Developer\source\repos\ClinicApp\packages\System.Threading.Channels.9.0.8\lib\net462\System.Threading.Channels.dll /r:C:\Users\Developer\source\repos\ClinicApp\packages\System.Threading.Tasks.Extensions.4.6.3\lib\net462\System.Threading.Tasks.Extensions.dll /r:"C:\Program Files (x86)\Reference Assemblies\Microsoft\Framework\.NETFramework\v4.8\System.Web.Abstractions.dll" /r:"C:\Program Files (x86)\Reference Assemblies\Microsoft\Framework\.NETFramework\v4.8\System.Web.ApplicationServices.dll" /r:"C:\Program Files (x86)\Reference Assemblies\Microsoft\Framework\.NETFramework\v4.8\System.Web.dll" /r:"C:\Program Files (x86)\Reference Assemblies\Microsoft\Framework\.NETFramework\v4.8\System.Web.DynamicData.dll" /r:"C:\Program Files (x86)\Reference Assemblies\Microsoft\Framework\.NETFramework\v4.8\System.Web.Entity.dll" /r:"C:\Program Files (x86)\Reference Assemblies\Microsoft\Framework\.NETFramework\v4.8\System.Web.Extensions.dll" /r:C:\Users\Developer\source\repos\ClinicApp\packages\Microsoft.AspNet.WebPages.3.3.0\lib\net45\System.Web.Helpers.dll /r:C:\Users\Developer\source\repos\ClinicApp\packages\Microsoft.AspNet.Mvc.5.3.0\lib\net45\System.Web.Mvc.dll /r:C:\Users\Developer\source\repos\ClinicApp\packages\Microsoft.AspNet.Web.Optimization.1.1.3\lib\net40\System.Web.Optimization.dll /r:C:\Users\Developer\source\repos\ClinicApp\packages\Microsoft.AspNet.Razor.3.3.0\lib\net45\System.Web.Razor.dll /r:"C:\Program Files (x86)\Reference Assemblies\Microsoft\Framework\.NETFramework\v4.8\System.Web.Routing.dll" /r:"C:\Program Files (x86)\Reference Assemblies\Microsoft\Framework\.NETFramework\v4.8\System.Web.Services.dll" /r:C:\Users\Developer\source\repos\ClinicApp\packages\Microsoft.AspNet.WebPages.3.3.0\lib\net45\System.Web.WebPages.Deployment.dll /r:C:\Users\Developer\source\repos\ClinicApp\packages\Microsoft.AspNet.WebPages.3.3.0\lib\net45\System.Web.WebPages.dll /r:C:\Users\Developer\source\repos\ClinicApp\packages\Microsoft.AspNet.WebPages.3.3.0\lib\net45\System.Web.WebPages.Razor.dll /r:"C:\Program Files (x86)\Reference Assemblies\Microsoft\Framework\.NETFramework\v4.8\System.Windows.Forms.dll" /r:"C:\Program Files (x86)\Reference Assemblies\Microsoft\Framework\.NETFramework\v4.8\System.Xml.dll" /r:"C:\Program Files (x86)\Reference Assemblies\Microsoft\Framework\.NETFramework\v4.8\System.Xml.Linq.dll" /r:C:\Users\Developer\source\repos\ClinicApp\packages\Unity.5.11.10\lib\net48\Unity.Abstractions.dll /r:C:\Users\Developer\source\repos\ClinicApp\packages\Unity.5.11.10\lib\net48\Unity.Container.dll /r:C:\Users\Developer\source\repos\ClinicApp\packages\Unity.Mvc.5.11.1\lib\net47\Unity.Mvc.dll /r:C:\Users\Developer\source\repos\ClinicApp\packages\WebActivatorEx.2.2.0\lib\net40\WebActivatorEx.dll /r:C:\Users\Developer\source\repos\ClinicApp\packages\WebGrease.1.6.0\lib\WebGrease.dll /r:"C:\Program Files (x86)\Reference Assemblies\Microsoft\Framework\.NETFramework\v4.8\WindowsBase.dll" /r:"C:\Program Files (x86)\Reference Assemblies\Microsoft\Framework\.NETFramework\v4.8\Facades\Microsoft.Win32.Primitives.dll" /r:"C:\Program Files (x86)\Reference Assemblies\Microsoft\Framework\.NETFramework\v4.8\Facades\netstandard.dll" /r:"C:\Program Files (x86)\Reference Assemblies\Microsoft\Framework\.NETFramework\v4.8\Facades\System.AppContext.dll" /r:"C:\Program Files (x86)\Reference Assemblies\Microsoft\Framework\.NETFramework\v4.8\Facades\System.Collections.Concurrent.dll" /r:"C:\Program Files (x86)\Reference Assemblies\Microsoft\Framework\.NETFramework\v4.8\Facades\System.Collections.dll" /r:"C:\Program Files (x86)\Reference Assemblies\Microsoft\Framework\.NETFramework\v4.8\Facades\System.Collections.NonGeneric.dll" /r:"C:\Program Files (x86)\Reference Assemblies\Microsoft\Framework\.NETFramework\v4.8\Facades\System.Collections.Specialized.dll" /r:"C:\Program Files (x86)\Reference Assemblies\Microsoft\Framework\.NETFramework\v4.8\Facades\System.ComponentModel.dll" /r:"C:\Program Files (x86)\Reference Assemblies\Microsoft\Framework\.NETFramework\v4.8\Facades\System.ComponentModel.EventBasedAsync.dll" /r:"C:\Program Files (x86)\Reference Assemblies\Microsoft\Framework\.NETFramework\v4.8\Facades\System.ComponentModel.Primitives.dll" /r:"C:\Program Files (x86)\Reference Assemblies\Microsoft\Framework\.NETFramework\v4.8\Facades\System.ComponentModel.TypeConverter.dll" /r:"C:\Program Files (x86)\Reference Assemblies\Microsoft\Framework\.NETFramework\v4.8\Facades\System.Console.dll" /r:"C:\Program Files (x86)\Reference Assemblies\Microsoft\Framework\.NETFramework\v4.8\Facades\System.Data.Common.dll" /r:"C:\Program Files (x86)\Reference Assemblies\Microsoft\Framework\.NETFramework\v4.8\Facades\System.Diagnostics.Contracts.dll" /r:"C:\Program Files (x86)\Reference Assemblies\Microsoft\Framework\.NETFramework\v4.8\Facades\System.Diagnostics.Debug.dll" /r:"C:\Program Files (x86)\Reference Assemblies\Microsoft\Framework\.NETFramework\v4.8\Facades\System.Diagnostics.FileVersionInfo.dll" /r:"C:\Program Files (x86)\Reference Assemblies\Microsoft\Framework\.NETFramework\v4.8\Facades\System.Diagnostics.Process.dll" /r:"C:\Program Files (x86)\Reference Assemblies\Microsoft\Framework\.NETFramework\v4.8\Facades\System.Diagnostics.StackTrace.dll" /r:"C:\Program Files (x86)\Reference Assemblies\Microsoft\Framework\.NETFramework\v4.8\Facades\System.Diagnostics.TextWriterTraceListener.dll" /r:"C:\Program Files (x86)\Reference Assemblies\Microsoft\Framework\.NETFramework\v4.8\Facades\System.Diagnostics.Tools.dll" /r:"C:\Program Files (x86)\Reference Assemblies\Microsoft\Framework\.NETFramework\v4.8\Facades\System.Diagnostics.TraceSource.dll" /r:"C:\Program Files (x86)\Reference Assemblies\Microsoft\Framework\.NETFramework\v4.8\Facades\System.Drawing.Primitives.dll" /r:"C:\Program Files (x86)\Reference Assemblies\Microsoft\Framework\.NETFramework\v4.8\Facades\System.Dynamic.Runtime.dll" /r:"C:\Program Files (x86)\Reference Assemblies\Microsoft\Framework\.NETFramework\v4.8\Facades\System.Globalization.Calendars.dll" /r:"C:\Program Files (x86)\Reference Assemblies\Microsoft\Framework\.NETFramework\v4.8\Facades\System.Globalization.dll" /r:"C:\Program Files (x86)\Reference Assemblies\Microsoft\Framework\.NETFramework\v4.8\Facades\System.Globalization.Extensions.dll" /r:"C:\Program Files (x86)\Reference Assemblies\Microsoft\Framework\.NETFramework\v4.8\Facades\System.IO.Compression.ZipFile.dll" /r:"C:\Program Files (x86)\Reference Assemblies\Microsoft\Framework\.NETFramework\v4.8\Facades\System.IO.FileSystem.dll" /r:"C:\Program Files (x86)\Reference Assemblies\Microsoft\Framework\.NETFramework\v4.8\Facades\System.IO.FileSystem.DriveInfo.dll" /r:"C:\Program Files (x86)\Reference Assemblies\Microsoft\Framework\.NETFramework\v4.8\Facades\System.IO.FileSystem.Primitives.dll" /r:"C:\Program Files (x86)\Reference Assemblies\Microsoft\Framework\.NETFramework\v4.8\Facades\System.IO.FileSystem.Watcher.dll" /r:"C:\Program Files (x86)\Reference Assemblies\Microsoft\Framework\.NETFramework\v4.8\Facades\System.IO.IsolatedStorage.dll" /r:"C:\Program Files (x86)\Reference Assemblies\Microsoft\Framework\.NETFramework\v4.8\Facades\System.IO.MemoryMappedFiles.dll" /r:"C:\Program Files (x86)\Reference Assemblies\Microsoft\Framework\.NETFramework\v4.8\Facades\System.IO.Pipes.dll" /r:"C:\Program Files (x86)\Reference Assemblies\Microsoft\Framework\.NETFramework\v4.8\Facades\System.IO.UnmanagedMemoryStream.dll" /r:"C:\Program Files (x86)\Reference Assemblies\Microsoft\Framework\.NETFramework\v4.8\Facades\System.Linq.dll" /r:"C:\Program Files (x86)\Reference Assemblies\Microsoft\Framework\.NETFramework\v4.8\Facades\System.Linq.Expressions.dll" /r:"C:\Program Files (x86)\Reference Assemblies\Microsoft\Framework\.NETFramework\v4.8\Facades\System.Linq.Parallel.dll" /r:"C:\Program Files (x86)\Reference Assemblies\Microsoft\Framework\.NETFramework\v4.8\Facades\System.Linq.Queryable.dll" /r:"C:\Program Files (x86)\Reference Assemblies\Microsoft\Framework\.NETFramework\v4.8\Facades\System.Net.Http.Rtc.dll" /r:"C:\Program Files (x86)\Reference Assemblies\Microsoft\Framework\.NETFramework\v4.8\Facades\System.Net.NameResolution.dll" /r:"C:\Program Files (x86)\Reference Assemblies\Microsoft\Framework\.NETFramework\v4.8\Facades\System.Net.NetworkInformation.dll" /r:"C:\Program Files (x86)\Reference Assemblies\Microsoft\Framework\.NETFramework\v4.8\Facades\System.Net.Ping.dll" /r:"C:\Program Files (x86)\Reference Assemblies\Microsoft\Framework\.NETFramework\v4.8\Facades\System.Net.Primitives.dll" /r:"C:\Program Files (x86)\Reference Assemblies\Microsoft\Framework\.NETFramework\v4.8\Facades\System.Net.Requests.dll" /r:"C:\Program Files (x86)\Reference Assemblies\Microsoft\Framework\.NETFramework\v4.8\Facades\System.Net.Security.dll" /r:"C:\Program Files (x86)\Reference Assemblies\Microsoft\Framework\.NETFramework\v4.8\Facades\System.Net.Sockets.dll" /r:"C:\Program Files (x86)\Reference Assemblies\Microsoft\Framework\.NETFramework\v4.8\Facades\System.Net.WebHeaderCollection.dll" /r:"C:\Program Files (x86)\Reference Assemblies\Microsoft\Framework\.NETFramework\v4.8\Facades\System.Net.WebSockets.Client.dll" /r:"C:\Program Files (x86)\Reference Assemblies\Microsoft\Framework\.NETFramework\v4.8\Facades\System.Net.WebSockets.dll" /r:"C:\Program Files (x86)\Reference Assemblies\Microsoft\Framework\.NETFramework\v4.8\Facades\System.ObjectModel.dll" /r:"C:\Program Files (x86)\Reference Assemblies\Microsoft\Framework\.NETFramework\v4.8\Facades\System.Reflection.dll" /r:"C:\Program Files (x86)\Reference Assemblies\Microsoft\Framework\.NETFramework\v4.8\Facades\System.Reflection.Emit.dll" /r:"C:\Program Files (x86)\Reference Assemblies\Microsoft\Framework\.NETFramework\v4.8\Facades\System.Reflection.Emit.ILGeneration.dll" /r:"C:\Program Files (x86)\Reference Assemblies\Microsoft\Framework\.NETFramework\v4.8\Facades\System.Reflection.Emit.Lightweight.dll" /r:"C:\Program Files (x86)\Reference Assemblies\Microsoft\Framework\.NETFramework\v4.8\Facades\System.Reflection.Extensions.dll" /r:"C:\Program Files (x86)\Reference Assemblies\Microsoft\Framework\.NETFramework\v4.8\Facades\System.Reflection.Primitives.dll" /r:"C:\Program Files (x86)\Reference Assemblies\Microsoft\Framework\.NETFramework\v4.8\Facades\System.Resources.Reader.dll" /r:"C:\Program Files (x86)\Reference Assemblies\Microsoft\Framework\.NETFramework\v4.8\Facades\System.Resources.ResourceManager.dll" /r:"C:\Program Files (x86)\Reference Assemblies\Microsoft\Framework\.NETFramework\v4.8\Facades\System.Resources.Writer.dll" /r:"C:\Program Files (x86)\Reference Assemblies\Microsoft\Framework\.NETFramework\v4.8\Facades\System.Runtime.CompilerServices.VisualC.dll" /r:"C:\Program Files (x86)\Reference Assemblies\Microsoft\Framework\.NETFramework\v4.8\Facades\System.Runtime.Extensions.dll" /r:"C:\Program Files (x86)\Reference Assemblies\Microsoft\Framework\.NETFramework\v4.8\Facades\System.Runtime.Handles.dll" /r:"C:\Program Files (x86)\Reference Assemblies\Microsoft\Framework\.NETFramework\v4.8\Facades\System.Runtime.InteropServices.dll" /r:"C:\Program Files (x86)\Reference Assemblies\Microsoft\Framework\.NETFramework\v4.8\Facades\System.Runtime.InteropServices.WindowsRuntime.dll" /r:"C:\Program Files (x86)\Reference Assemblies\Microsoft\Framework\.NETFramework\v4.8\Facades\System.Runtime.Numerics.dll" /r:"C:\Program Files (x86)\Reference Assemblies\Microsoft\Framework\.NETFramework\v4.8\Facades\System.Runtime.Serialization.Formatters.dll" /r:"C:\Program Files (x86)\Reference Assemblies\Microsoft\Framework\.NETFramework\v4.8\Facades\System.Runtime.Serialization.Json.dll" /r:"C:\Program Files (x86)\Reference Assemblies\Microsoft\Framework\.NETFramework\v4.8\Facades\System.Runtime.Serialization.Primitives.dll" /r:"C:\Program Files (x86)\Reference Assemblies\Microsoft\Framework\.NETFramework\v4.8\Facades\System.Runtime.Serialization.Xml.dll" /r:"C:\Program Files (x86)\Reference Assemblies\Microsoft\Framework\.NETFramework\v4.8\Facades\System.Security.Claims.dll" /r:"C:\Program Files (x86)\Reference Assemblies\Microsoft\Framework\.NETFramework\v4.8\Facades\System.Security.Cryptography.Csp.dll" /r:"C:\Program Files (x86)\Reference Assemblies\Microsoft\Framework\.NETFramework\v4.8\Facades\System.Security.Principal.dll" /r:"C:\Program Files (x86)\Reference Assemblies\Microsoft\Framework\.NETFramework\v4.8\Facades\System.Security.SecureString.dll" /r:"C:\Program Files (x86)\Reference Assemblies\Microsoft\Framework\.NETFramework\v4.8\Facades\System.ServiceModel.Duplex.dll" /r:"C:\Program Files (x86)\Reference Assemblies\Microsoft\Framework\.NETFramework\v4.8\Facades\System.ServiceModel.Http.dll" /r:"C:\Program Files (x86)\Reference Assemblies\Microsoft\Framework\.NETFramework\v4.8\Facades\System.ServiceModel.NetTcp.dll" /r:"C:\Program Files (x86)\Reference Assemblies\Microsoft\Framework\.NETFramework\v4.8\Facades\System.ServiceModel.Primitives.dll" /r:"C:\Program Files (x86)\Reference Assemblies\Microsoft\Framework\.NETFramework\v4.8\Facades\System.ServiceModel.Security.dll" /r:"C:\Program Files (x86)\Reference Assemblies\Microsoft\Framework\.NETFramework\v4.8\Facades\System.Text.Encoding.dll" /r:"C:\Program Files (x86)\Reference Assemblies\Microsoft\Framework\.NETFramework\v4.8\Facades\System.Text.Encoding.Extensions.dll" /r:"C:\Program Files (x86)\Reference Assemblies\Microsoft\Framework\.NETFramework\v4.8\Facades\System.Text.RegularExpressions.dll" /r:"C:\Program Files (x86)\Reference Assemblies\Microsoft\Framework\.NETFramework\v4.8\Facades\System.Threading.dll" /r:"C:\Program Files (x86)\Reference Assemblies\Microsoft\Framework\.NETFramework\v4.8\Facades\System.Threading.Overlapped.dll" /r:"C:\Program Files (x86)\Reference Assemblies\Microsoft\Framework\.NETFramework\v4.8\Facades\System.Threading.Tasks.dll" /r:"C:\Program Files (x86)\Reference Assemblies\Microsoft\Framework\.NETFramework\v4.8\Facades\System.Threading.Tasks.Parallel.dll" /r:"C:\Program Files (x86)\Reference Assemblies\Microsoft\Framework\.NETFramework\v4.8\Facades\System.Threading.Thread.dll" /r:"C:\Program Files (x86)\Reference Assemblies\Microsoft\Framework\.NETFramework\v4.8\Facades\System.Threading.ThreadPool.dll" /r:"C:\Program Files (x86)\Reference Assemblies\Microsoft\Framework\.NETFramework\v4.8\Facades\System.Threading.Timer.dll" /r:"C:\Program Files (x86)\Reference Assemblies\Microsoft\Framework\.NETFramework\v4.8\Facades\System.ValueTuple.dll" /r:"C:\Program Files (x86)\Reference Assemblies\Microsoft\Framework\.NETFramework\v4.8\Facades\System.Xml.ReaderWriter.dll" /r:"C:\Program Files (x86)\Reference Assemblies\Microsoft\Framework\.NETFramework\v4.8\Facades\System.Xml.XDocument.dll" /r:"C:\Program Files (x86)\Reference Assemblies\Microsoft\Framework\.NETFramework\v4.8\Facades\System.Xml.XmlDocument.dll" /r:"C:\Program Files (x86)\Reference Assemblies\Microsoft\Framework\.NETFramework\v4.8\Facades\System.Xml.XmlSerializer.dll" /r:"C:\Program Files (x86)\Reference Assemblies\Microsoft\Framework\.NETFramework\v4.8\Facades\System.Xml.XPath.dll" /r:"C:\Program Files (x86)\Reference Assemblies\Microsoft\Framework\.NETFramework\v4.8\Facades\System.Xml.XPath.XDocument.dll" /compile Migrations\202509090447343_CreateDatabaseClinic.resx,obj\Debug\ClinicApp.Migrations.CreateDatabaseClinic.resources Migrations\202509100536185_CreateEmailOnPatient.resx,obj\Debug\ClinicApp.Migrations.CreateEmailOnPatient.resources Migrations\202509100635589_EnhancePerformance.resx,obj\Debug\ClinicApp.Migrations.EnhancePerformance.resources Migrations\202509100950227_Reception-01.resx,obj\Debug\ClinicApp.Migrations.Reception01.resources Migrations\202509101002438_CreateTwoTable.resx,obj\Debug\ClinicApp.Migrations.CreateTwoTable.resources Migrations\202509110549236_AddNewPaymentTable.resx,obj\Debug\ClinicApp.Migrations.AddNewPaymentTable.resources
         Processing resource file "Migrations\202509090447343_CreateDatabaseClinic.resx" into "obj\Debug\ClinicApp.Migrations.CreateDatabaseClinic.resources".
         Processing resource file "Migrations\202509100536185_CreateEmailOnPatient.resx" into "obj\Debug\ClinicApp.Migrations.CreateEmailOnPatient.resources".
         Processing resource file "Migrations\202509100635589_EnhancePerformance.resx" into "obj\Debug\ClinicApp.Migrations.EnhancePerformance.resources".
         Processing resource file "Migrations\202509100950227_Reception-01.resx" into "obj\Debug\ClinicApp.Migrations.Reception01.resources".
         Processing resource file "Migrations\202509101002438_CreateTwoTable.resx" into "obj\Debug\ClinicApp.Migrations.CreateTwoTable.resources".
         Processing resource file "Migrations\202509110549236_AddNewPaymentTable.resx" into "obj\Debug\ClinicApp.Migrations.AddNewPaymentTable.resources".
       GenerateTargetFrameworkMonikerAttribute:
       Skipping target "GenerateTargetFrameworkMonikerAttribute" because all output files are up-to-date with respect to the input files.
       CoreCompile:
         C:\Program Files\dotnet\dotnet.exe exec "C:\Program Files\dotnet\sdk\9.0.305\Roslyn\bincore\csc.dll" /noconfig /nowarn:1701,1702 /fullpaths /nostdlib+ /errorreport:prompt /warn:4 /define:DEBUG;TRACE /highentropyva+ /reference:C:\Users\Developer\source\repos\ClinicApp\packages\Antlr.3.5.0.2\lib\Antlr3.Runtime.dll /reference:C:\Users\Developer\source\repos\ClinicApp\packages\AutoMapper.10.1.1\lib\net461\AutoMapper.dll /reference:C:\Users\Developer\source\repos\ClinicApp\packages\Azure.Core.1.38.0\lib\net472\Azure.Core.dll /reference:C:\Users\Developer\source\repos\ClinicApp\packages\Azure.Identity.1.11.4\lib\netstandard2.0\Azure.Identity.dll /reference:C:\Users\Developer\source\repos\ClinicApp\packages\BouncyCastle.Cryptography.2.5.1\lib\net461\BouncyCastle.Cryptography.dll /reference:C:\Users\Developer\source\repos\ClinicApp\packages\ClosedXML.0.105.0\lib\netstandard2.0\ClosedXML.dll /reference:C:\Users\Developer\source\repos\ClinicApp\packages\ClosedXML.Parser.2.0.0\lib\netstandard2.0\ClosedXML.Parser.dll /reference:C:\Users\Developer\source\repos\ClinicApp\packages\DataTables.AspNet.Core.2.0.2\lib\net45\DataTables.AspNet.Core.dll /reference:C:\Users\Developer\source\repos\ClinicApp\packages\DataTables.AspNet.Mvc5.2.0.2\lib\net45\DataTables.AspNet.Mvc5.dll /reference:C:\Users\Developer\source\repos\ClinicApp\packages\DocumentFormat.OpenXml.3.1.1\lib\net46\DocumentFormat.OpenXml.dll /reference:C:\Users\Developer\source\repos\ClinicApp\packages\DocumentFormat.OpenXml.Framework.3.1.1\lib\net46\DocumentFormat.OpenXml.Framework.dll /reference:C:\Users\Developer\source\repos\ClinicApp\packages\Elasticsearch.Net.7.17.5\lib\net461\Elasticsearch.Net.dll /reference:C:\Users\Developer\source\repos\ClinicApp\packages\EntityFramework.6.5.1\lib\net45\EntityFramework.dll /reference:C:\Users\Developer\source\repos\ClinicApp\packages\EntityFramework.DynamicFilters.3.2.4\lib\net40\EntityFramework.DynamicFilters.dll /reference:C:\Users\Developer\source\repos\ClinicApp\packages\EntityFramework.6.5.1\lib\net45\EntityFramework.SqlServer.dll /reference:C:\Users\Developer\source\repos\ClinicApp\packages\EPPlus.4.5.3.3\lib\net40\EPPlus.dll /reference:C:\Users\Developer\source\repos\ClinicApp\packages\ExcelNumberFormat.1.1.0\lib\net20\ExcelNumberFormat.dll /reference:C:\Users\Developer\source\repos\ClinicApp\packages\FluentValidation.8.6.1\lib\net45\FluentValidation.dll /reference:C:\Users\Developer\source\repos\ClinicApp\packages\FluentValidation.Mvc5.8.6.1\lib\net45\FluentValidation.Mvc.dll /reference:C:\Users\Developer\source\repos\ClinicApp\packages\FluentValidation.ValidatorAttribute.8.6.1\lib\net45\FluentValidation.ValidatorAttribute.dll /reference:C:\Users\Developer\source\repos\ClinicApp\packages\MailKit.4.11.0\lib\net48\MailKit.dll /reference:C:\Users\Developer\source\repos\ClinicApp\packages\Microsoft.AspNet.Identity.Core.2.2.3\lib\net45\Microsoft.AspNet.Identity.Core.dll /reference:C:\Users\Developer\source\repos\ClinicApp\packages\Microsoft.AspNet.Identity.EntityFramework.2.2.3\lib\net45\Microsoft.AspNet.Identity.EntityFramework.dll /reference:C:\Users\Developer\source\repos\ClinicApp\packages\Microsoft.AspNet.Identity.Owin.2.2.3\lib\net45\Microsoft.AspNet.Identity.Owin.dll /reference:C:\Users\Developer\source\repos\ClinicApp\packages\Microsoft.Bcl.AsyncInterfaces.9.0.8\lib\net462\Microsoft.Bcl.AsyncInterfaces.dll /reference:C:\Users\Developer\source\repos\ClinicApp\packages\Microsoft.Bcl.HashCode.1.1.1\lib\net461\Microsoft.Bcl.HashCode.dll /reference:C:\Users\Developer\source\repos\ClinicApp\packages\Microsoft.CodeDom.Providers.DotNetCompilerPlatform.4.1.0\lib\net472\Microsoft.CodeDom.Providers.DotNetCompilerPlatform.dll /reference:"C:\Program Files (x86)\Reference Assemblies\Microsoft\Framework\.NETFramework\v4.8\Microsoft.CSharp.dll" /reference:C:\Users\Developer\source\repos\ClinicApp\packages\Microsoft.Data.SqlClient.5.2.3\lib\net462\Microsoft.Data.SqlClient.dll /reference:C:\Users\Developer\source\repos\ClinicApp\packages\Microsoft.Extensions.Configuration.Abstractions.8.0.0\lib\net462\Microsoft.Extensions.Configuration.Abstractions.dll /reference:C:\Users\Developer\source\repos\ClinicApp\packages\Microsoft.Extensions.Configuration.Binder.8.0.0\lib\net462\Microsoft.Extensions.Configuration.Binder.dll /reference:C:\Users\Developer\source\repos\ClinicApp\packages\Microsoft.Extensions.Configuration.8.0.0\lib\net462\Microsoft.Extensions.Configuration.dll /reference:C:\Users\Developer\source\repos\ClinicApp\packages\Microsoft.Extensions.DependencyInjection.Abstractions.8.0.0\lib\net462\Microsoft.Extensions.DependencyInjection.Abstractions.dll /reference:C:\Users\Developer\source\repos\ClinicApp\packages\Microsoft.Extensions.Options.ConfigurationExtensions.8.0.0\lib\net462\Microsoft.Extensions.Options.ConfigurationExtensions.dll /reference:C:\Users\Developer\source\repos\ClinicApp\packages\Microsoft.Extensions.Options.8.0.0\lib\net462\Microsoft.Extensions.Options.dll /reference:C:\Users\Developer\source\repos\ClinicApp\packages\Microsoft.Extensions.Primitives.8.0.0\lib\net462\Microsoft.Extensions.Primitives.dll /reference:C:\Users\Developer\source\repos\ClinicApp\packages\Microsoft.Identity.Client.4.73.1\lib\net472\Microsoft.Identity.Client.dll /reference:C:\Users\Developer\source\repos\ClinicApp\packages\Microsoft.Identity.Client.Extensions.Msal.4.61.3\lib\netstandard2.0\Microsoft.Identity.Client.Extensions.Msal.dll /reference:C:\Users\Developer\source\repos\ClinicApp\packages\Microsoft.IdentityModel.Abstractions.6.35.0\lib\net472\Microsoft.IdentityModel.Abstractions.dll /reference:C:\Users\Developer\source\repos\ClinicApp\packages\Microsoft.IdentityModel.JsonWebTokens.6.35.0\lib\net472\Microsoft.IdentityModel.JsonWebTokens.dll /reference:C:\Users\Developer\source\repos\ClinicApp\packages\Microsoft.IdentityModel.Logging.6.35.0\lib\net472\Microsoft.IdentityModel.Logging.dll /reference:C:\Users\Developer\source\repos\ClinicApp\packages\Microsoft.IdentityModel.Protocols.6.35.0\lib\net472\Microsoft.IdentityModel.Protocols.dll /reference:C:\Users\Developer\source\repos\ClinicApp\packages\Microsoft.IdentityModel.Protocols.OpenIdConnect.6.35.0\lib\net472\Microsoft.IdentityModel.Protocols.OpenIdConnect.dll /reference:C:\Users\Developer\source\repos\ClinicApp\packages\Microsoft.IdentityModel.Tokens.6.35.0\lib\net472\Microsoft.IdentityModel.Tokens.dll /reference:C:\Users\Developer\source\repos\ClinicApp\packages\Microsoft.Owin.4.2.3\lib\net45\Microsoft.Owin.dll /reference:C:\Users\Developer\source\repos\ClinicApp\packages\Microsoft.Owin.Host.SystemWeb.4.2.3\lib\net45\Microsoft.Owin.Host.SystemWeb.dll /reference:C:\Users\Developer\source\repos\ClinicApp\bin\Microsoft.Owin.Security.Cookies.dll /reference:C:\Users\Developer\source\repos\ClinicApp\packages\Microsoft.Owin.Security.4.2.3\lib\net45\Microsoft.Owin.Security.dll /reference:C:\Users\Developer\source\repos\ClinicApp\packages\Microsoft.Owin.Security.Facebook.4.2.3\lib\net45\Microsoft.Owin.Security.Facebook.dll /reference:C:\Users\Developer\source\repos\ClinicApp\packages\Microsoft.Owin.Security.Google.4.2.3\lib\net45\Microsoft.Owin.Security.Google.dll /reference:C:\Users\Developer\source\repos\ClinicApp\packages\Microsoft.Owin.Security.MicrosoftAccount.4.2.3\lib\net45\Microsoft.Owin.Security.MicrosoftAccount.dll /reference:C:\Users\Developer\source\repos\ClinicApp\packages\Microsoft.Owin.Security.OAuth.4.2.3\lib\net45\Microsoft.Owin.Security.OAuth.dll /reference:C:\Users\Developer\source\repos\ClinicApp\packages\Microsoft.Owin.Security.Twitter.4.2.3\lib\net45\Microsoft.Owin.Security.Twitter.dll /reference:C:\Users\Developer\source\repos\ClinicApp\packages\Microsoft.Web.Infrastructure.2.0.0\lib\net40\Microsoft.Web.Infrastructure.dll /reference:C:\Users\Developer\source\repos\ClinicApp\packages\MimeKit.4.11.0\lib\net48\MimeKit.dll /reference:"C:\Program Files (x86)\Reference Assemblies\Microsoft\Framework\.NETFramework\v4.8\mscorlib.dll" /reference:C:\Users\Developer\source\repos\ClinicApp\packages\Newtonsoft.Json.13.0.3\lib\net45\Newtonsoft.Json.dll /reference:C:\Users\Developer\source\repos\ClinicApp\packages\Owin.1.0\lib\net40\Owin.dll /reference:"C:\Program Files (x86)\Reference Assemblies\Microsoft\Framework\.NETFramework\v4.8\PresentationCore.dll" /reference:C:\Users\Developer\source\repos\ClinicApp\packages\QuestPDF.2025.7.0\lib\netstandard2.0\QuestPDF.dll /reference:C:\Users\Developer\source\repos\ClinicApp\packages\RBush.Signed.4.0.0\lib\net47\RBush.dll /reference:C:\Users\Developer\source\repos\ClinicApp\packages\RestSharp.112.1.0\lib\net48\RestSharp.dll /reference:C:\Users\Developer\source\repos\ClinicApp\packages\Serilog.4.3.0\lib\net471\Serilog.dll /reference:C:\Users\Developer\source\repos\ClinicApp\packages\Serilog.Enrichers.CorrelationId.3.0.1\lib\net452\Serilog.Enrichers.CorrelationId.dll /reference:C:\Users\Developer\source\repos\ClinicApp\packages\Serilog.Enrichers.Environment.2.2.0\lib\net45\Serilog.Enrichers.Environment.dll /reference:C:\Users\Developer\source\repos\ClinicApp\packages\Serilog.Enrichers.Process.2.0.2\lib\net45\Serilog.Enrichers.Process.dll /reference:C:\Users\Developer\source\repos\ClinicApp\packages\Serilog.Enrichers.Thread.3.1.0\lib\net45\Serilog.Enrichers.Thread.dll /reference:C:\Users\Developer\source\repos\ClinicApp\packages\Serilog.Filters.Expressions.2.1.0\lib\net45\Serilog.Filters.Expressions.dll /reference:C:\Users\Developer\source\repos\ClinicApp\packages\Serilog.Formatting.Compact.1.1.0\lib\net452\Serilog.Formatting.Compact.dll /reference:C:\Users\Developer\source\repos\ClinicApp\packages\Serilog.Formatting.Elasticsearch.10.0.0\lib\netstandard2.0\Serilog.Formatting.Elasticsearch.dll /reference:C:\Users\Developer\source\repos\ClinicApp\packages\Serilog.Sinks.Async.1.5.0\lib\net461\Serilog.Sinks.Async.dll /reference:C:\Users\Developer\source\repos\ClinicApp\packages\Serilog.Sinks.Console.4.1.0\lib\net45\Serilog.Sinks.Console.dll /reference:C:\Users\Developer\source\repos\ClinicApp\packages\Serilog.Sinks.Email.2.4.0\lib\net47\Serilog.Sinks.Email.dll /reference:C:\Users\Developer\source\repos\ClinicApp\packages\Serilog.Sinks.File.7.0.0\lib\net471\Serilog.Sinks.File.dll /reference:C:\Users\Developer\source\repos\ClinicApp\packages\Serilog.Sinks.MSSqlServer.6.1.0\lib\net472\Serilog.Sinks.MSSqlServer.dll /reference:C:\Users\Developer\source\repos\ClinicApp\packages\Serilog.Sinks.PeriodicBatching.3.1.0\lib\net45\Serilog.Sinks.PeriodicBatching.dll /reference:C:\Users\Developer\source\repos\ClinicApp\packages\Serilog.Sinks.Seq.5.2.1\lib\net45\Serilog.Sinks.Seq.dll /reference:C:\Users\Developer\source\repos\ClinicApp\packages\SixLabors.Fonts.1.0.0\lib\netstandard2.0\SixLabors.Fonts.dll /reference:C:\Users\Developer\source\repos\ClinicApp\packages\Superpower.2.3.0\lib\net45\Superpower.dll /reference:C:\Users\Developer\source\repos\ClinicApp\packages\System.Buffers.4.6.1\lib\net462\System.Buffers.dll /reference:C:\Users\Developer\source\repos\ClinicApp\packages\System.ClientModel.1.0.0\lib\netstandard2.0\System.ClientModel.dll /reference:C:\Users\Developer\source\repos\ClinicApp\packages\System.CodeDom.9.0.9\lib\net462\System.CodeDom.dll /reference:C:\Users\Developer\source\repos\ClinicApp\packages\System.ComponentModel.Annotations.4.4.1\lib\net461\System.ComponentModel.Annotations.dll /reference:"C:\Program Files (x86)\Reference Assemblies\Microsoft\Framework\.NETFramework\v4.8\System.ComponentModel.DataAnnotations.dll" /reference:C:\Users\Developer\source\repos\ClinicApp\packages\System.Configuration.ConfigurationManager.9.0.8\lib\net462\System.Configuration.ConfigurationManager.dll /reference:"C:\Program Files (x86)\Reference Assemblies\Microsoft\Framework\.NETFramework\v4.8\System.Configuration.dll" /reference:"C:\Program Files (x86)\Reference Assemblies\Microsoft\Framework\.NETFramework\v4.8\System.Core.dll" /reference:"C:\Program Files (x86)\Reference Assemblies\Microsoft\Framework\.NETFramework\v4.8\System.Data.DataSetExtensions.dll" /reference:"C:\Program Files (x86)\Reference Assemblies\Microsoft\Framework\.NETFramework\v4.8\System.Data.dll" /reference:C:\Users\Developer\source\repos\ClinicApp\packages\System.Diagnostics.DiagnosticSource.9.0.8\lib\net462\System.Diagnostics.DiagnosticSource.dll /reference:"C:\Program Files (x86)\Reference Assemblies\Microsoft\Framework\.NETFramework\v4.8\System.dll" /reference:"C:\Program Files (x86)\Reference Assemblies\Microsoft\Framework\.NETFramework\v4.8\System.Drawing.dll" /reference:"C:\Program Files (x86)\Reference Assemblies\Microsoft\Framework\.NETFramework\v4.8\System.EnterpriseServices.dll" /reference:C:\Users\Developer\source\repos\ClinicApp\packages\System.Formats.Asn1.8.0.1\lib\net462\System.Formats.Asn1.dll /reference:"C:\Program Files (x86)\Reference Assemblies\Microsoft\Framework\.NETFramework\v4.8\System.IdentityModel.dll" /reference:C:\Users\Developer\source\repos\ClinicApp\packages\System.IdentityModel.Tokens.Jwt.6.35.0\lib\net472\System.IdentityModel.Tokens.Jwt.dll /reference:"C:\Program Files (x86)\Reference Assemblies\Microsoft\Framework\.NETFramework\v4.8\Facades\System.IO.dll" /reference:C:\Users\Developer\source\repos\ClinicApp\packages\System.IO.FileSystem.AccessControl.5.0.0\lib\net461\System.IO.FileSystem.AccessControl.dll /reference:C:\Users\Developer\source\repos\ClinicApp\packages\System.IO.Pipelines.9.0.8\lib\net462\System.IO.Pipelines.dll /reference:"C:\Program Files (x86)\Reference Assemblies\Microsoft\Framework\.NETFramework\v4.8\System.Management.dll" /reference:C:\Users\Developer\source\repos\ClinicApp\packages\System.Memory.Data.1.0.2\lib\net461\System.Memory.Data.dll /reference:C:\Users\Developer\source\repos\ClinicApp\packages\System.Memory.4.6.3\lib\net462\System.Memory.dll /reference:"C:\Program Files (x86)\Reference Assemblies\Microsoft\Framework\.NETFramework\v4.8\System.Net.dll" /reference:"C:\Program Files (x86)\Reference Assemblies\Microsoft\Framework\.NETFramework\v4.8\System.Net.Http.dll" /reference:"C:\Program Files (x86)\Reference Assemblies\Microsoft\Framework\.NETFramework\v4.8\System.Net.Http.WebRequest.dll" /reference:"C:\Program Files (x86)\Reference Assemblies\Microsoft\Framework\.NETFramework\v4.8\System.Numerics.dll" /reference:C:\Users\Developer\source\repos\ClinicApp\packages\System.Numerics.Vectors.4.6.1\lib\net462\System.Numerics.Vectors.dll /reference:"C:\Program Files (x86)\Reference Assemblies\Microsoft\Framework\.NETFramework\v4.8\System.Runtime.Caching.dll" /reference:C:\Users\Developer\source\repos\ClinicApp\packages\System.Runtime.CompilerServices.Unsafe.6.1.2\lib\net462\System.Runtime.CompilerServices.Unsafe.dll /reference:"C:\Program Files (x86)\Reference Assemblies\Microsoft\Framework\.NETFramework\v4.8\Facades\System.Runtime.dll" /reference:"C:\Program Files (x86)\Reference Assemblies\Microsoft\Framework\.NETFramework\v4.8\Facades\System.Runtime.InteropServices.RuntimeInformation.dll" /reference:C:\Users\Developer\source\repos\ClinicApp\packages\System.Security.AccessControl.5.0.0\lib\net461\System.Security.AccessControl.dll /reference:"C:\Program Files (x86)\Reference Assemblies\Microsoft\Framework\.NETFramework\v4.8\Facades\System.Security.Cryptography.Algorithms.dll" /reference:"C:\Program Files (x86)\Reference Assemblies\Microsoft\Framework\.NETFramework\v4.8\Facades\System.Security.Cryptography.Encoding.dll" /reference:"C:\Program Files (x86)\Reference Assemblies\Microsoft\Framework\.NETFramework\v4.8\Facades\System.Security.Cryptography.Primitives.dll" /reference:C:\Users\Developer\source\repos\ClinicApp\packages\System.Security.Cryptography.ProtectedData.4.7.0\lib\net461\System.Security.Cryptography.ProtectedData.dll /reference:"C:\Program Files (x86)\Reference Assemblies\Microsoft\Framework\.NETFramework\v4.8\Facades\System.Security.Cryptography.X509Certificates.dll" /reference:"C:\Program Files (x86)\Reference Assemblies\Microsoft\Framework\.NETFramework\v4.8\System.Security.dll" /reference:C:\Users\Developer\source\repos\ClinicApp\packages\System.Security.Principal.Windows.5.0.0\lib\net461\System.Security.Principal.Windows.dll /reference:C:\Users\Developer\source\repos\ClinicApp\packages\System.Text.Encodings.Web.9.0.8\lib\net462\System.Text.Encodings.Web.dll /reference:C:\Users\Developer\source\repos\ClinicApp\packages\System.Text.Json.9.0.8\lib\net462\System.Text.Json.dll /reference:C:\Users\Developer\source\repos\ClinicApp\packages\System.Threading.Channels.9.0.8\lib\net462\System.Threading.Channels.dll /reference:C:\Users\Developer\source\repos\ClinicApp\packages\System.Threading.Tasks.Extensions.4.6.3\lib\net462\System.Threading.Tasks.Extensions.dll /reference:"C:\Program Files (x86)\Reference Assemblies\Microsoft\Framework\.NETFramework\v4.8\System.Web.Abstractions.dll" /reference:"C:\Program Files (x86)\Reference Assemblies\Microsoft\Framework\.NETFramework\v4.8\System.Web.ApplicationServices.dll" /reference:"C:\Program Files (x86)\Reference Assemblies\Microsoft\Framework\.NETFramework\v4.8\System.Web.dll" /reference:"C:\Program Files (x86)\Reference Assemblies\Microsoft\Framework\.NETFramework\v4.8\System.Web.DynamicData.dll" /reference:"C:\Program Files (x86)\Reference Assemblies\Microsoft\Framework\.NETFramework\v4.8\System.Web.Entity.dll" /reference:"C:\Program Files (x86)\Reference Assemblies\Microsoft\Framework\.NETFramework\v4.8\System.Web.Extensions.dll" /reference:C:\Users\Developer\source\repos\ClinicApp\packages\Microsoft.AspNet.WebPages.3.3.0\lib\net45\System.Web.Helpers.dll /reference:C:\Users\Developer\source\repos\ClinicApp\packages\Microsoft.AspNet.Mvc.5.3.0\lib\net45\System.Web.Mvc.dll /reference:C:\Users\Developer\source\repos\ClinicApp\packages\Microsoft.AspNet.Web.Optimization.1.1.3\lib\net40\System.Web.Optimization.dll /reference:C:\Users\Developer\source\repos\ClinicApp\packages\Microsoft.AspNet.Razor.3.3.0\lib\net45\System.Web.Razor.dll /reference:"C:\Program Files (x86)\Reference Assemblies\Microsoft\Framework\.NETFramework\v4.8\System.Web.Routing.dll" /reference:"C:\Program Files (x86)\Reference Assemblies\Microsoft\Framework\.NETFramework\v4.8\System.Web.Services.dll" /reference:C:\Users\Developer\source\repos\ClinicApp\packages\Microsoft.AspNet.WebPages.3.3.0\lib\net45\System.Web.WebPages.Deployment.dll /reference:C:\Users\Developer\source\repos\ClinicApp\packages\Microsoft.AspNet.WebPages.3.3.0\lib\net45\System.Web.WebPages.dll /reference:C:\Users\Developer\source\repos\ClinicApp\packages\Microsoft.AspNet.WebPages.3.3.0\lib\net45\System.Web.WebPages.Razor.dll /reference:"C:\Program Files (x86)\Reference Assemblies\Microsoft\Framework\.NETFramework\v4.8\System.Windows.Forms.dll" /reference:"C:\Program Files (x86)\Reference Assemblies\Microsoft\Framework\.NETFramework\v4.8\System.Xml.dll" /reference:"C:\Program Files (x86)\Reference Assemblies\Microsoft\Framework\.NETFramework\v4.8\System.Xml.Linq.dll" /reference:C:\Users\Developer\source\repos\ClinicApp\packages\Unity.5.11.10\lib\net48\Unity.Abstractions.dll /reference:C:\Users\Developer\source\repos\ClinicApp\packages\Unity.5.11.10\lib\net48\Unity.Container.dll /reference:C:\Users\Developer\source\repos\ClinicApp\packages\Unity.Mvc.5.11.1\lib\net47\Unity.Mvc.dll /reference:C:\Users\Developer\source\repos\ClinicApp\packages\WebActivatorEx.2.2.0\lib\net40\WebActivatorEx.dll /reference:C:\Users\Developer\source\repos\ClinicApp\packages\WebGrease.1.6.0\lib\WebGrease.dll /reference:"C:\Program Files (x86)\Reference Assemblies\Microsoft\Framework\.NETFramework\v4.8\WindowsBase.dll" /reference:"C:\Program Files (x86)\Reference Assemblies\Microsoft\Framework\.NETFramework\v4.8\Facades\Microsoft.Win32.Primitives.dll" /reference:"C:\Program Files (x86)\Reference Assemblies\Microsoft\Framework\.NETFramework\v4.8\Facades\netstandard.dll" /reference:"C:\Program Files (x86)\Reference Assemblies\Microsoft\Framework\.NETFramework\v4.8\Facades\System.AppContext.dll" /reference:"C:\Program Files (x86)\Reference Assemblies\Microsoft\Framework\.NETFramework\v4.8\Facades\System.Collections.Concurrent.dll" /reference:"C:\Program Files (x86)\Reference Assemblies\Microsoft\Framework\.NETFramework\v4.8\Facades\System.Collections.dll" /reference:"C:\Program Files (x86)\Reference Assemblies\Microsoft\Framework\.NETFramework\v4.8\Facades\System.Collections.NonGeneric.dll" /reference:"C:\Program Files (x86)\Reference Assemblies\Microsoft\Framework\.NETFramework\v4.8\Facades\System.Collections.Specialized.dll" /reference:"C:\Program Files (x86)\Reference Assemblies\Microsoft\Framework\.NETFramework\v4.8\Facades\System.ComponentModel.dll" /reference:"C:\Program Files (x86)\Reference Assemblies\Microsoft\Framework\.NETFramework\v4.8\Facades\System.ComponentModel.EventBasedAsync.dll" /reference:"C:\Program Files (x86)\Reference Assemblies\Microsoft\Framework\.NETFramework\v4.8\Facades\System.ComponentModel.Primitives.dll" /reference:"C:\Program Files (x86)\Reference Assemblies\Microsoft\Framework\.NETFramework\v4.8\Facades\System.ComponentModel.TypeConverter.dll" /reference:"C:\Program Files (x86)\Reference Assemblies\Microsoft\Framework\.NETFramework\v4.8\Facades\System.Console.dll" /reference:"C:\Program Files (x86)\Reference Assemblies\Microsoft\Framework\.NETFramework\v4.8\Facades\System.Data.Common.dll" /reference:"C:\Program Files (x86)\Reference Assemblies\Microsoft\Framework\.NETFramework\v4.8\Facades\System.Diagnostics.Contracts.dll" /reference:"C:\Program Files (x86)\Reference Assemblies\Microsoft\Framework\.NETFramework\v4.8\Facades\System.Diagnostics.Debug.dll" /reference:"C:\Program Files (x86)\Reference Assemblies\Microsoft\Framework\.NETFramework\v4.8\Facades\System.Diagnostics.FileVersionInfo.dll" /reference:"C:\Program Files (x86)\Reference Assemblies\Microsoft\Framework\.NETFramework\v4.8\Facades\System.Diagnostics.Process.dll" /reference:"C:\Program Files (x86)\Reference Assemblies\Microsoft\Framework\.NETFramework\v4.8\Facades\System.Diagnostics.StackTrace.dll" /reference:"C:\Program Files (x86)\Reference Assemblies\Microsoft\Framework\.NETFramework\v4.8\Facades\System.Diagnostics.TextWriterTraceListener.dll" /reference:"C:\Program Files (x86)\Reference Assemblies\Microsoft\Framework\.NETFramework\v4.8\Facades\System.Diagnostics.Tools.dll" /reference:"C:\Program Files (x86)\Reference Assemblies\Microsoft\Framework\.NETFramework\v4.8\Facades\System.Diagnostics.TraceSource.dll" /reference:"C:\Program Files (x86)\Reference Assemblies\Microsoft\Framework\.NETFramework\v4.8\Facades\System.Drawing.Primitives.dll" /reference:"C:\Program Files (x86)\Reference Assemblies\Microsoft\Framework\.NETFramework\v4.8\Facades\System.Dynamic.Runtime.dll" /reference:"C:\Program Files (x86)\Reference Assemblies\Microsoft\Framework\.NETFramework\v4.8\Facades\System.Globalization.Calendars.dll" /reference:"C:\Program Files (x86)\Reference Assemblies\Microsoft\Framework\.NETFramework\v4.8\Facades\System.Globalization.dll" /reference:"C:\Program Files (x86)\Reference Assemblies\Microsoft\Framework\.NETFramework\v4.8\Facades\System.Globalization.Extensions.dll" /reference:"C:\Program Files (x86)\Reference Assemblies\Microsoft\Framework\.NETFramework\v4.8\Facades\System.IO.Compression.ZipFile.dll" /reference:"C:\Program Files (x86)\Reference Assemblies\Microsoft\Framework\.NETFramework\v4.8\Facades\System.IO.FileSystem.dll" /reference:"C:\Program Files (x86)\Reference Assemblies\Microsoft\Framework\.NETFramework\v4.8\Facades\System.IO.FileSystem.DriveInfo.dll" /reference:"C:\Program Files (x86)\Reference Assemblies\Microsoft\Framework\.NETFramework\v4.8\Facades\System.IO.FileSystem.Primitives.dll" /reference:"C:\Program Files (x86)\Reference Assemblies\Microsoft\Framework\.NETFramework\v4.8\Facades\System.IO.FileSystem.Watcher.dll" /reference:"C:\Program Files (x86)\Reference Assemblies\Microsoft\Framework\.NETFramework\v4.8\Facades\System.IO.IsolatedStorage.dll" /reference:"C:\Program Files (x86)\Reference Assemblies\Microsoft\Framework\.NETFramework\v4.8\Facades\System.IO.MemoryMappedFiles.dll" /reference:"C:\Program Files (x86)\Reference Assemblies\Microsoft\Framework\.NETFramework\v4.8\Facades\System.IO.Pipes.dll" /reference:"C:\Program Files (x86)\Reference Assemblies\Microsoft\Framework\.NETFramework\v4.8\Facades\System.IO.UnmanagedMemoryStream.dll" /reference:"C:\Program Files (x86)\Reference Assemblies\Microsoft\Framework\.NETFramework\v4.8\Facades\System.Linq.dll" /reference:"C:\Program Files (x86)\Reference Assemblies\Microsoft\Framework\.NETFramework\v4.8\Facades\System.Linq.Expressions.dll" /reference:"C:\Program Files (x86)\Reference Assemblies\Microsoft\Framework\.NETFramework\v4.8\Facades\System.Linq.Parallel.dll" /reference:"C:\Program Files (x86)\Reference Assemblies\Microsoft\Framework\.NETFramework\v4.8\Facades\System.Linq.Queryable.dll" /reference:"C:\Program Files (x86)\Reference Assemblies\Microsoft\Framework\.NETFramework\v4.8\Facades\System.Net.Http.Rtc.dll" /reference:"C:\Program Files (x86)\Reference Assemblies\Microsoft\Framework\.NETFramework\v4.8\Facades\System.Net.NameResolution.dll" /reference:"C:\Program Files (x86)\Reference Assemblies\Microsoft\Framework\.NETFramework\v4.8\Facades\System.Net.NetworkInformation.dll" /reference:"C:\Program Files (x86)\Reference Assemblies\Microsoft\Framework\.NETFramework\v4.8\Facades\System.Net.Ping.dll" /reference:"C:\Program Files (x86)\Reference Assemblies\Microsoft\Framework\.NETFramework\v4.8\Facades\System.Net.Primitives.dll" /reference:"C:\Program Files (x86)\Reference Assemblies\Microsoft\Framework\.NETFramework\v4.8\Facades\System.Net.Requests.dll" /reference:"C:\Program Files (x86)\Reference Assemblies\Microsoft\Framework\.NETFramework\v4.8\Facades\System.Net.Security.dll" /reference:"C:\Program Files (x86)\Reference Assemblies\Microsoft\Framework\.NETFramework\v4.8\Facades\System.Net.Sockets.dll" /reference:"C:\Program Files (x86)\Reference Assemblies\Microsoft\Framework\.NETFramework\v4.8\Facades\System.Net.WebHeaderCollection.dll" /reference:"C:\Program Files (x86)\Reference Assemblies\Microsoft\Framework\.NETFramework\v4.8\Facades\System.Net.WebSockets.Client.dll" /reference:"C:\Program Files (x86)\Reference Assemblies\Microsoft\Framework\.NETFramework\v4.8\Facades\System.Net.WebSockets.dll" /reference:"C:\Program Files (x86)\Reference Assemblies\Microsoft\Framework\.NETFramework\v4.8\Facades\System.ObjectModel.dll" /reference:"C:\Program Files (x86)\Reference Assemblies\Microsoft\Framework\.NETFramework\v4.8\Facades\System.Reflection.dll" /reference:"C:\Program Files (x86)\Reference Assemblies\Microsoft\Framework\.NETFramework\v4.8\Facades\System.Reflection.Emit.dll" /reference:"C:\Program Files (x86)\Reference Assemblies\Microsoft\Framework\.NETFramework\v4.8\Facades\System.Reflection.Emit.ILGeneration.dll" /reference:"C:\Program Files (x86)\Reference Assemblies\Microsoft\Framework\.NETFramework\v4.8\Facades\System.Reflection.Emit.Lightweight.dll" /reference:"C:\Program Files (x86)\Reference Assemblies\Microsoft\Framework\.NETFramework\v4.8\Facades\System.Reflection.Extensions.dll" /reference:"C:\Program Files (x86)\Reference Assemblies\Microsoft\Framework\.NETFramework\v4.8\Facades\System.Reflection.Primitives.dll" /reference:"C:\Program Files (x86)\Reference Assemblies\Microsoft\Framework\.NETFramework\v4.8\Facades\System.Resources.Reader.dll" /reference:"C:\Program Files (x86)\Reference Assemblies\Microsoft\Framework\.NETFramework\v4.8\Facades\System.Resources.ResourceManager.dll" /reference:"C:\Program Files (x86)\Reference Assemblies\Microsoft\Framework\.NETFramework\v4.8\Facades\System.Resources.Writer.dll" /reference:"C:\Program Files (x86)\Reference Assemblies\Microsoft\Framework\.NETFramework\v4.8\Facades\System.Runtime.CompilerServices.VisualC.dll" /reference:"C:\Program Files (x86)\Reference Assemblies\Microsoft\Framework\.NETFramework\v4.8\Facades\System.Runtime.Extensions.dll" /reference:"C:\Program Files (x86)\Reference Assemblies\Microsoft\Framework\.NETFramework\v4.8\Facades\System.Runtime.Handles.dll" /reference:"C:\Program Files (x86)\Reference Assemblies\Microsoft\Framework\.NETFramework\v4.8\Facades\System.Runtime.InteropServices.dll" /reference:"C:\Program Files (x86)\Reference Assemblies\Microsoft\Framework\.NETFramework\v4.8\Facades\System.Runtime.InteropServices.WindowsRuntime.dll" /reference:"C:\Program Files (x86)\Reference Assemblies\Microsoft\Framework\.NETFramework\v4.8\Facades\System.Runtime.Numerics.dll" /reference:"C:\Program Files (x86)\Reference Assemblies\Microsoft\Framework\.NETFramework\v4.8\Facades\System.Runtime.Serialization.Formatters.dll" /reference:"C:\Program Files (x86)\Reference Assemblies\Microsoft\Framework\.NETFramework\v4.8\Facades\System.Runtime.Serialization.Json.dll" /reference:"C:\Program Files (x86)\Reference Assemblies\Microsoft\Framework\.NETFramework\v4.8\Facades\System.Runtime.Serialization.Primitives.dll" /reference:"C:\Program Files (x86)\Reference Assemblies\Microsoft\Framework\.NETFramework\v4.8\Facades\System.Runtime.Serialization.Xml.dll" /reference:"C:\Program Files (x86)\Reference Assemblies\Microsoft\Framework\.NETFramework\v4.8\Facades\System.Security.Claims.dll" /reference:"C:\Program Files (x86)\Reference Assemblies\Microsoft\Framework\.NETFramework\v4.8\Facades\System.Security.Cryptography.Csp.dll" /reference:"C:\Program Files (x86)\Reference Assemblies\Microsoft\Framework\.NETFramework\v4.8\Facades\System.Security.Principal.dll" /reference:"C:\Program Files (x86)\Reference Assemblies\Microsoft\Framework\.NETFramework\v4.8\Facades\System.Security.SecureString.dll" /reference:"C:\Program Files (x86)\Reference Assemblies\Microsoft\Framework\.NETFramework\v4.8\Facades\System.ServiceModel.Duplex.dll" /reference:"C:\Program Files (x86)\Reference Assemblies\Microsoft\Framework\.NETFramework\v4.8\Facades\System.ServiceModel.Http.dll" /reference:"C:\Program Files (x86)\Reference Assemblies\Microsoft\Framework\.NETFramework\v4.8\Facades\System.ServiceModel.NetTcp.dll" /reference:"C:\Program Files (x86)\Reference Assemblies\Microsoft\Framework\.NETFramework\v4.8\Facades\System.ServiceModel.Primitives.dll" /reference:"C:\Program Files (x86)\Reference Assemblies\Microsoft\Framework\.NETFramework\v4.8\Facades\System.ServiceModel.Security.dll" /reference:"C:\Program Files (x86)\Reference Assemblies\Microsoft\Framework\.NETFramework\v4.8\Facades\System.Text.Encoding.dll" /reference:"C:\Program Files (x86)\Reference Assemblies\Microsoft\Framework\.NETFramework\v4.8\Facades\System.Text.Encoding.Extensions.dll" /reference:"C:\Program Files (x86)\Reference Assemblies\Microsoft\Framework\.NETFramework\v4.8\Facades\System.Text.RegularExpressions.dll" /reference:"C:\Program Files (x86)\Reference Assemblies\Microsoft\Framework\.NETFramework\v4.8\Facades\System.Threading.dll" /reference:"C:\Program Files (x86)\Reference Assemblies\Microsoft\Framework\.NETFramework\v4.8\Facades\System.Threading.Overlapped.dll" /reference:"C:\Program Files (x86)\Reference Assemblies\Microsoft\Framework\.NETFramework\v4.8\Facades\System.Threading.Tasks.dll" /reference:"C:\Program Files (x86)\Reference Assemblies\Microsoft\Framework\.NETFramework\v4.8\Facades\System.Threading.Tasks.Parallel.dll" /reference:"C:\Program Files (x86)\Reference Assemblies\Microsoft\Framework\.NETFramework\v4.8\Facades\System.Threading.Thread.dll" /reference:"C:\Program Files (x86)\Reference Assemblies\Microsoft\Framework\.NETFramework\v4.8\Facades\System.Threading.ThreadPool.dll" /reference:"C:\Program Files (x86)\Reference Assemblies\Microsoft\Framework\.NETFramework\v4.8\Facades\System.Threading.Timer.dll" /reference:"C:\Program Files (x86)\Reference Assemblies\Microsoft\Framework\.NETFramework\v4.8\Facades\System.ValueTuple.dll" /reference:"C:\Program Files (x86)\Reference Assemblies\Microsoft\Framework\.NETFramework\v4.8\Facades\System.Xml.ReaderWriter.dll" /reference:"C:\Program Files (x86)\Reference Assemblies\Microsoft\Framework\.NETFramework\v4.8\Facades\System.Xml.XDocument.dll" /reference:"C:\Program Files (x86)\Reference Assemblies\Microsoft\Framework\.NETFramework\v4.8\Facades\System.Xml.XmlDocument.dll" /reference:"C:\Program Files (x86)\Reference Assemblies\Microsoft\Framework\.NETFramework\v4.8\Facades\System.Xml.XmlSerializer.dll" /reference:"C:\Program Files (x86)\Reference Assemblies\Microsoft\Framework\.NETFramework\v4.8\Facades\System.Xml.XPath.dll" /reference:"C:\Program Files (x86)\Reference Assemblies\Microsoft\Framework\.NETFramework\v4.8\Facades\System.Xml.XPath.XDocument.dll" /debug+ /debug:full /optimize- /out:obj\Debug\ClinicApp.dll /subsystemversion:6.00 /resource:obj\Debug\ClinicApp.Migrations.CreateDatabaseClinic.resources /resource:obj\Debug\ClinicApp.Migrations.CreateEmailOnPatient.resources /resource:obj\Debug\ClinicApp.Migrations.EnhancePerformance.resources /resource:obj\Debug\ClinicApp.Migrations.Reception01.resources /resource:obj\Debug\ClinicApp.Migrations.CreateTwoTable.resources /resource:obj\Debug\ClinicApp.Migrations.AddNewPaymentTable.resources /target:library /utf8output /langversion:latest App_Start\BundleConfig.cs App_Start\FilterConfig.cs App_Start\IdentityConfig.cs App_Start\IdentitySeed.cs App_Start\RouteConfig.cs App_Start\Startup.Auth.cs App_Start\UnityConfig.cs App_Start\UnityMvcActivator.cs Areas\Admin\AdminAreaRegistration.cs Areas\Admin\Controllers\AppointmentAvailabilityController.cs Areas\Admin\Controllers\BaseController.cs Areas\Admin\Controllers\ClinicController.cs Areas\Admin\Controllers\DepartmentController.cs Areas\Admin\Controllers\DoctorController.cs Areas\Admin\Controllers\DoctorDashboardController.cs Areas\Admin\Controllers\DoctorDepartmentController.cs Areas\Admin\Controllers\DoctorHistoryController.cs Areas\Admin\Controllers\DoctorRemovalController.cs Areas\Admin\Controllers\DoctorReportingController.cs Areas\Admin\Controllers\DoctorScheduleController.cs Areas\Admin\Controllers\DoctorServiceCategoryController.cs Areas\Admin\Controllers\DoctorAssignmentController.cs Areas\Admin\Controllers\EmergencyBookingController.cs Areas\Admin\Controllers\ScheduleOptimizationController.cs Areas\Admin\Controllers\ServiceController.cs Areas\Admin\Controllers\ServiceManagementController.cs Areas\Admin\Controllers\Shared\BaseAssignmentController.cs Areas\Admin\Controllers\SpecializationController.cs Areas\Admin\Controllers\Insurance\InsuranceCalculationController.cs Areas\Admin\Controllers\Insurance\InsurancePlanController.cs Areas\Admin\Controllers\Insurance\InsuranceProviderController.cs Areas\Admin\Controllers\Insurance\PatientInsuranceController.cs Controllers\BaseController.cs Controllers\Payment\Gateway\PaymentGatewayController.cs Controllers\Payment\PaymentController.cs Controllers\Payment\POS\PosManagementController.cs Controllers\ReceptionController.cs Controllers\TokenTestController.cs Core\ErrorCategory.cs Core\OperationStatus.cs Core\SecurityLevel.cs Extensions\ApplicationUserManagerExtensions.cs Extensions\DateTimeExtensions.cs Filters\CultureFilter.cs Filters\MedicalEnvironmentFilter.cs Filters\PersianDateAttribute.cs Filters\ValidateAntiForgeryTokenOnPostsAttribute.cs Helpers\AntiForgeryHelper.cs Helpers\AppSettings.cs Helpers\EnumExtensions.cs Helpers\MedicalReportExcelGenerator.cs Helpers\PhoneNumberValidator.cs Helpers\SystemUsers.cs Infrastructure\AuthSettingsFromConfig.cs Infrastructure\FakeAuthenticationManager.cs Infrastructure\QueryExtensions.cs Interfaces\ClinicAdmin\IAppointmentAvailabilityService.cs Interfaces\ClinicAdmin\IClinicManagementService.cs Interfaces\ClinicAdmin\IClinicRepository.cs Interfaces\ClinicAdmin\IDepartmentManagementService.cs Interfaces\ClinicAdmin\IDepartmentRepository.cs Interfaces\ClinicAdmin\IDoctorAssignmentHistoryService.cs Interfaces\ClinicAdmin\IDoctorAssignmentRepository.cs Interfaces\ClinicAdmin\IDoctorAssignmentService.cs Interfaces\ClinicAdmin\IDoctorCrudRepository.cs Interfaces\ClinicAdmin\IDoctorCrudService.cs Interfaces\ClinicAdmin\IDoctorDashboardRepository.cs Interfaces\ClinicAdmin\IDoctorDashboardService.cs Interfaces\ClinicAdmin\IDoctorDepartmentRepository.cs Interfaces\ClinicAdmin\IDoctorDepartmentService.cs Interfaces\ClinicAdmin\IDoctorReportingRepository.cs Interfaces\ClinicAdmin\IDoctorReportingService.cs Interfaces\ClinicAdmin\IDoctorScheduleRepository.cs Interfaces\ClinicAdmin\IDoctorScheduleService.cs Interfaces\ClinicAdmin\IDoctorServiceCategoryRepository.cs Interfaces\ClinicAdmin\IDoctorServiceCategoryService.cs Interfaces\ClinicAdmin\IEmergencyBookingService.cs Interfaces\ClinicAdmin\IScheduleOptimizationService.cs Interfaces\ClinicAdmin\IServiceCategoryRepository.cs Interfaces\ClinicAdmin\IServiceManagementService.cs Interfaces\ClinicAdmin\IServiceRepository.cs Interfaces\ClinicAdmin\ISpecializationRepository.cs Interfaces\ClinicAdmin\ISpecializationService.cs Interfaces\IAppSettings.cs Interfaces\IExternalInquiryService.cs Interfaces\INotificationChannel.cs Interfaces\INotificationHistoryService.cs Interfaces\INotificationService.cs Interfaces\INotificationTemplateService.cs Interfaces\Insurance\IInsuranceCalculationRepository.cs Interfaces\Insurance\IInsuranceCalculationService.cs Interfaces\Insurance\IInsurancePlanRepository.cs Interfaces\Insurance\IInsurancePlanService.cs Interfaces\Insurance\IInsuranceProviderRepository.cs Interfaces\Insurance\IInsuranceProviderService.cs Interfaces\Insurance\IInsuranceValidationService.cs Interfaces\Insurance\IPatientInsuranceRepository.cs Interfaces\Insurance\IPatientInsuranceService.cs Interfaces\Insurance\IPlanServiceRepository.cs Interfaces\IReceptionRepository.cs Interfaces\ISecurityTokenService.cs Interfaces\OTP\OTPSystem.cs Interfaces\Payment\Gateway\IPaymentGatewayRepository.cs Interfaces\Payment\Gateway\IPaymentGatewayService.cs Interfaces\Payment\IOnlinePaymentRepository.cs Interfaces\Payment\IPaymentService.cs Interfaces\Payment\IPaymentTransactionRepository.cs Interfaces\Payment\POS\ICashSessionRepository.cs Interfaces\Payment\POS\IPosManagementService.cs Interfaces\Payment\POS\IPosTerminalRepository.cs Interfaces\Payment\Reporting\IPaymentReportingService.cs Interfaces\Payment\Validation\IPaymentValidationService.cs Interfaces\Payment\Web\IWebPaymentService.cs Interfaces\Repositories\IDoctorRepository.cs Interfaces\Repositories\IInsuranceRepository.cs Interfaces\Repositories\IPatientRepository.cs Interfaces\Repositories\IPaymentRepository.cs Interfaces\Repositories\IServiceRepository.cs Migrations\202509090447343_CreateDatabaseClinic.cs Migrations\202509090447343_CreateDatabaseClinic.Designer.cs Migrations\202509100536185_CreateEmailOnPatient.cs Migrations\202509100536185_CreateEmailOnPatient.Designer.cs Migrations\202509100635589_EnhancePerformance.cs Migrations\202509100635589_EnhancePerformance.Designer.cs Migrations\202509100950227_Reception-01.cs Migrations\202509100950227_Reception-01.Designer.cs Migrations\202509101002438_CreateTwoTable.cs Migrations\202509101002438_CreateTwoTable.Designer.cs Migrations\202509110549236_AddNewPaymentTable.cs Migrations\202509110549236_AddNewPaymentTable.Designer.cs Models\ClinicDependencyInfo.cs Models\Core\ApplicationUser.cs Models\Core\AppRoles.cs Models\Core\AuditableEntity.cs Models\Core\ISoftDelete.cs Models\Core\ITrackable.cs Models\Core\OtpRequest.cs Models\DoctorDependencyInfo.cs Models\Entities\Appointment\Appointment.cs Models\Entities\Appointment\AppointmentSlot.cs Models\Entities\Appointment\Class1.cs Models\Entities\Clinic\Clinic.cs Models\Entities\Clinic\Department.cs Models\Entities\Clinic\Service.cs Models\Entities\Clinic\ServiceCategory.cs Models\Entities\Doctor\Doctor.cs Models\Entities\Doctor\DoctorAssignmentHistory.cs Models\Entities\Doctor\DoctorDepartment.cs Models\Entities\Doctor\DoctorSchedule.cs Models\Entities\Doctor\DoctorServiceCategory.cs Models\Entities\Doctor\DoctorSpecialization.cs Models\Entities\Doctor\DoctorTimeRange.cs Models\Entities\Doctor\DoctorTimeSlot.cs Models\Entities\Doctor\DoctorWorkDay.cs Models\Entities\Doctor\ScheduleException.cs Models\Entities\Doctor\ScheduleTemplate.cs Models\Entities\Doctor\Specialization.cs Models\Entities\Insurance\Class1.cs Models\Entities\Insurance\InsuranceCalculation.cs Models\Entities\Insurance\InsurancePlan.cs Models\Entities\Insurance\InsuranceProvider.cs Models\Entities\Insurance\InsuranceTariff.cs Models\Enums\AssignmentHistoryImportance.cs Models\Enums\BreakType.cs Models\Enums\EmergencyBookingStatus.cs Models\Enums\EmergencyConflictSeverity.cs Models\Enums\EmergencyPriority.cs Models\Enums\EmergencyType.cs Models\Enums\NotificationChannelType.cs Models\Entities\Notification\NotificationHistory.cs Models\Enums\NotificationStatus.cs Models\Entities\Notification\NotificationTemplate.cs Models\Enums\WorkLifeBalanceStatus.cs Models\Enums\WorkloadBalanceStatus.cs Models\Entities\Patient\PatientInsurance.cs Models\Entities\Insurance\PlanService.cs Models\Entities\Patient\Class1.cs Models\Entities\Patient\MedicalHistory.cs Models\Entities\Patient\Patient.cs Models\Entities\Payment\CashSession.cs Models\Entities\Payment\OnlinePayment.cs Models\Entities\Payment\PaymentGateway.cs Models\Entities\Payment\PaymentTransaction.cs Models\Entities\Payment\PosTerminal.cs Models\Entities\Receipt\Class1.cs Models\Entities\Receipt\ReceiptPrint.cs Models\Entities\Reception\Reception.cs Models\Entities\Reception\ReceptionItem.cs Models\Entities\Report\Report.cs Models\Enums\AppointmentPriority.cs Models\Enums\AppointmentSlotStatus.cs Models\Enums\AppointmentStatus.cs Models\Enums\AppointmentType.cs Models\Enums\CashSessionStatus.cs Models\Enums\Degree.cs Models\Enums\ExceptionType.cs Models\Enums\Gender.cs Models\Enums\MedicalHistoryType.cs Models\Enums\OnlinePaymentStatus.cs Models\Enums\OnlinePaymentType.cs Models\Enums\PaymentGatewayType.cs Models\Enums\PaymentMethod.cs Models\Enums\PaymentStatus.cs Models\Enums\PosProtocol.cs Models\Enums\PosProviderType.cs Models\Enums\ReceptionStatus.cs Models\Enums\ReceptionType.cs Models\Enums\ReportType.cs Models\Enums\TemplateType.cs Models\Statistics\PaymentGatewayStatistics.cs Repositories\ClinicAdmin\DoctorAssignmentHistoryRepository.cs Repositories\ClinicAdmin\DoctorCrudRepository.cs Repositories\ClinicAdmin\DoctorAssignmentRepository.cs Repositories\ClinicAdmin\DoctorDashboardRepository.cs Repositories\ClinicAdmin\DoctorDepartmentRepository.cs Repositories\ClinicAdmin\DoctorReportingRepository.cs Repositories\ClinicAdmin\DoctorScheduleRepository.cs Repositories\ClinicAdmin\DoctorServiceCategoryRepository.cs Repositories\ClinicAdmin\IDoctorAssignmentHistoryRepository.cs Repositories\ClinicAdmin\SpecializationRepository.cs Repositories\ClinicRepository.cs Repositories\DepartmentRepository.cs Repositories\Insurance\InsuranceCalculationRepository.cs Repositories\Insurance\InsurancePlanRepository.cs Repositories\Insurance\InsuranceProviderRepository.cs Repositories\Insurance\PatientInsuranceRepository.cs Repositories\Insurance\PlanServiceRepository.cs Repositories\Payment\Gateway\PaymentGatewayRepository.cs Repositories\Payment\OnlinePaymentRepository.cs Repositories\Payment\POS\CashSessionRepository.cs Repositories\Payment\POS\PosTerminalRepository.cs Repositories\ReceptionRepository.cs Repositories\ServiceCategoryRepository.cs Repositories\ServiceRepository.cs Services\AsanakSmsService.cs Services\AuthService.cs Services\BackgroundCurrentUserService.cs Services\Class1.cs Services\ClinicAdmin\AppointmentAvailabilityService.cs Services\ClinicAdmin\DoctorAssignmentHistoryService.cs Services\ClinicAdmin\DoctorAssignmentService.cs Services\ClinicAdmin\DoctorCrudService.cs Services\ClinicAdmin\DoctorDashboardService.cs Services\ClinicAdmin\DoctorDepartmentService.cs Services\ClinicAdmin\DoctorReportingService.cs Services\ClinicAdmin\DoctorScheduleService.cs Services\ClinicAdmin\DoctorServiceCategoryService.cs Services\ClinicAdmin\EmergencyBookingService.cs Services\ClinicAdmin\ScheduleOptimizationService.cs Services\ClinicAdmin\SpecializationService.cs Services\ClinicManagementService.cs Services\CurrentUserService.cs Services\DepartmentManagementService.cs Services\ExternalInquiryService.cs Services\IMessageNotificationService.cs Services\Insurance\InsuranceCalculationService.cs Services\Insurance\InsurancePlanDependencyService.cs Services\Insurance\InsurancePlanService.cs Services\Insurance\InsuranceProviderService.cs Services\Insurance\InsuranceValidationService.cs Services\Insurance\PatientInsuranceService.cs Services\MessageNotificationService.cs Services\Notification\NotificationModule.cs Services\PatientService.cs Services\Payment\Gateway\PaymentGatewayService.cs Services\Payment\PaymentService.cs Services\Payment\POS\PosManagementService.cs Services\Payment\Reporting\PaymentReportingService.cs Services\Payment\Validation\PaymentValidationService.cs Services\Payment\Web\WebPaymentService.cs Services\ReceptionService.cs Services\SecurityTokenService.cs Services\ServiceCategoryService.cs Services\ServiceManagementService.cs Services\ServiceService.cs ViewModels\DepartmentViewModels.cs ViewModels\DoctorManagementVM\AppointmentBookingViewModel.cs ViewModels\DoctorManagementVM\AssignmentHistoryViewModel.cs ViewModels\DoctorManagementVM\AssignmentPreviewViewModel.cs ViewModels\DoctorManagementVM\BlockTimeRangeViewModel.cs ViewModels\DoctorManagementVM\BulkAssignmentViewModel.cs ViewModels\DoctorManagementVM\AssignmentFilterViewModel.cs ViewModels\DoctorManagementVM\AssignmentStatsViewModel.cs ViewModels\DoctorManagementVM\DataTablesResponse.cs ViewModels\DoctorManagementVM\DoctorAssignmentDetailsViewModel.cs ViewModels\DoctorManagementVM\DoctorAssignmentEditViewModel.cs ViewModels\DoctorManagementVM\DoctorAssignmentIndexViewModel.cs ViewModels\DoctorManagementVM\DoctorAssignmentOperationViewModel.cs ViewModels\DoctorManagementVM\DoctorHistoryViewModels.cs ViewModels\DoctorManagementVM\DoctorIndexPageViewModel.cs ViewModels\DoctorManagementVM\DoctorIndexViewModel.cs ViewModels\DoctorManagementVM\ActiveDoctorsReportViewModel.cs ViewModels\DoctorManagementVM\DoctorAssignmentsViewModel.cs ViewModels\DoctorManagementVM\DoctorAssignmentsViewModelValidator.cs ViewModels\DoctorManagementVM\DoctorAssignmentOperationViewModelValidator.cs ViewModels\DoctorManagementVM\DoctorCreateEditViewModel.cs ViewModels\DoctorManagementVM\DoctorDashboardViewModel.cs ViewModels\DoctorManagementVM\DoctorDepartmentViewModel.cs ViewModels\DoctorManagementVM\DoctorDetailsViewModel.cs ViewModels\DoctorManagementVM\DoctorRemovalIndexViewModel.cs ViewModels\DoctorManagementVM\DoctorScheduleViewModel.cs ViewModels\DoctorManagementVM\DoctorSearchViewModel.cs ViewModels\DoctorManagementVM\DoctorServiceCategoryViewModel.cs ViewModels\DoctorManagementVM\EmergencyBookingViewModels.cs ViewModels\DoctorManagementVM\AppointmentAvailabilityViewModels.cs ViewModels\DoctorManagementVM\LookupItemViewModel.cs ViewModels\DoctorManagementVM\ReportingViewModels.cs ViewModels\DoctorManagementVM\ScheduleConflict.cs ViewModels\DoctorManagementVM\ScheduleOptimizationViewModels.cs ViewModels\InsuranceViewModel.cs ViewModels\Insurance\InsuranceCalculation\InsuranceCalculationDetailsViewModel.cs ViewModels\Insurance\InsuranceCalculation\InsuranceCalculationIndexPageViewModel.cs ViewModels\Insurance\InsuranceCalculation\InsuranceCalculationIndexViewModel.cs ViewModels\Insurance\InsuranceCalculation\InsuranceCalculationResultViewModel.cs ViewModels\Insurance\InsuranceCalculation\InsuranceCalculationViewModel.cs ViewModels\Insurance\InsuranceCalculation\InsuranceValidationViewModel.cs ViewModels\Insurance\InsurancePlan\InsurancePlanCreateEditViewModel.cs ViewModels\Insurance\InsurancePlan\InsurancePlanDetailsViewModel.cs ViewModels\Insurance\InsurancePlan\InsurancePlanIndexPageViewModel.cs ViewModels\Insurance\InsurancePlan\InsurancePlanIndexViewModel.cs ViewModels\Insurance\InsurancePlan\InsurancePlanLookupViewModel.cs ViewModels\Insurance\InsurancePlan\PlanServiceViewModel.cs ViewModels\Insurance\InsuranceProvider\InsuranceProviderCreateEditViewModel.cs ViewModels\Insurance\InsuranceProvider\InsuranceProviderDetailsViewModel.cs ViewModels\Insurance\InsuranceProvider\InsuranceProviderIndexViewModel.cs ViewModels\Insurance\InsuranceProvider\InsuranceProviderLookupViewModel.cs ViewModels\Insurance\PatientInsurance\PatientInsuranceCreateEditViewModel.cs ViewModels\Insurance\PatientInsurance\PatientInsuranceDetailsViewModel.cs ViewModels\Insurance\PatientInsurance\PatientInsuranceIndexItemViewModel.cs ViewModels\Insurance\PatientInsurance\PatientInsuranceIndexPageViewModel.cs ViewModels\Insurance\PatientInsurance\PatientInsuranceIndexViewModel.cs ViewModels\Insurance\PatientInsurance\PatientInsuranceLookupViewModel.cs ViewModels\Insurance\PatientInsurance\PatientInsuranceViewModel.cs ViewModels\LookupItemViewModel.cs ViewModels\Payment\Gateway\PaymentGatewayViewModels.cs ViewModels\Payment\PaymentTransactionViewModels.cs ViewModels\Payment\PaymentViewModels.cs ViewModels\Payment\POS\PosManagementViewModels.cs ViewModels\Reception\PatientInquiryViewModel.cs ViewModels\Reception\ReceptionLookupViewModels.cs ViewModels\ServiceReportViewModel.cs Areas\Receptionist\Controllers\ReceptionController.cs Areas\Receptionist\ReceptionistAreaRegistration.cs Controllers\AccountController.cs Controllers\HomeController.cs Controllers\ManageController.cs Controllers\PatientController.cs Filters\CheckProfileCompletionAttribute.cs Filters\Class1.cs Filters\ReceptionExportHelper.cs Global.asax.cs Helpers\AppHelper.cs Helpers\ApplicationVersion.cs Helpers\Class1.cs Helpers\IdentityExtensions.cs Helpers\IranianNationalCodeValidator.cs Helpers\PersianDateHelper.cs Helpers\PersianNumberHelper.cs Helpers\PhoneNumberHelper.cs Helpers\RateLimiter.cs Helpers\RegexHelper.cs Helpers\ServiceResult.cs Interfaces\Class1.cs Interfaces\IAuthService.cs Interfaces\IClinicService.cs Interfaces\ICurrentUserService.cs Interfaces\IPatientService.cs Interfaces\IReceptionService.cs Interfaces\IServiceCategoryService.cs Interfaces\IServiceService.cs Interfaces\PagedResult.cs Migrations\Configuration.cs Models\AccountViewModels.cs Models\IdentityModels.cs Models\ManageViewModels.cs Properties\AssemblyInfo.cs Properties\Settings.Designer.cs Startup.cs ViewModels\BreadcrumbItem.cs ViewModels\ClinicViewModels.cs ViewModels\OtpViewModels.cs ViewModels\PatientViewModel.cs ViewModels\ReceptionViewModel.cs ViewModels\ServiceViewModels.cs ViewModels\SpecializationManagementVM\SpecializationCreateEditViewModel.cs ViewModels\SpecializationManagementVM\SpecializationDetailsViewModel.cs ViewModels\SpecializationManagementVM\SpecializationIndexPageViewModel.cs ViewModels\SpecializationManagementVM\SpecializationIndexViewModel.cs ViewModels\SpecializationManagementVM\SpecializationSearchViewModel.cs ViewModels\Validators\Class1.cs ViewModels\Validators\ClinicCreateEditViewModelValidator.cs ViewModels\Validators\DepartmentCreateEditViewModelValidator.cs ViewModels\Validators\InsuranceCalculationViewModelValidator.cs ViewModels\Validators\InsurancePlanCreateEditViewModelValidator.cs ViewModels\Validators\PatientCreateEditViewModelValidator.cs ViewModels\Validators\PatientInsuranceCreateEditViewModelValidator.cs ViewModels\Validators\Payment\Gateway\PaymentGatewayValidators.cs ViewModels\Validators\Payment\PaymentValidators.cs ViewModels\Validators\Payment\POS\PosManagementValidators.cs ViewModels\Validators\ReceptionCreateViewModelValidator.cs ViewModels\Validators\ReceptionEditViewModelValidator.cs ViewModels\Validators\ReceptionReportViewModelValidator.cs ViewModels\Validators\ReceptionSearchViewModelValidator.cs ViewModels\Validators\ServiceCategoryCreateEditViewModelValidator.cs ViewModels\Validators\ServiceCreateEditViewModelValidator.cs "obj\Debug\.NETFramework,Version=v4.8.AssemblyAttributes.cs"
     2>C:\Users\Developer\source\repos\ClinicApp\Services\ClinicManagementService.cs(14,7): warning CS0105: The using directive for 'ClinicApp.Models' appeared previously in this namespace [C:\Users\Developer\source\repos\ClinicApp\ClinicApp.csproj]
     2>C:\Users\Developer\source\repos\ClinicApp\Services\Payment\Reporting\PaymentReportingService.cs(15,7): warning CS0105: The using directive for 'ClinicApp.Models.Enums' appeared previously in this namespace [C:\Users\Developer\source\repos\ClinicApp\ClinicApp.csproj]
     2>C:\Users\Developer\source\repos\ClinicApp\Models\Core\ApplicationUser.cs(51,19): warning CS0114: 'ApplicationUser.PhoneNumber' hides inherited member 'IdentityUser<string, IdentityUserLogin, IdentityUserRole, IdentityUserClaim>.PhoneNumber'. To make the current member override that implementation, add the override keyword. Otherwise add the new keyword. [C:\Users\Developer\source\repos\ClinicApp\ClinicApp.csproj]
     2>C:\Users\Developer\source\repos\ClinicApp\App_Start\IdentityConfig.cs(564,35): warning CS0114: 'ApplicationUserManager.GenerateChangePhoneNumberTokenAsync(string, string)' hides inherited member 'UserManager<ApplicationUser, string>.GenerateChangePhoneNumberTokenAsync(string, string)'. To make the current member override that implementation, add the override keyword. Otherwise add the new keyword. [C:\Users\Developer\source\repos\ClinicApp\ClinicApp.csproj]
     2>C:\Users\Developer\source\repos\ClinicApp\Models\Core\AuditableEntity.cs(20,18): warning CS8632: The annotation for nullable reference types should only be used in code within a '#nullable' annotations context. [C:\Users\Developer\source\repos\ClinicApp\ClinicApp.csproj]
     2>C:\Users\Developer\source\repos\ClinicApp\Models\Core\AuditableEntity.cs(21,35): warning CS8632: The annotation for nullable reference types should only be used in code within a '#nullable' annotations context. [C:\Users\Developer\source\repos\ClinicApp\ClinicApp.csproj]
     2>C:\Users\Developer\source\repos\ClinicApp\Models\Core\AuditableEntity.cs(26,18): warning CS8632: The annotation for nullable reference types should only be used in code within a '#nullable' annotations context. [C:\Users\Developer\source\repos\ClinicApp\ClinicApp.csproj]
     2>C:\Users\Developer\source\repos\ClinicApp\Models\Core\AuditableEntity.cs(27,35): warning CS8632: The annotation for nullable reference types should only be used in code within a '#nullable' annotations context. [C:\Users\Developer\source\repos\ClinicApp\ClinicApp.csproj]
     2>C:\Users\Developer\source\repos\ClinicApp\Models\Entities\Clinic\Clinic.cs(54,17): warning CS0108: 'Clinic.IsDeleted' hides inherited member 'AuditableEntity.IsDeleted'. Use the new keyword if hiding was intended. [C:\Users\Developer\source\repos\ClinicApp\ClinicApp.csproj]
     2>C:\Users\Developer\source\repos\ClinicApp\Models\Entities\Clinic\Clinic.cs(60,22): warning CS0108: 'Clinic.DeletedAt' hides inherited member 'AuditableEntity.DeletedAt'. Use the new keyword if hiding was intended. [C:\Users\Developer\source\repos\ClinicApp\ClinicApp.csproj]
     2>C:\Users\Developer\source\repos\ClinicApp\Models\Entities\Clinic\Clinic.cs(66,19): warning CS0108: 'Clinic.DeletedByUserId' hides inherited member 'AuditableEntity.DeletedByUserId'. Use the new keyword if hiding was intended. [C:\Users\Developer\source\repos\ClinicApp\ClinicApp.csproj]
     2>C:\Users\Developer\source\repos\ClinicApp\Models\Entities\Clinic\Clinic.cs(72,36): warning CS0114: 'Clinic.DeletedByUser' hides inherited member 'AuditableEntity.DeletedByUser'. To make the current member override that implementation, add the override keyword. Otherwise add the new keyword. [C:\Users\Developer\source\repos\ClinicApp\ClinicApp.csproj]
     2>C:\Users\Developer\source\repos\ClinicApp\Models\Entities\Clinic\Clinic.cs(80,21): warning CS0108: 'Clinic.CreatedAt' hides inherited member 'AuditableEntity.CreatedAt'. Use the new keyword if hiding was intended. [C:\Users\Developer\source\repos\ClinicApp\ClinicApp.csproj]
     2>C:\Users\Developer\source\repos\ClinicApp\Models\Entities\Clinic\Clinic.cs(86,19): warning CS0108: 'Clinic.CreatedByUserId' hides inherited member 'AuditableEntity.CreatedByUserId'. Use the new keyword if hiding was intended. [C:\Users\Developer\source\repos\ClinicApp\ClinicApp.csproj]
     2>C:\Users\Developer\source\repos\ClinicApp\Models\Entities\Clinic\Clinic.cs(92,36): warning CS0114: 'Clinic.CreatedByUser' hides inherited member 'AuditableEntity.CreatedByUser'. To make the current member override that implementation, add the override keyword. Otherwise add the new keyword. [C:\Users\Developer\source\repos\ClinicApp\ClinicApp.csproj]
     2>C:\Users\Developer\source\repos\ClinicApp\Models\Entities\Clinic\Clinic.cs(98,22): warning CS0108: 'Clinic.UpdatedAt' hides inherited member 'AuditableEntity.UpdatedAt'. Use the new keyword if hiding was intended. [C:\Users\Developer\source\repos\ClinicApp\ClinicApp.csproj]
     2>C:\Users\Developer\source\repos\ClinicApp\Models\Entities\Clinic\Clinic.cs(104,19): warning CS0108: 'Clinic.UpdatedByUserId' hides inherited member 'AuditableEntity.UpdatedByUserId'. Use the new keyword if hiding was intended. [C:\Users\Developer\source\repos\ClinicApp\ClinicApp.csproj]
     2>C:\Users\Developer\source\repos\ClinicApp\Models\Entities\Clinic\Clinic.cs(110,36): warning CS0114: 'Clinic.UpdatedByUser' hides inherited member 'AuditableEntity.UpdatedByUser'. To make the current member override that implementation, add the override keyword. Otherwise add the new keyword. [C:\Users\Developer\source\repos\ClinicApp\ClinicApp.csproj]
     2>C:\Users\Developer\source\repos\ClinicApp\Helpers\ServiceResult.cs(422,40): warning CS0108: 'ServiceResult<T>.FailedWithValidationErrors(string, IEnumerable<ValidationError>, string)' hides inherited member 'ServiceResult.FailedWithValidationErrors(string, IEnumerable<ValidationError>, string)'. Use the new keyword if hiding was intended. [C:\Users\Developer\source\repos\ClinicApp\ClinicApp.csproj]
     2>C:\Users\Developer\source\repos\ClinicApp\Helpers\ServiceResult.cs(490,33): warning CS0108: 'ServiceResult<T>.WithValidationError(string, string)' hides inherited member 'ServiceResult.WithValidationError(string, string)'. Use the new keyword if hiding was intended. [C:\Users\Developer\source\repos\ClinicApp\ClinicApp.csproj]
     2>C:\Users\Developer\source\repos\ClinicApp\Helpers\ServiceResult.cs(499,33): warning CS0108: 'ServiceResult<T>.WithValidationError(string, string, string)' hides inherited member 'ServiceResult.WithValidationError(string, string, string)'. Use the new keyword if hiding was intended. [C:\Users\Developer\source\repos\ClinicApp\ClinicApp.csproj]
     2>C:\Users\Developer\source\repos\ClinicApp\Helpers\ServiceResult.cs(508,33): warning CS0108: 'ServiceResult<T>.WithValidationError(string, string, string, object)' hides inherited member 'ServiceResult.WithValidationError(string, string, string, object)'. Use the new keyword if hiding was intended. [C:\Users\Developer\source\repos\ClinicApp\ClinicApp.csproj]
     2>C:\Users\Developer\source\repos\ClinicApp\Helpers\ServiceResult.cs(517,33): warning CS0108: 'ServiceResult<T>.WithValidationError(ValidationError)' hides inherited member 'ServiceResult.WithValidationError(ValidationError)'. Use the new keyword if hiding was intended. [C:\Users\Developer\source\repos\ClinicApp\ClinicApp.csproj]
     2>C:\Users\Developer\source\repos\ClinicApp\Helpers\ServiceResult.cs(526,33): warning CS0108: 'ServiceResult<T>.WithValidationErrors(IEnumerable<ValidationError>)' hides inherited member 'ServiceResult.WithValidationErrors(IEnumerable<ValidationError>)'. Use the new keyword if hiding was intended. [C:\Users\Developer\source\repos\ClinicApp\ClinicApp.csproj]
     2>C:\Users\Developer\source\repos\ClinicApp\Helpers\ServiceResult.cs(535,33): warning CS0108: 'ServiceResult<T>.WithWarning(string, string, string)' hides inherited member 'ServiceResult.WithWarning(string, string, string)'. Use the new keyword if hiding was intended. [C:\Users\Developer\source\repos\ClinicApp\ClinicApp.csproj]
     2>C:\Users\Developer\source\repos\ClinicApp\Helpers\ServiceResult.cs(545,33): warning CS0108: 'ServiceResult<T>.WithInfo(string, string, string)' hides inherited member 'ServiceResult.WithInfo(string, string, string)'. Use the new keyword if hiding was intended. [C:\Users\Developer\source\repos\ClinicApp\ClinicApp.csproj]
     2>C:\Users\Developer\source\repos\ClinicApp\Interfaces\Payment\Gateway\IPaymentGatewayService.cs(91,81): warning CS8632: The annotation for nullable reference types should only be used in code within a '#nullable' annotations context. [C:\Users\Developer\source\repos\ClinicApp\ClinicApp.csproj]
     2>C:\Users\Developer\source\repos\ClinicApp\Interfaces\Payment\Gateway\IPaymentGatewayService.cs(91,154): warning CS8632: The annotation for nullable reference types should only be used in code within a '#nullable' annotations context. [C:\Users\Developer\source\repos\ClinicApp\ClinicApp.csproj]
     2>C:\Users\Developer\source\repos\ClinicApp\Interfaces\Payment\Gateway\IPaymentGatewayService.cs(276,304): warning CS8632: The annotation for nullable reference types should only be used in code within a '#nullable' annotations context. [C:\Users\Developer\source\repos\ClinicApp\ClinicApp.csproj]
     2>C:\Users\Developer\source\repos\ClinicApp\Interfaces\Payment\Gateway\IPaymentGatewayService.cs(276,325): warning CS8632: The annotation for nullable reference types should only be used in code within a '#nullable' annotations context. [C:\Users\Developer\source\repos\ClinicApp\ClinicApp.csproj]
     2>C:\Users\Developer\source\repos\ClinicApp\Interfaces\Payment\Gateway\IPaymentGatewayService.cs(276,345): warning CS8632: The annotation for nullable reference types should only be used in code within a '#nullable' annotations context. [C:\Users\Developer\source\repos\ClinicApp\ClinicApp.csproj]
     2>C:\Users\Developer\source\repos\ClinicApp\Interfaces\Payment\Gateway\IPaymentGatewayService.cs(276,368): warning CS8632: The annotation for nullable reference types should only be used in code within a '#nullable' annotations context. [C:\Users\Developer\source\repos\ClinicApp\ClinicApp.csproj]
     2>C:\Users\Developer\source\repos\ClinicApp\Interfaces\Payment\IPaymentService.cs(251,269): warning CS8632: The annotation for nullable reference types should only be used in code within a '#nullable' annotations context. [C:\Users\Developer\source\repos\ClinicApp\ClinicApp.csproj]
     2>C:\Users\Developer\source\repos\ClinicApp\Interfaces\Payment\IPaymentService.cs(251,290): warning CS8632: The annotation for nullable reference types should only be used in code within a '#nullable' annotations context. [C:\Users\Developer\source\repos\ClinicApp\ClinicApp.csproj]
     2>C:\Users\Developer\source\repos\ClinicApp\Interfaces\Payment\IPaymentService.cs(251,310): warning CS8632: The annotation for nullable reference types should only be used in code within a '#nullable' annotations context. [C:\Users\Developer\source\repos\ClinicApp\ClinicApp.csproj]
     2>C:\Users\Developer\source\repos\ClinicApp\Interfaces\Payment\IPaymentService.cs(251,333): warning CS8632: The annotation for nullable reference types should only be used in code within a '#nullable' annotations context. [C:\Users\Developer\source\repos\ClinicApp\ClinicApp.csproj]
     2>C:\Users\Developer\source\repos\ClinicApp\Services\Payment\PaymentService.cs(635,282): warning CS8632: The annotation for nullable reference types should only be used in code within a '#nullable' annotations context. [C:\Users\Developer\source\repos\ClinicApp\ClinicApp.csproj]
     2>C:\Users\Developer\source\repos\ClinicApp\Services\Payment\PaymentService.cs(635,303): warning CS8632: The annotation for nullable reference types should only be used in code within a '#nullable' annotations context. [C:\Users\Developer\source\repos\ClinicApp\ClinicApp.csproj]
     2>C:\Users\Developer\source\repos\ClinicApp\Services\Payment\PaymentService.cs(635,323): warning CS8632: The annotation for nullable reference types should only be used in code within a '#nullable' annotations context. [C:\Users\Developer\source\repos\ClinicApp\ClinicApp.csproj]
     2>C:\Users\Developer\source\repos\ClinicApp\Services\Payment\PaymentService.cs(635,346): warning CS8632: The annotation for nullable reference types should only be used in code within a '#nullable' annotations context. [C:\Users\Developer\source\repos\ClinicApp\ClinicApp.csproj]
     2>C:\Users\Developer\source\repos\ClinicApp\Models\Entities\Payment\PaymentTransaction.cs(109,18): warning CS8632: The annotation for nullable reference types should only be used in code within a '#nullable' annotations context. [C:\Users\Developer\source\repos\ClinicApp\ClinicApp.csproj]
     2>C:\Users\Developer\source\repos\ClinicApp\Models\Entities\Payment\PaymentTransaction.cs(115,18): warning CS8632: The annotation for nullable reference types should only be used in code within a '#nullable' annotations context. [C:\Users\Developer\source\repos\ClinicApp\ClinicApp.csproj]
     2>C:\Users\Developer\source\repos\ClinicApp\Models\Entities\Payment\PaymentTransaction.cs(121,18): warning CS8632: The annotation for nullable reference types should only be used in code within a '#nullable' annotations context. [C:\Users\Developer\source\repos\ClinicApp\ClinicApp.csproj]
     2>C:\Users\Developer\source\repos\ClinicApp\Models\Entities\Payment\PaymentTransaction.cs(127,18): warning CS8632: The annotation for nullable reference types should only be used in code within a '#nullable' annotations context. [C:\Users\Developer\source\repos\ClinicApp\ClinicApp.csproj]
     2>C:\Users\Developer\source\repos\ClinicApp\App_Start\UnityConfig.cs(121,25): warning CS0618: 'InjectionFactory' is obsolete: 'InjectionFactory has been deprecated and will be removed in next release. Please use IUnityContainer.RegisterFactory(...) method instead.' [C:\Users\Developer\source\repos\ClinicApp\ClinicApp.csproj]
     2>C:\Users\Developer\source\repos\ClinicApp\App_Start\UnityConfig.cs(135,25): warning CS0618: 'InjectionFactory' is obsolete: 'InjectionFactory has been deprecated and will be removed in next release. Please use IUnityContainer.RegisterFactory(...) method instead.' [C:\Users\Developer\source\repos\ClinicApp\ClinicApp.csproj]
     2>C:\Users\Developer\source\repos\ClinicApp\App_Start\UnityConfig.cs(282,25): warning CS0618: 'InjectionFactory' is obsolete: 'InjectionFactory has been deprecated and will be removed in next release. Please use IUnityContainer.RegisterFactory(...) method instead.' [C:\Users\Developer\source\repos\ClinicApp\ClinicApp.csproj]
     2>C:\Users\Developer\source\repos\ClinicApp\Controllers\PatientController.cs(245,41): warning CS1998: This async method lacks 'await' operators and will run synchronously. Consider using the 'await' operator to await non-blocking API calls, or 'await Task.Run(...)' to do CPU-bound work on a background thread. [C:\Users\Developer\source\repos\ClinicApp\ClinicApp.csproj]
     2>C:\Users\Developer\source\repos\ClinicApp\Areas\Admin\Controllers\AppointmentAvailabilityController.cs(252,41): warning CS1998: This async method lacks 'await' operators and will run synchronously. Consider using the 'await' operator to await non-blocking API calls, or 'await Task.Run(...)' to do CPU-bound work on a background thread. [C:\Users\Developer\source\repos\ClinicApp\ClinicApp.csproj]
     2>C:\Users\Developer\source\repos\ClinicApp\App_Start\UnityConfig.cs(314,58): warning CS0618: 'InjectionFactory' is obsolete: 'InjectionFactory has been deprecated and will be removed in next release. Please use IUnityContainer.RegisterFactory(...) method instead.' [C:\Users\Developer\source\repos\ClinicApp\ClinicApp.csproj]
     2>C:\Users\Developer\source\repos\ClinicApp\Areas\Admin\Controllers\AppointmentAvailabilityController.cs(271,41): warning CS1998: This async method lacks 'await' operators and will run synchronously. Consider using the 'await' operator to await non-blocking API calls, or 'await Task.Run(...)' to do CPU-bound work on a background thread. [C:\Users\Developer\source\repos\ClinicApp\ClinicApp.csproj]
     2>C:\Users\Developer\source\repos\ClinicApp\Areas\Admin\Controllers\AppointmentAvailabilityController.cs(359,41): warning CS1998: This async method lacks 'await' operators and will run synchronously. Consider using the 'await' operator to await non-blocking API calls, or 'await Task.Run(...)' to do CPU-bound work on a background thread. [C:\Users\Developer\source\repos\ClinicApp\ClinicApp.csproj]
     2>C:\Users\Developer\source\repos\ClinicApp\Areas\Admin\Controllers\AppointmentAvailabilityController.cs(483,41): warning CS1998: This async method lacks 'await' operators and will run synchronously. Consider using the 'await' operator to await non-blocking API calls, or 'await Task.Run(...)' to do CPU-bound work on a background thread. [C:\Users\Developer\source\repos\ClinicApp\ClinicApp.csproj]
     2>C:\Users\Developer\source\repos\ClinicApp\Controllers\Payment\POS\PosManagementController.cs(653,28): warning CS1998: This async method lacks 'await' operators and will run synchronously. Consider using the 'await' operator to await non-blocking API calls, or 'await Task.Run(...)' to do CPU-bound work on a background thread. [C:\Users\Developer\source\repos\ClinicApp\ClinicApp.csproj]
     2>C:\Users\Developer\source\repos\ClinicApp\Controllers\Payment\POS\PosManagementController.cs(663,28): warning CS1998: This async method lacks 'await' operators and will run synchronously. Consider using the 'await' operator to await non-blocking API calls, or 'await Task.Run(...)' to do CPU-bound work on a background thread. [C:\Users\Developer\source\repos\ClinicApp\ClinicApp.csproj]
     2>C:\Users\Developer\source\repos\ClinicApp\Areas\Admin\Controllers\DoctorController.cs(661,28): warning CS1998: This async method lacks 'await' operators and will run synchronously. Consider using the 'await' operator to await non-blocking API calls, or 'await Task.Run(...)' to do CPU-bound work on a background thread. [C:\Users\Developer\source\repos\ClinicApp\ClinicApp.csproj]
     2>C:\Users\Developer\source\repos\ClinicApp\Areas\Admin\Controllers\DoctorDepartmentController.cs(485,39): warning CS1998: This async method lacks 'await' operators and will run synchronously. Consider using the 'await' operator to await non-blocking API calls, or 'await Task.Run(...)' to do CPU-bound work on a background thread. [C:\Users\Developer\source\repos\ClinicApp\ClinicApp.csproj]
     2>C:\Users\Developer\source\repos\ClinicApp\Controllers\Payment\Gateway\PaymentGatewayController.cs(688,28): warning CS1998: This async method lacks 'await' operators and will run synchronously. Consider using the 'await' operator to await non-blocking API calls, or 'await Task.Run(...)' to do CPU-bound work on a background thread. [C:\Users\Developer\source\repos\ClinicApp\ClinicApp.csproj]
     2>C:\Users\Developer\source\repos\ClinicApp\Controllers\Payment\Gateway\PaymentGatewayController.cs(697,28): warning CS1998: This async method lacks 'await' operators and will run synchronously. Consider using the 'await' operator to await non-blocking API calls, or 'await Task.Run(...)' to do CPU-bound work on a background thread. [C:\Users\Developer\source\repos\ClinicApp\ClinicApp.csproj]
     2>C:\Users\Developer\source\repos\ClinicApp\Areas\Admin\Controllers\DoctorScheduleController.cs(249,41): warning CS1998: This async method lacks 'await' operators and will run synchronously. Consider using the 'await' operator to await non-blocking API calls, or 'await Task.Run(...)' to do CPU-bound work on a background thread. [C:\Users\Developer\source\repos\ClinicApp\ClinicApp.csproj]
     2>C:\Users\Developer\source\repos\ClinicApp\Controllers\Payment\PaymentController.cs(498,28): warning CS1998: This async method lacks 'await' operators and will run synchronously. Consider using the 'await' operator to await non-blocking API calls, or 'await Task.Run(...)' to do CPU-bound work on a background thread. [C:\Users\Developer\source\repos\ClinicApp\ClinicApp.csproj]
     2>C:\Users\Developer\source\repos\ClinicApp\Controllers\Payment\PaymentController.cs(510,28): warning CS1998: This async method lacks 'await' operators and will run synchronously. Consider using the 'await' operator to await non-blocking API calls, or 'await Task.Run(...)' to do CPU-bound work on a background thread. [C:\Users\Developer\source\repos\ClinicApp\ClinicApp.csproj]
     2>C:\Users\Developer\source\repos\ClinicApp\Areas\Admin\Controllers\DoctorReportingController.cs(458,52): warning CS1998: This async method lacks 'await' operators and will run synchronously. Consider using the 'await' operator to await non-blocking API calls, or 'await Task.Run(...)' to do CPU-bound work on a background thread. [C:\Users\Developer\source\repos\ClinicApp\ClinicApp.csproj]
     2>C:\Users\Developer\source\repos\ClinicApp\Areas\Admin\Controllers\DoctorReportingController.cs(485,58): warning CS1998: This async method lacks 'await' operators and will run synchronously. Consider using the 'await' operator to await non-blocking API calls, or 'await Task.Run(...)' to do CPU-bound work on a background thread. [C:\Users\Developer\source\repos\ClinicApp\ClinicApp.csproj]
     2>C:\Users\Developer\source\repos\ClinicApp\Areas\Admin\Controllers\DoctorReportingController.cs(503,50): warning CS1998: This async method lacks 'await' operators and will run synchronously. Consider using the 'await' operator to await non-blocking API calls, or 'await Task.Run(...)' to do CPU-bound work on a background thread. [C:\Users\Developer\source\repos\ClinicApp\ClinicApp.csproj]
     2>C:\Users\Developer\source\repos\ClinicApp\Areas\Admin\Controllers\EmergencyBookingController.cs(147,41): warning CS1998: This async method lacks 'await' operators and will run synchronously. Consider using the 'await' operator to await non-blocking API calls, or 'await Task.Run(...)' to do CPU-bound work on a background thread. [C:\Users\Developer\source\repos\ClinicApp\ClinicApp.csproj]
     2>C:\Users\Developer\source\repos\ClinicApp\Areas\Admin\Controllers\EmergencyBookingController.cs(169,41): warning CS1998: This async method lacks 'await' operators and will run synchronously. Consider using the 'await' operator to await non-blocking API calls, or 'await Task.Run(...)' to do CPU-bound work on a background thread. [C:\Users\Developer\source\repos\ClinicApp\ClinicApp.csproj]
     2>C:\Users\Developer\source\repos\ClinicApp\Areas\Admin\Controllers\EmergencyBookingController.cs(197,41): warning CS1998: This async method lacks 'await' operators and will run synchronously. Consider using the 'await' operator to await non-blocking API calls, or 'await Task.Run(...)' to do CPU-bound work on a background thread. [C:\Users\Developer\source\repos\ClinicApp\ClinicApp.csproj]
     2>C:\Users\Developer\source\repos\ClinicApp\Areas\Admin\Controllers\EmergencyBookingController.cs(222,41): warning CS1998: This async method lacks 'await' operators and will run synchronously. Consider using the 'await' operator to await non-blocking API calls, or 'await Task.Run(...)' to do CPU-bound work on a background thread. [C:\Users\Developer\source\repos\ClinicApp\ClinicApp.csproj]
     2>C:\Users\Developer\source\repos\ClinicApp\Areas\Admin\Controllers\EmergencyBookingController.cs(248,41): warning CS1998: This async method lacks 'await' operators and will run synchronously. Consider using the 'await' operator to await non-blocking API calls, or 'await Task.Run(...)' to do CPU-bound work on a background thread. [C:\Users\Developer\source\repos\ClinicApp\ClinicApp.csproj]
     2>C:\Users\Developer\source\repos\ClinicApp\Areas\Admin\Controllers\ScheduleOptimizationController.cs(321,41): warning CS1998: This async method lacks 'await' operators and will run synchronously. Consider using the 'await' operator to await non-blocking API calls, or 'await Task.Run(...)' to do CPU-bound work on a background thread. [C:\Users\Developer\source\repos\ClinicApp\ClinicApp.csproj]
     2>C:\Users\Developer\source\repos\ClinicApp\Areas\Admin\Controllers\EmergencyBookingController.cs(301,28): warning CS1998: This async method lacks 'await' operators and will run synchronously. Consider using the 'await' operator to await non-blocking API calls, or 'await Task.Run(...)' to do CPU-bound work on a background thread. [C:\Users\Developer\source\repos\ClinicApp\ClinicApp.csproj]
     2>C:\Users\Developer\source\repos\ClinicApp\Areas\Admin\Controllers\ScheduleOptimizationController.cs(340,41): warning CS1998: This async method lacks 'await' operators and will run synchronously. Consider using the 'await' operator to await non-blocking API calls, or 'await Task.Run(...)' to do CPU-bound work on a background thread. [C:\Users\Developer\source\repos\ClinicApp\ClinicApp.csproj]
     2>C:\Users\Developer\source\repos\ClinicApp\Areas\Admin\Controllers\ScheduleOptimizationController.cs(359,41): warning CS1998: This async method lacks 'await' operators and will run synchronously. Consider using the 'await' operator to await non-blocking API calls, or 'await Task.Run(...)' to do CPU-bound work on a background thread. [C:\Users\Developer\source\repos\ClinicApp\ClinicApp.csproj]
     2>C:\Users\Developer\source\repos\ClinicApp\Extensions\ApplicationUserManagerExtensions.cs(40,26): warning CS0168: The variable 'ex' is declared but never used [C:\Users\Developer\source\repos\ClinicApp\ClinicApp.csproj]
     2>C:\Users\Developer\source\repos\ClinicApp\Areas\Admin\Controllers\DoctorServiceCategoryController.cs(772,39): warning CS1998: This async method lacks 'await' operators and will run synchronously. Consider using the 'await' operator to await non-blocking API calls, or 'await Task.Run(...)' to do CPU-bound work on a background thread. [C:\Users\Developer\source\repos\ClinicApp\ClinicApp.csproj]
     2>C:\Users\Developer\source\repos\ClinicApp\Filters\PersianDateAttribute.cs(122,30): warning CS0168: The variable 'ex' is declared but never used [C:\Users\Developer\source\repos\ClinicApp\ClinicApp.csproj]
     2>C:\Users\Developer\source\repos\ClinicApp\Areas\Admin\Controllers\DoctorAssignmentController.cs(845,39): warning CS1998: This async method lacks 'await' operators and will run synchronously. Consider using the 'await' operator to await non-blocking API calls, or 'await Task.Run(...)' to do CPU-bound work on a background thread. [C:\Users\Developer\source\repos\ClinicApp\ClinicApp.csproj]
     2>C:\Users\Developer\source\repos\ClinicApp\Areas\Admin\Controllers\Insurance\InsuranceCalculationController.cs(369,39): warning CS1998: This async method lacks 'await' operators and will run synchronously. Consider using the 'await' operator to await non-blocking API calls, or 'await Task.Run(...)' to do CPU-bound work on a background thread. [C:\Users\Developer\source\repos\ClinicApp\ClinicApp.csproj]
     2>C:\Users\Developer\source\repos\ClinicApp\Areas\Admin\Controllers\Insurance\InsuranceCalculationController.cs(405,39): warning CS1998: This async method lacks 'await' operators and will run synchronously. Consider using the 'await' operator to await non-blocking API calls, or 'await Task.Run(...)' to do CPU-bound work on a background thread. [C:\Users\Developer\source\repos\ClinicApp\ClinicApp.csproj]
     2>C:\Users\Developer\source\repos\ClinicApp\Areas\Admin\Controllers\Insurance\InsuranceCalculationController.cs(858,28): warning CS1998: This async method lacks 'await' operators and will run synchronously. Consider using the 'await' operator to await non-blocking API calls, or 'await Task.Run(...)' to do CPU-bound work on a background thread. [C:\Users\Developer\source\repos\ClinicApp\ClinicApp.csproj]
     2>C:\Users\Developer\source\repos\ClinicApp\Areas\Admin\Controllers\Insurance\InsuranceCalculationController.cs(896,28): warning CS1998: This async method lacks 'await' operators and will run synchronously. Consider using the 'await' operator to await non-blocking API calls, or 'await Task.Run(...)' to do CPU-bound work on a background thread. [C:\Users\Developer\source\repos\ClinicApp\ClinicApp.csproj]
     2>C:\Users\Developer\source\repos\ClinicApp\Services\ServiceService.cs(203,34): warning CS0168: The variable 'ex' is declared but never used [C:\Users\Developer\source\repos\ClinicApp\ClinicApp.csproj]
     2>C:\Users\Developer\source\repos\ClinicApp\Services\ServiceService.cs(398,34): warning CS0168: The variable 'ex' is declared but never used [C:\Users\Developer\source\repos\ClinicApp\ClinicApp.csproj]
     2>C:\Users\Developer\source\repos\ClinicApp\Services\ServiceService.cs(497,34): warning CS0168: The variable 'ex' is declared but never used [C:\Users\Developer\source\repos\ClinicApp\ClinicApp.csproj]
     2>C:\Users\Developer\source\repos\ClinicApp\Services\AsanakSmsService.cs(171,17): warning CS0618: 'RestClientOptions.MaxTimeout' is obsolete: 'Use Timeout instead.' [C:\Users\Developer\source\repos\ClinicApp\ClinicApp.csproj]
     2>C:\Users\Developer\source\repos\ClinicApp\Repositories\ClinicAdmin\SpecializationRepository.cs(318,30): warning CS0168: The variable 'ex' is declared but never used [C:\Users\Developer\source\repos\ClinicApp\ClinicApp.csproj]
     2>C:\Users\Developer\source\repos\ClinicApp\Services\ServiceCategoryService.cs(313,34): warning CS0168: The variable 'ex' is declared but never used [C:\Users\Developer\source\repos\ClinicApp\ClinicApp.csproj]
     2>C:\Users\Developer\source\repos\ClinicApp\Repositories\ClinicAdmin\DoctorAssignmentRepository.cs(112,21): warning CS0219: The variable 'hasActiveReceptions' is assigned but its value is never used [C:\Users\Developer\source\repos\ClinicApp\ClinicApp.csproj]
     2>C:\Users\Developer\source\repos\ClinicApp\Repositories\ClinicAdmin\DoctorDashboardRepository.cs(437,56): warning CS1998: This async method lacks 'await' operators and will run synchronously. Consider using the 'await' operator to await non-blocking API calls, or 'await Task.Run(...)' to do CPU-bound work on a background thread. [C:\Users\Developer\source\repos\ClinicApp\ClinicApp.csproj]
     2>C:\Users\Developer\source\repos\ClinicApp\Repositories\ClinicAdmin\DoctorReportingRepository.cs(184,30): warning CS0168: The variable 'ex' is declared but never used [C:\Users\Developer\source\repos\ClinicApp\ClinicApp.csproj]
     2>C:\Users\Developer\source\repos\ClinicApp\Services\ClinicManagementService.cs(275,42): warning CS1998: This async method lacks 'await' operators and will run synchronously. Consider using the 'await' operator to await non-blocking API calls, or 'await Task.Run(...)' to do CPU-bound work on a background thread. [C:\Users\Developer\source\repos\ClinicApp\ClinicApp.csproj]
     2>C:\Users\Developer\source\repos\ClinicApp\Services\ReceptionService.cs(878,80): warning CS1998: This async method lacks 'await' operators and will run synchronously. Consider using the 'await' operator to await non-blocking API calls, or 'await Task.Run(...)' to do CPU-bound work on a background thread. [C:\Users\Developer\source\repos\ClinicApp\ClinicApp.csproj]
     2>C:\Users\Developer\source\repos\ClinicApp\Services\ClinicAdmin\ScheduleOptimizationService.cs(259,63): warning CS1998: This async method lacks 'await' operators and will run synchronously. Consider using the 'await' operator to await non-blocking API calls, or 'await Task.Run(...)' to do CPU-bound work on a background thread. [C:\Users\Developer\source\repos\ClinicApp\ClinicApp.csproj]
     2>C:\Users\Developer\source\repos\ClinicApp\Services\ClinicAdmin\ScheduleOptimizationService.cs(291,48): warning CS1998: This async method lacks 'await' operators and will run synchronously. Consider using the 'await' operator to await non-blocking API calls, or 'await Task.Run(...)' to do CPU-bound work on a background thread. [C:\Users\Developer\source\repos\ClinicApp\ClinicApp.csproj]
     2>C:\Users\Developer\source\repos\ClinicApp\Services\ReceptionService.cs(918,90): warning CS1998: This async method lacks 'await' operators and will run synchronously. Consider using the 'await' operator to await non-blocking API calls, or 'await Task.Run(...)' to do CPU-bound work on a background thread. [C:\Users\Developer\source\repos\ClinicApp\ClinicApp.csproj]
     2>C:\Users\Developer\source\repos\ClinicApp\Services\ClinicAdmin\ScheduleOptimizationService.cs(312,69): warning CS1998: This async method lacks 'await' operators and will run synchronously. Consider using the 'await' operator to await non-blocking API calls, or 'await Task.Run(...)' to do CPU-bound work on a background thread. [C:\Users\Developer\source\repos\ClinicApp\ClinicApp.csproj]
     2>C:\Users\Developer\source\repos\ClinicApp\Services\ClinicAdmin\ScheduleOptimizationService.cs(340,67): warning CS1998: This async method lacks 'await' operators and will run synchronously. Consider using the 'await' operator to await non-blocking API calls, or 'await Task.Run(...)' to do CPU-bound work on a background thread. [C:\Users\Developer\source\repos\ClinicApp\ClinicApp.csproj]
     2>C:\Users\Developer\source\repos\ClinicApp\Services\ClinicAdmin\ScheduleOptimizationService.cs(372,48): warning CS1998: This async method lacks 'await' operators and will run synchronously. Consider using the 'await' operator to await non-blocking API calls, or 'await Task.Run(...)' to do CPU-bound work on a background thread. [C:\Users\Developer\source\repos\ClinicApp\ClinicApp.csproj]
     2>C:\Users\Developer\source\repos\ClinicApp\Services\ClinicAdmin\ScheduleOptimizationService.cs(392,65): warning CS1998: This async method lacks 'await' operators and will run synchronously. Consider using the 'await' operator to await non-blocking API calls, or 'await Task.Run(...)' to do CPU-bound work on a background thread. [C:\Users\Developer\source\repos\ClinicApp\ClinicApp.csproj]
     2>C:\Users\Developer\source\repos\ClinicApp\Services\ReceptionService.cs(957,77): warning CS1998: This async method lacks 'await' operators and will run synchronously. Consider using the 'await' operator to await non-blocking API calls, or 'await Task.Run(...)' to do CPU-bound work on a background thread. [C:\Users\Developer\source\repos\ClinicApp\ClinicApp.csproj]
     2>C:\Users\Developer\source\repos\ClinicApp\Services\ClinicAdmin\ScheduleOptimizationService.cs(421,66): warning CS1998: This async method lacks 'await' operators and will run synchronously. Consider using the 'await' operator to await non-blocking API calls, or 'await Task.Run(...)' to do CPU-bound work on a background thread. [C:\Users\Developer\source\repos\ClinicApp\ClinicApp.csproj]
     2>C:\Users\Developer\source\repos\ClinicApp\Services\ReceptionService.cs(1027,67): warning CS1998: This async method lacks 'await' operators and will run synchronously. Consider using the 'await' operator to await non-blocking API calls, or 'await Task.Run(...)' to do CPU-bound work on a background thread. [C:\Users\Developer\source\repos\ClinicApp\ClinicApp.csproj]
     2>C:\Users\Developer\source\repos\ClinicApp\Services\ClinicAdmin\ScheduleOptimizationService.cs(452,53): warning CS1998: This async method lacks 'await' operators and will run synchronously. Consider using the 'await' operator to await non-blocking API calls, or 'await Task.Run(...)' to do CPU-bound work on a background thread. [C:\Users\Developer\source\repos\ClinicApp\ClinicApp.csproj]
     2>C:\Users\Developer\source\repos\ClinicApp\Services\ReceptionService.cs(1071,72): warning CS1998: This async method lacks 'await' operators and will run synchronously. Consider using the 'await' operator to await non-blocking API calls, or 'await Task.Run(...)' to do CPU-bound work on a background thread. [C:\Users\Developer\source\repos\ClinicApp\ClinicApp.csproj]
     2>C:\Users\Developer\source\repos\ClinicApp\Services\ReceptionService.cs(1138,72): warning CS1998: This async method lacks 'await' operators and will run synchronously. Consider using the 'await' operator to await non-blocking API calls, or 'await Task.Run(...)' to do CPU-bound work on a background thread. [C:\Users\Developer\source\repos\ClinicApp\ClinicApp.csproj]
     2>C:\Users\Developer\source\repos\ClinicApp\Services\ClinicAdmin\AppointmentAvailabilityService.cs(225,48): warning CS1998: This async method lacks 'await' operators and will run synchronously. Consider using the 'await' operator to await non-blocking API calls, or 'await Task.Run(...)' to do CPU-bound work on a background thread. [C:\Users\Developer\source\repos\ClinicApp\ClinicApp.csproj]
     2>C:\Users\Developer\source\repos\ClinicApp\Services\CurrentUserService.cs(356,33): warning CS1998: This async method lacks 'await' operators and will run synchronously. Consider using the 'await' operator to await non-blocking API calls, or 'await Task.Run(...)' to do CPU-bound work on a background thread. [C:\Users\Developer\source\repos\ClinicApp\ClinicApp.csproj]
     2>C:\Users\Developer\source\repos\ClinicApp\Services\CurrentUserService.cs(401,35): warning CS1998: This async method lacks 'await' operators and will run synchronously. Consider using the 'await' operator to await non-blocking API calls, or 'await Task.Run(...)' to do CPU-bound work on a background thread. [C:\Users\Developer\source\repos\ClinicApp\ClinicApp.csproj]
     2>C:\Users\Developer\source\repos\ClinicApp\Services\ClinicAdmin\AppointmentAvailabilityService.cs(245,48): warning CS1998: This async method lacks 'await' operators and will run synchronously. Consider using the 'await' operator to await non-blocking API calls, or 'await Task.Run(...)' to do CPU-bound work on a background thread. [C:\Users\Developer\source\repos\ClinicApp\ClinicApp.csproj]
     2>C:\Users\Developer\source\repos\ClinicApp\Services\DepartmentManagementService.cs(208,42): warning CS1998: This async method lacks 'await' operators and will run synchronously. Consider using the 'await' operator to await non-blocking API calls, or 'await Task.Run(...)' to do CPU-bound work on a background thread. [C:\Users\Developer\source\repos\ClinicApp\ClinicApp.csproj]
     2>C:\Users\Developer\source\repos\ClinicApp\Services\ClinicAdmin\AppointmentAvailabilityService.cs(266,48): warning CS1998: This async method lacks 'await' operators and will run synchronously. Consider using the 'await' operator to await non-blocking API calls, or 'await Task.Run(...)' to do CPU-bound work on a background thread. [C:\Users\Developer\source\repos\ClinicApp\ClinicApp.csproj]
     2>C:\Users\Developer\source\repos\ClinicApp\Services\CurrentUserService.cs(451,45): warning CS1998: This async method lacks 'await' operators and will run synchronously. Consider using the 'await' operator to await non-blocking API calls, or 'await Task.Run(...)' to do CPU-bound work on a background thread. [C:\Users\Developer\source\repos\ClinicApp\ClinicApp.csproj]
     2>C:\Users\Developer\source\repos\ClinicApp\Services\CurrentUserService.cs(487,50): warning CS1998: This async method lacks 'await' operators and will run synchronously. Consider using the 'await' operator to await non-blocking API calls, or 'await Task.Run(...)' to do CPU-bound work on a background thread. [C:\Users\Developer\source\repos\ClinicApp\ClinicApp.csproj]
     2>C:\Users\Developer\source\repos\ClinicApp\Services\CurrentUserService.cs(524,33): warning CS1998: This async method lacks 'await' operators and will run synchronously. Consider using the 'await' operator to await non-blocking API calls, or 'await Task.Run(...)' to do CPU-bound work on a background thread. [C:\Users\Developer\source\repos\ClinicApp\ClinicApp.csproj]
     2>C:\Users\Developer\source\repos\ClinicApp\Services\CurrentUserService.cs(548,33): warning CS1998: This async method lacks 'await' operators and will run synchronously. Consider using the 'await' operator to await non-blocking API calls, or 'await Task.Run(...)' to do CPU-bound work on a background thread. [C:\Users\Developer\source\repos\ClinicApp\ClinicApp.csproj]
     2>C:\Users\Developer\source\repos\ClinicApp\Services\CurrentUserService.cs(572,35): warning CS1998: This async method lacks 'await' operators and will run synchronously. Consider using the 'await' operator to await non-blocking API calls, or 'await Task.Run(...)' to do CPU-bound work on a background thread. [C:\Users\Developer\source\repos\ClinicApp\ClinicApp.csproj]
     2>C:\Users\Developer\source\repos\ClinicApp\Services\Insurance\PatientInsuranceService.cs(50,87): warning CS1998: This async method lacks 'await' operators and will run synchronously. Consider using the 'await' operator to await non-blocking API calls, or 'await Task.Run(...)' to do CPU-bound work on a background thread. [C:\Users\Developer\source\repos\ClinicApp\ClinicApp.csproj]
     2>C:\Users\Developer\source\repos\ClinicApp\Services\Insurance\PatientInsuranceService.cs(75,76): warning CS1998: This async method lacks 'await' operators and will run synchronously. Consider using the 'await' operator to await non-blocking API calls, or 'await Task.Run(...)' to do CPU-bound work on a background thread. [C:\Users\Developer\source\repos\ClinicApp\ClinicApp.csproj]
     2>C:\Users\Developer\source\repos\ClinicApp\Services\Insurance\PatientInsuranceService.cs(96,79): warning CS1998: This async method lacks 'await' operators and will run synchronously. Consider using the 'await' operator to await non-blocking API calls, or 'await Task.Run(...)' to do CPU-bound work on a background thread. [C:\Users\Developer\source\repos\ClinicApp\ClinicApp.csproj]
     2>C:\Users\Developer\source\repos\ClinicApp\Services\Insurance\PatientInsuranceService.cs(117,47): warning CS1998: This async method lacks 'await' operators and will run synchronously. Consider using the 'await' operator to await non-blocking API calls, or 'await Task.Run(...)' to do CPU-bound work on a background thread. [C:\Users\Developer\source\repos\ClinicApp\ClinicApp.csproj]
     2>C:\Users\Developer\source\repos\ClinicApp\Services\Insurance\PatientInsuranceService.cs(133,42): warning CS1998: This async method lacks 'await' operators and will run synchronously. Consider using the 'await' operator to await non-blocking API calls, or 'await Task.Run(...)' to do CPU-bound work on a background thread. [C:\Users\Developer\source\repos\ClinicApp\ClinicApp.csproj]
     2>C:\Users\Developer\source\repos\ClinicApp\Services\Insurance\PatientInsuranceService.cs(149,42): warning CS1998: This async method lacks 'await' operators and will run synchronously. Consider using the 'await' operator to await non-blocking API calls, or 'await Task.Run(...)' to do CPU-bound work on a background thread. [C:\Users\Developer\source\repos\ClinicApp\ClinicApp.csproj]
     2>C:\Users\Developer\source\repos\ClinicApp\Services\Insurance\PatientInsuranceService.cs(165,81): warning CS1998: This async method lacks 'await' operators and will run synchronously. Consider using the 'await' operator to await non-blocking API calls, or 'await Task.Run(...)' to do CPU-bound work on a background thread. [C:\Users\Developer\source\repos\ClinicApp\ClinicApp.csproj]
     2>C:\Users\Developer\source\repos\ClinicApp\Services\Insurance\PatientInsuranceService.cs(182,48): warning CS1998: This async method lacks 'await' operators and will run synchronously. Consider using the 'await' operator to await non-blocking API calls, or 'await Task.Run(...)' to do CPU-bound work on a background thread. [C:\Users\Developer\source\repos\ClinicApp\ClinicApp.csproj]
     2>C:\Users\Developer\source\repos\ClinicApp\Services\ClinicAdmin\EmergencyBookingService.cs(189,48): warning CS1998: This async method lacks 'await' operators and will run synchronously. Consider using the 'await' operator to await non-blocking API calls, or 'await Task.Run(...)' to do CPU-bound work on a background thread. [C:\Users\Developer\source\repos\ClinicApp\ClinicApp.csproj]
     2>C:\Users\Developer\source\repos\ClinicApp\Services\Insurance\PatientInsuranceService.cs(198,48): warning CS1998: This async method lacks 'await' operators and will run synchronously. Consider using the 'await' operator to await non-blocking API calls, or 'await Task.Run(...)' to do CPU-bound work on a background thread. [C:\Users\Developer\source\repos\ClinicApp\ClinicApp.csproj]
     2>C:\Users\Developer\source\repos\ClinicApp\Services\Insurance\PatientInsuranceService.cs(214,48): warning CS1998: This async method lacks 'await' operators and will run synchronously. Consider using the 'await' operator to await non-blocking API calls, or 'await Task.Run(...)' to do CPU-bound work on a background thread. [C:\Users\Developer\source\repos\ClinicApp\ClinicApp.csproj]
     2>C:\Users\Developer\source\repos\ClinicApp\Services\ReceptionService.cs(1194,73): warning CS1998: This async method lacks 'await' operators and will run synchronously. Consider using the 'await' operator to await non-blocking API calls, or 'await Task.Run(...)' to do CPU-bound work on a background thread. [C:\Users\Developer\source\repos\ClinicApp\ClinicApp.csproj]
     2>C:\Users\Developer\source\repos\ClinicApp\Services\Insurance\PatientInsuranceService.cs(231,80): warning CS1998: This async method lacks 'await' operators and will run synchronously. Consider using the 'await' operator to await non-blocking API calls, or 'await Task.Run(...)' to do CPU-bound work on a background thread. [C:\Users\Developer\source\repos\ClinicApp\ClinicApp.csproj]
     2>C:\Users\Developer\source\repos\ClinicApp\Services\ClinicAdmin\DoctorAssignmentHistoryService.cs(446,48): warning CS1998: This async method lacks 'await' operators and will run synchronously. Consider using the 'await' operator to await non-blocking API calls, or 'await Task.Run(...)' to do CPU-bound work on a background thread. [C:\Users\Developer\source\repos\ClinicApp\ClinicApp.csproj]
     2>C:\Users\Developer\source\repos\ClinicApp\Services\ClinicAdmin\EmergencyBookingService.cs(264,70): warning CS1998: This async method lacks 'await' operators and will run synchronously. Consider using the 'await' operator to await non-blocking API calls, or 'await Task.Run(...)' to do CPU-bound work on a background thread. [C:\Users\Developer\source\repos\ClinicApp\ClinicApp.csproj]
     2>C:\Users\Developer\source\repos\ClinicApp\Services\Insurance\PatientInsuranceService.cs(248,76): warning CS1998: This async method lacks 'await' operators and will run synchronously. Consider using the 'await' operator to await non-blocking API calls, or 'await Task.Run(...)' to do CPU-bound work on a background thread. [C:\Users\Developer\source\repos\ClinicApp\ClinicApp.csproj]
     2>C:\Users\Developer\source\repos\ClinicApp\Services\ClinicAdmin\EmergencyBookingService.cs(303,67): warning CS1998: This async method lacks 'await' operators and will run synchronously. Consider using the 'await' operator to await non-blocking API calls, or 'await Task.Run(...)' to do CPU-bound work on a background thread. [C:\Users\Developer\source\repos\ClinicApp\ClinicApp.csproj]
     2>C:\Users\Developer\source\repos\ClinicApp\Services\Insurance\PatientInsuranceService.cs(269,80): warning CS1998: This async method lacks 'await' operators and will run synchronously. Consider using the 'await' operator to await non-blocking API calls, or 'await Task.Run(...)' to do CPU-bound work on a background thread. [C:\Users\Developer\source\repos\ClinicApp\ClinicApp.csproj]
     2>C:\Users\Developer\source\repos\ClinicApp\Services\ReceptionService.cs(1317,77): warning CS1998: This async method lacks 'await' operators and will run synchronously. Consider using the 'await' operator to await non-blocking API calls, or 'await Task.Run(...)' to do CPU-bound work on a background thread. [C:\Users\Developer\source\repos\ClinicApp\ClinicApp.csproj]
     2>C:\Users\Developer\source\repos\ClinicApp\Services\ClinicAdmin\EmergencyBookingService.cs(329,48): warning CS1998: This async method lacks 'await' operators and will run synchronously. Consider using the 'await' operator to await non-blocking API calls, or 'await Task.Run(...)' to do CPU-bound work on a background thread. [C:\Users\Developer\source\repos\ClinicApp\ClinicApp.csproj]
     2>C:\Users\Developer\source\repos\ClinicApp\Services\ClinicAdmin\EmergencyBookingService.cs(358,48): warning CS1998: This async method lacks 'await' operators and will run synchronously. Consider using the 'await' operator to await non-blocking API calls, or 'await Task.Run(...)' to do CPU-bound work on a background thread. [C:\Users\Developer\source\repos\ClinicApp\ClinicApp.csproj]
     2>C:\Users\Developer\source\repos\ClinicApp\Services\ClinicAdmin\EmergencyBookingService.cs(387,67): warning CS1998: This async method lacks 'await' operators and will run synchronously. Consider using the 'await' operator to await non-blocking API calls, or 'await Task.Run(...)' to do CPU-bound work on a background thread. [C:\Users\Developer\source\repos\ClinicApp\ClinicApp.csproj]
     2>C:\Users\Developer\source\repos\ClinicApp\Services\ClinicAdmin\DoctorAssignmentHistoryService.cs(599,50): warning CS1998: This async method lacks 'await' operators and will run synchronously. Consider using the 'await' operator to await non-blocking API calls, or 'await Task.Run(...)' to do CPU-bound work on a background thread. [C:\Users\Developer\source\repos\ClinicApp\ClinicApp.csproj]
     2>C:\Users\Developer\source\repos\ClinicApp\Services\ClinicAdmin\EmergencyBookingService.cs(411,48): warning CS1998: This async method lacks 'await' operators and will run synchronously. Consider using the 'await' operator to await non-blocking API calls, or 'await Task.Run(...)' to do CPU-bound work on a background thread. [C:\Users\Developer\source\repos\ClinicApp\ClinicApp.csproj]
     2>C:\Users\Developer\source\repos\ClinicApp\Services\ClinicAdmin\DoctorAssignmentHistoryService.cs(618,50): warning CS1998: This async method lacks 'await' operators and will run synchronously. Consider using the 'await' operator to await non-blocking API calls, or 'await Task.Run(...)' to do CPU-bound work on a background thread. [C:\Users\Developer\source\repos\ClinicApp\ClinicApp.csproj]
     2>C:\Users\Developer\source\repos\ClinicApp\Services\ReceptionService.cs(1356,73): warning CS1998: This async method lacks 'await' operators and will run synchronously. Consider using the 'await' operator to await non-blocking API calls, or 'await Task.Run(...)' to do CPU-bound work on a background thread. [C:\Users\Developer\source\repos\ClinicApp\ClinicApp.csproj]
     2>C:\Users\Developer\source\repos\ClinicApp\Services\ClinicAdmin\EmergencyBookingService.cs(441,59): warning CS1998: This async method lacks 'await' operators and will run synchronously. Consider using the 'await' operator to await non-blocking API calls, or 'await Task.Run(...)' to do CPU-bound work on a background thread. [C:\Users\Developer\source\repos\ClinicApp\ClinicApp.csproj]
     2>C:\Users\Developer\source\repos\ClinicApp\Services\Insurance\PatientInsuranceService.cs(360,48): warning CS1998: This async method lacks 'await' operators and will run synchronously. Consider using the 'await' operator to await non-blocking API calls, or 'await Task.Run(...)' to do CPU-bound work on a background thread. [C:\Users\Developer\source\repos\ClinicApp\ClinicApp.csproj]
     2>C:\Users\Developer\source\repos\ClinicApp\Services\Payment\Web\WebPaymentService.cs(267,43): warning CS1998: This async method lacks 'await' operators and will run synchronously. Consider using the 'await' operator to await non-blocking API calls, or 'await Task.Run(...)' to do CPU-bound work on a background thread. [C:\Users\Developer\source\repos\ClinicApp\ClinicApp.csproj]
     2>C:\Users\Developer\source\repos\ClinicApp\Services\Payment\Web\WebPaymentService.cs(296,67): warning CS1998: This async method lacks 'await' operators and will run synchronously. Consider using the 'await' operator to await non-blocking API calls, or 'await Task.Run(...)' to do CPU-bound work on a background thread. [C:\Users\Developer\source\repos\ClinicApp\ClinicApp.csproj]
     2>C:\Users\Developer\source\repos\ClinicApp\Services\Payment\Web\WebPaymentService.cs(316,66): warning CS1998: This async method lacks 'await' operators and will run synchronously. Consider using the 'await' operator to await non-blocking API calls, or 'await Task.Run(...)' to do CPU-bound work on a background thread. [C:\Users\Developer\source\repos\ClinicApp\ClinicApp.csproj]
     2>C:\Users\Developer\source\repos\ClinicApp\Services\Payment\Web\WebPaymentService.cs(352,64): warning CS1998: This async method lacks 'await' operators and will run synchronously. Consider using the 'await' operator to await non-blocking API calls, or 'await Task.Run(...)' to do CPU-bound work on a background thread. [C:\Users\Developer\source\repos\ClinicApp\ClinicApp.csproj]
     2>C:\Users\Developer\source\repos\ClinicApp\Services\Payment\Web\WebPaymentService.cs(358,57): warning CS1998: This async method lacks 'await' operators and will run synchronously. Consider using the 'await' operator to await non-blocking API calls, or 'await Task.Run(...)' to do CPU-bound work on a background thread. [C:\Users\Developer\source\repos\ClinicApp\ClinicApp.csproj]
     2>C:\Users\Developer\source\repos\ClinicApp\Services\ClinicAdmin\DoctorAssignmentService.cs(641,43): warning CS1998: This async method lacks 'await' operators and will run synchronously. Consider using the 'await' operator to await non-blocking API calls, or 'await Task.Run(...)' to do CPU-bound work on a background thread. [C:\Users\Developer\source\repos\ClinicApp\ClinicApp.csproj]
     2>C:\Users\Developer\source\repos\ClinicApp\Services\Payment\Web\WebPaymentService.cs(364,42): warning CS1998: This async method lacks 'await' operators and will run synchronously. Consider using the 'await' operator to await non-blocking API calls, or 'await Task.Run(...)' to do CPU-bound work on a background thread. [C:\Users\Developer\source\repos\ClinicApp\ClinicApp.csproj]
     2>C:\Users\Developer\source\repos\ClinicApp\Services\Payment\Web\WebPaymentService.cs(370,60): warning CS1998: This async method lacks 'await' operators and will run synchronously. Consider using the 'await' operator to await non-blocking API calls, or 'await Task.Run(...)' to do CPU-bound work on a background thread. [C:\Users\Developer\source\repos\ClinicApp\ClinicApp.csproj]
     2>C:\Users\Developer\source\repos\ClinicApp\Services\Payment\Web\WebPaymentService.cs(376,42): warning CS1998: This async method lacks 'await' operators and will run synchronously. Consider using the 'await' operator to await non-blocking API calls, or 'await Task.Run(...)' to do CPU-bound work on a background thread. [C:\Users\Developer\source\repos\ClinicApp\ClinicApp.csproj]
     2>C:\Users\Developer\source\repos\ClinicApp\Services\Payment\Web\WebPaymentService.cs(382,59): warning CS1998: This async method lacks 'await' operators and will run synchronously. Consider using the 'await' operator to await non-blocking API calls, or 'await Task.Run(...)' to do CPU-bound work on a background thread. [C:\Users\Developer\source\repos\ClinicApp\ClinicApp.csproj]
     2>C:\Users\Developer\source\repos\ClinicApp\Services\Payment\Web\WebPaymentService.cs(388,71): warning CS1998: This async method lacks 'await' operators and will run synchronously. Consider using the 'await' operator to await non-blocking API calls, or 'await Task.Run(...)' to do CPU-bound work on a background thread. [C:\Users\Developer\source\repos\ClinicApp\ClinicApp.csproj]
     2>C:\Users\Developer\source\repos\ClinicApp\Services\Payment\Web\WebPaymentService.cs(394,58): warning CS1998: This async method lacks 'await' operators and will run synchronously. Consider using the 'await' operator to await non-blocking API calls, or 'await Task.Run(...)' to do CPU-bound work on a background thread. [C:\Users\Developer\source\repos\ClinicApp\ClinicApp.csproj]
     2>C:\Users\Developer\source\repos\ClinicApp\Services\Payment\Web\WebPaymentService.cs(400,42): warning CS1998: This async method lacks 'await' operators and will run synchronously. Consider using the 'await' operator to await non-blocking API calls, or 'await Task.Run(...)' to do CPU-bound work on a background thread. [C:\Users\Developer\source\repos\ClinicApp\ClinicApp.csproj]
     2>C:\Users\Developer\source\repos\ClinicApp\Services\Payment\Web\WebPaymentService.cs(406,65): warning CS1998: This async method lacks 'await' operators and will run synchronously. Consider using the 'await' operator to await non-blocking API calls, or 'await Task.Run(...)' to do CPU-bound work on a background thread. [C:\Users\Developer\source\repos\ClinicApp\ClinicApp.csproj]
     2>C:\Users\Developer\source\repos\ClinicApp\Services\Payment\Web\WebPaymentService.cs(412,42): warning CS1998: This async method lacks 'await' operators and will run synchronously. Consider using the 'await' operator to await non-blocking API calls, or 'await Task.Run(...)' to do CPU-bound work on a background thread. [C:\Users\Developer\source\repos\ClinicApp\ClinicApp.csproj]
     2>C:\Users\Developer\source\repos\ClinicApp\Services\Payment\Web\WebPaymentService.cs(418,42): warning CS1998: This async method lacks 'await' operators and will run synchronously. Consider using the 'await' operator to await non-blocking API calls, or 'await Task.Run(...)' to do CPU-bound work on a background thread. [C:\Users\Developer\source\repos\ClinicApp\ClinicApp.csproj]
     2>C:\Users\Developer\source\repos\ClinicApp\Services\Payment\Web\WebPaymentService.cs(424,64): warning CS1998: This async method lacks 'await' operators and will run synchronously. Consider using the 'await' operator to await non-blocking API calls, or 'await Task.Run(...)' to do CPU-bound work on a background thread. [C:\Users\Developer\source\repos\ClinicApp\ClinicApp.csproj]
     2>C:\Users\Developer\source\repos\ClinicApp\Services\Payment\Web\WebPaymentService.cs(430,91): warning CS1998: This async method lacks 'await' operators and will run synchronously. Consider using the 'await' operator to await non-blocking API calls, or 'await Task.Run(...)' to do CPU-bound work on a background thread. [C:\Users\Developer\source\repos\ClinicApp\ClinicApp.csproj]
     2>C:\Users\Developer\source\repos\ClinicApp\Services\Payment\Web\WebPaymentService.cs(444,69): warning CS1998: This async method lacks 'await' operators and will run synchronously. Consider using the 'await' operator to await non-blocking API calls, or 'await Task.Run(...)' to do CPU-bound work on a background thread. [C:\Users\Developer\source\repos\ClinicApp\ClinicApp.csproj]
     2>C:\Users\Developer\source\repos\ClinicApp\Services\Payment\Web\WebPaymentService.cs(450,42): warning CS1998: This async method lacks 'await' operators and will run synchronously. Consider using the 'await' operator to await non-blocking API calls, or 'await Task.Run(...)' to do CPU-bound work on a background thread. [C:\Users\Developer\source\repos\ClinicApp\ClinicApp.csproj]
     2>C:\Users\Developer\source\repos\ClinicApp\Services\Insurance\InsuranceValidationService.cs(55,48): warning CS1998: This async method lacks 'await' operators and will run synchronously. Consider using the 'await' operator to await non-blocking API calls, or 'await Task.Run(...)' to do CPU-bound work on a background thread. [C:\Users\Developer\source\repos\ClinicApp\ClinicApp.csproj]
     2>C:\Users\Developer\source\repos\ClinicApp\Services\Insurance\InsuranceValidationService.cs(72,65): warning CS1998: This async method lacks 'await' operators and will run synchronously. Consider using the 'await' operator to await non-blocking API calls, or 'await Task.Run(...)' to do CPU-bound work on a background thread. [C:\Users\Developer\source\repos\ClinicApp\ClinicApp.csproj]
     2>C:\Users\Developer\source\repos\ClinicApp\Services\Insurance\InsuranceValidationService.cs(94,48): warning CS1998: This async method lacks 'await' operators and will run synchronously. Consider using the 'await' operator to await non-blocking API calls, or 'await Task.Run(...)' to do CPU-bound work on a background thread. [C:\Users\Developer\source\repos\ClinicApp\ClinicApp.csproj]
     2>C:\Users\Developer\source\repos\ClinicApp\Services\Insurance\InsuranceValidationService.cs(110,48): warning CS1998: This async method lacks 'await' operators and will run synchronously. Consider using the 'await' operator to await non-blocking API calls, or 'await Task.Run(...)' to do CPU-bound work on a background thread. [C:\Users\Developer\source\repos\ClinicApp\ClinicApp.csproj]
     2>C:\Users\Developer\source\repos\ClinicApp\Services\Insurance\InsuranceValidationService.cs(127,65): warning CS1998: This async method lacks 'await' operators and will run synchronously. Consider using the 'await' operator to await non-blocking API calls, or 'await Task.Run(...)' to do CPU-bound work on a background thread. [C:\Users\Developer\source\repos\ClinicApp\ClinicApp.csproj]
     2>C:\Users\Developer\source\repos\ClinicApp\Services\Insurance\InsuranceValidationService.cs(144,48): warning CS1998: This async method lacks 'await' operators and will run synchronously. Consider using the 'await' operator to await non-blocking API calls, or 'await Task.Run(...)' to do CPU-bound work on a background thread. [C:\Users\Developer\source\repos\ClinicApp\ClinicApp.csproj]
     2>C:\Users\Developer\source\repos\ClinicApp\Services\Insurance\InsuranceValidationService.cs(161,65): warning CS1998: This async method lacks 'await' operators and will run synchronously. Consider using the 'await' operator to await non-blocking API calls, or 'await Task.Run(...)' to do CPU-bound work on a background thread. [C:\Users\Developer\source\repos\ClinicApp\ClinicApp.csproj]
     2>C:\Users\Developer\source\repos\ClinicApp\Services\Payment\Gateway\PaymentGatewayService.cs(323,43): warning CS1998: This async method lacks 'await' operators and will run synchronously. Consider using the 'await' operator to await non-blocking API calls, or 'await Task.Run(...)' to do CPU-bound work on a background thread. [C:\Users\Developer\source\repos\ClinicApp\ClinicApp.csproj]
     2>C:\Users\Developer\source\repos\ClinicApp\Services\Insurance\InsuranceValidationService.cs(183,48): warning CS1998: This async method lacks 'await' operators and will run synchronously. Consider using the 'await' operator to await non-blocking API calls, or 'await Task.Run(...)' to do CPU-bound work on a background thread. [C:\Users\Developer\source\repos\ClinicApp\ClinicApp.csproj]
     2>C:\Users\Developer\source\repos\ClinicApp\Services\Insurance\InsuranceValidationService.cs(200,65): warning CS1998: This async method lacks 'await' operators and will run synchronously. Consider using the 'await' operator to await non-blocking API calls, or 'await Task.Run(...)' to do CPU-bound work on a background thread. [C:\Users\Developer\source\repos\ClinicApp\ClinicApp.csproj]
     2>C:\Users\Developer\source\repos\ClinicApp\Services\Payment\Gateway\PaymentGatewayService.cs(360,43): warning CS1998: This async method lacks 'await' operators and will run synchronously. Consider using the 'await' operator to await non-blocking API calls, or 'await Task.Run(...)' to do CPU-bound work on a background thread. [C:\Users\Developer\source\repos\ClinicApp\ClinicApp.csproj]
     2>C:\Users\Developer\source\repos\ClinicApp\Services\Payment\Gateway\PaymentGatewayService.cs(401,58): warning CS1998: This async method lacks 'await' operators and will run synchronously. Consider using the 'await' operator to await non-blocking API calls, or 'await Task.Run(...)' to do CPU-bound work on a background thread. [C:\Users\Developer\source\repos\ClinicApp\ClinicApp.csproj]
     2>C:\Users\Developer\source\repos\ClinicApp\Services\Payment\Gateway\PaymentGatewayService.cs(407,71): warning CS1998: This async method lacks 'await' operators and will run synchronously. Consider using the 'await' operator to await non-blocking API calls, or 'await Task.Run(...)' to do CPU-bound work on a background thread. [C:\Users\Developer\source\repos\ClinicApp\ClinicApp.csproj]
     2>C:\Users\Developer\source\repos\ClinicApp\Services\Insurance\InsuranceValidationService.cs(222,72): warning CS1998: This async method lacks 'await' operators and will run synchronously. Consider using the 'await' operator to await non-blocking API calls, or 'await Task.Run(...)' to do CPU-bound work on a background thread. [C:\Users\Developer\source\repos\ClinicApp\ClinicApp.csproj]
     2>C:\Users\Developer\source\repos\ClinicApp\Services\Payment\Gateway\PaymentGatewayService.cs(413,58): warning CS1998: This async method lacks 'await' operators and will run synchronously. Consider using the 'await' operator to await non-blocking API calls, or 'await Task.Run(...)' to do CPU-bound work on a background thread. [C:\Users\Developer\source\repos\ClinicApp\ClinicApp.csproj]
     2>C:\Users\Developer\source\repos\ClinicApp\Services\Payment\Gateway\PaymentGatewayService.cs(419,42): warning CS1998: This async method lacks 'await' operators and will run synchronously. Consider using the 'await' operator to await non-blocking API calls, or 'await Task.Run(...)' to do CPU-bound work on a background thread. [C:\Users\Developer\source\repos\ClinicApp\ClinicApp.csproj]
     2>C:\Users\Developer\source\repos\ClinicApp\Services\Payment\Gateway\PaymentGatewayService.cs(465,66): warning CS1998: This async method lacks 'await' operators and will run synchronously. Consider using the 'await' operator to await non-blocking API calls, or 'await Task.Run(...)' to do CPU-bound work on a background thread. [C:\Users\Developer\source\repos\ClinicApp\ClinicApp.csproj]
     2>C:\Users\Developer\source\repos\ClinicApp\Services\Payment\Gateway\PaymentGatewayService.cs(471,65): warning CS1998: This async method lacks 'await' operators and will run synchronously. Consider using the 'await' operator to await non-blocking API calls, or 'await Task.Run(...)' to do CPU-bound work on a background thread. [C:\Users\Developer\source\repos\ClinicApp\ClinicApp.csproj]
     2>C:\Users\Developer\source\repos\ClinicApp\Services\Insurance\InsuranceValidationService.cs(247,72): warning CS1998: This async method lacks 'await' operators and will run synchronously. Consider using the 'await' operator to await non-blocking API calls, or 'await Task.Run(...)' to do CPU-bound work on a background thread. [C:\Users\Developer\source\repos\ClinicApp\ClinicApp.csproj]
     2>C:\Users\Developer\source\repos\ClinicApp\Services\Payment\Gateway\PaymentGatewayService.cs(477,64): warning CS1998: This async method lacks 'await' operators and will run synchronously. Consider using the 'await' operator to await non-blocking API calls, or 'await Task.Run(...)' to do CPU-bound work on a background thread. [C:\Users\Developer\source\repos\ClinicApp\ClinicApp.csproj]
     2>C:\Users\Developer\source\repos\ClinicApp\Services\Payment\Gateway\PaymentGatewayService.cs(483,64): warning CS1998: This async method lacks 'await' operators and will run synchronously. Consider using the 'await' operator to await non-blocking API calls, or 'await Task.Run(...)' to do CPU-bound work on a background thread. [C:\Users\Developer\source\repos\ClinicApp\ClinicApp.csproj]
     2>C:\Users\Developer\source\repos\ClinicApp\Services\Payment\Gateway\PaymentGatewayService.cs(489,42): warning CS1998: This async method lacks 'await' operators and will run synchronously. Consider using the 'await' operator to await non-blocking API calls, or 'await Task.Run(...)' to do CPU-bound work on a background thread. [C:\Users\Developer\source\repos\ClinicApp\ClinicApp.csproj]
     2>C:\Users\Developer\source\repos\ClinicApp\Services\Payment\Gateway\PaymentGatewayService.cs(495,63): warning CS1998: This async method lacks 'await' operators and will run synchronously. Consider using the 'await' operator to await non-blocking API calls, or 'await Task.Run(...)' to do CPU-bound work on a background thread. [C:\Users\Developer\source\repos\ClinicApp\ClinicApp.csproj]
     2>C:\Users\Developer\source\repos\ClinicApp\Services\Payment\Gateway\PaymentGatewayService.cs(501,65): warning CS1998: This async method lacks 'await' operators and will run synchronously. Consider using the 'await' operator to await non-blocking API calls, or 'await Task.Run(...)' to do CPU-bound work on a background thread. [C:\Users\Developer\source\repos\ClinicApp\ClinicApp.csproj]
     2>C:\Users\Developer\source\repos\ClinicApp\Services\Payment\Gateway\PaymentGatewayService.cs(517,65): warning CS1998: This async method lacks 'await' operators and will run synchronously. Consider using the 'await' operator to await non-blocking API calls, or 'await Task.Run(...)' to do CPU-bound work on a background thread. [C:\Users\Developer\source\repos\ClinicApp\ClinicApp.csproj]
     2>C:\Users\Developer\source\repos\ClinicApp\Services\Payment\Gateway\PaymentGatewayService.cs(523,68): warning CS1998: This async method lacks 'await' operators and will run synchronously. Consider using the 'await' operator to await non-blocking API calls, or 'await Task.Run(...)' to do CPU-bound work on a background thread. [C:\Users\Developer\source\repos\ClinicApp\ClinicApp.csproj]
     2>C:\Users\Developer\source\repos\ClinicApp\Services\Payment\Gateway\PaymentGatewayService.cs(529,64): warning CS1998: This async method lacks 'await' operators and will run synchronously. Consider using the 'await' operator to await non-blocking API calls, or 'await Task.Run(...)' to do CPU-bound work on a background thread. [C:\Users\Developer\source\repos\ClinicApp\ClinicApp.csproj]
     2>C:\Users\Developer\source\repos\ClinicApp\Services\Payment\Gateway\PaymentGatewayService.cs(535,42): warning CS1998: This async method lacks 'await' operators and will run synchronously. Consider using the 'await' operator to await non-blocking API calls, or 'await Task.Run(...)' to do CPU-bound work on a background thread. [C:\Users\Developer\source\repos\ClinicApp\ClinicApp.csproj]
     2>C:\Users\Developer\source\repos\ClinicApp\Services\Payment\Gateway\PaymentGatewayService.cs(551,42): warning CS1998: This async method lacks 'await' operators and will run synchronously. Consider using the 'await' operator to await non-blocking API calls, or 'await Task.Run(...)' to do CPU-bound work on a background thread. [C:\Users\Developer\source\repos\ClinicApp\ClinicApp.csproj]
     2>C:\Users\Developer\source\repos\ClinicApp\Services\Payment\Gateway\PaymentGatewayService.cs(557,68): warning CS1998: This async method lacks 'await' operators and will run synchronously. Consider using the 'await' operator to await non-blocking API calls, or 'await Task.Run(...)' to do CPU-bound work on a background thread. [C:\Users\Developer\source\repos\ClinicApp\ClinicApp.csproj]
     2>C:\Users\Developer\source\repos\ClinicApp\Services\Payment\Gateway\PaymentGatewayService.cs(563,67): warning CS1998: This async method lacks 'await' operators and will run synchronously. Consider using the 'await' operator to await non-blocking API calls, or 'await Task.Run(...)' to do CPU-bound work on a background thread. [C:\Users\Developer\source\repos\ClinicApp\ClinicApp.csproj]
     2>C:\Users\Developer\source\repos\ClinicApp\Services\Payment\Gateway\PaymentGatewayService.cs(569,66): warning CS1998: This async method lacks 'await' operators and will run synchronously. Consider using the 'await' operator to await non-blocking API calls, or 'await Task.Run(...)' to do CPU-bound work on a background thread. [C:\Users\Developer\source\repos\ClinicApp\ClinicApp.csproj]
     2>C:\Users\Developer\source\repos\ClinicApp\Repositories\Insurance\PatientInsuranceRepository.cs(675,68): warning CS1998: This async method lacks 'await' operators and will run synchronously. Consider using the 'await' operator to await non-blocking API calls, or 'await Task.Run(...)' to do CPU-bound work on a background thread. [C:\Users\Developer\source\repos\ClinicApp\ClinicApp.csproj]
     2>C:\Users\Developer\source\repos\ClinicApp\Services\Payment\Validation\PaymentValidationService.cs(321,42): warning CS1998: This async method lacks 'await' operators and will run synchronously. Consider using the 'await' operator to await non-blocking API calls, or 'await Task.Run(...)' to do CPU-bound work on a background thread. [C:\Users\Developer\source\repos\ClinicApp\ClinicApp.csproj]
     2>C:\Users\Developer\source\repos\ClinicApp\Services\Payment\Validation\PaymentValidationService.cs(388,42): warning CS1998: This async method lacks 'await' operators and will run synchronously. Consider using the 'await' operator to await non-blocking API calls, or 'await Task.Run(...)' to do CPU-bound work on a background thread. [C:\Users\Developer\source\repos\ClinicApp\ClinicApp.csproj]
     2>C:\Users\Developer\source\repos\ClinicApp\Services\Payment\Validation\PaymentValidationService.cs(394,42): warning CS1998: This async method lacks 'await' operators and will run synchronously. Consider using the 'await' operator to await non-blocking API calls, or 'await Task.Run(...)' to do CPU-bound work on a background thread. [C:\Users\Developer\source\repos\ClinicApp\ClinicApp.csproj]
     2>C:\Users\Developer\source\repos\ClinicApp\Services\Payment\Validation\PaymentValidationService.cs(400,42): warning CS1998: This async method lacks 'await' operators and will run synchronously. Consider using the 'await' operator to await non-blocking API calls, or 'await Task.Run(...)' to do CPU-bound work on a background thread. [C:\Users\Developer\source\repos\ClinicApp\ClinicApp.csproj]
     2>C:\Users\Developer\source\repos\ClinicApp\Services\Payment\Validation\PaymentValidationService.cs(406,42): warning CS1998: This async method lacks 'await' operators and will run synchronously. Consider using the 'await' operator to await non-blocking API calls, or 'await Task.Run(...)' to do CPU-bound work on a background thread. [C:\Users\Developer\source\repos\ClinicApp\ClinicApp.csproj]
     2>C:\Users\Developer\source\repos\ClinicApp\Services\Payment\Validation\PaymentValidationService.cs(412,42): warning CS1998: This async method lacks 'await' operators and will run synchronously. Consider using the 'await' operator to await non-blocking API calls, or 'await Task.Run(...)' to do CPU-bound work on a background thread. [C:\Users\Developer\source\repos\ClinicApp\ClinicApp.csproj]
     2>C:\Users\Developer\source\repos\ClinicApp\Services\Payment\Validation\PaymentValidationService.cs(418,42): warning CS1998: This async method lacks 'await' operators and will run synchronously. Consider using the 'await' operator to await non-blocking API calls, or 'await Task.Run(...)' to do CPU-bound work on a background thread. [C:\Users\Developer\source\repos\ClinicApp\ClinicApp.csproj]
     2>C:\Users\Developer\source\repos\ClinicApp\Services\Payment\Validation\PaymentValidationService.cs(424,42): warning CS1998: This async method lacks 'await' operators and will run synchronously. Consider using the 'await' operator to await non-blocking API calls, or 'await Task.Run(...)' to do CPU-bound work on a background thread. [C:\Users\Developer\source\repos\ClinicApp\ClinicApp.csproj]
     2>C:\Users\Developer\source\repos\ClinicApp\Services\Payment\Validation\PaymentValidationService.cs(430,42): warning CS1998: This async method lacks 'await' operators and will run synchronously. Consider using the 'await' operator to await non-blocking API calls, or 'await Task.Run(...)' to do CPU-bound work on a background thread. [C:\Users\Developer\source\repos\ClinicApp\ClinicApp.csproj]
     2>C:\Users\Developer\source\repos\ClinicApp\Services\Payment\Validation\PaymentValidationService.cs(436,42): warning CS1998: This async method lacks 'await' operators and will run synchronously. Consider using the 'await' operator to await non-blocking API calls, or 'await Task.Run(...)' to do CPU-bound work on a background thread. [C:\Users\Developer\source\repos\ClinicApp\ClinicApp.csproj]
     2>C:\Users\Developer\source\repos\ClinicApp\Services\Payment\Validation\PaymentValidationService.cs(442,42): warning CS1998: This async method lacks 'await' operators and will run synchronously. Consider using the 'await' operator to await non-blocking API calls, or 'await Task.Run(...)' to do CPU-bound work on a background thread. [C:\Users\Developer\source\repos\ClinicApp\ClinicApp.csproj]
     2>C:\Users\Developer\source\repos\ClinicApp\Services\Payment\PaymentService.cs(220,43): warning CS1998: This async method lacks 'await' operators and will run synchronously. Consider using the 'await' operator to await non-blocking API calls, or 'await Task.Run(...)' to do CPU-bound work on a background thread. [C:\Users\Developer\source\repos\ClinicApp\ClinicApp.csproj]
     2>C:\Users\Developer\source\repos\ClinicApp\Services\Payment\Validation\PaymentValidationService.cs(448,42): warning CS1998: This async method lacks 'await' operators and will run synchronously. Consider using the 'await' operator to await non-blocking API calls, or 'await Task.Run(...)' to do CPU-bound work on a background thread. [C:\Users\Developer\source\repos\ClinicApp\ClinicApp.csproj]
     2>C:\Users\Developer\source\repos\ClinicApp\Services\Payment\Validation\PaymentValidationService.cs(454,42): warning CS1998: This async method lacks 'await' operators and will run synchronously. Consider using the 'await' operator to await non-blocking API calls, or 'await Task.Run(...)' to do CPU-bound work on a background thread. [C:\Users\Developer\source\repos\ClinicApp\ClinicApp.csproj]
     2>C:\Users\Developer\source\repos\ClinicApp\Services\Payment\Validation\PaymentValidationService.cs(460,42): warning CS1998: This async method lacks 'await' operators and will run synchronously. Consider using the 'await' operator to await non-blocking API calls, or 'await Task.Run(...)' to do CPU-bound work on a background thread. [C:\Users\Developer\source\repos\ClinicApp\ClinicApp.csproj]
     2>C:\Users\Developer\source\repos\ClinicApp\Services\Payment\Validation\PaymentValidationService.cs(466,42): warning CS1998: This async method lacks 'await' operators and will run synchronously. Consider using the 'await' operator to await non-blocking API calls, or 'await Task.Run(...)' to do CPU-bound work on a background thread. [C:\Users\Developer\source\repos\ClinicApp\ClinicApp.csproj]
     2>C:\Users\Developer\source\repos\ClinicApp\Services\Payment\Validation\PaymentValidationService.cs(472,42): warning CS1998: This async method lacks 'await' operators and will run synchronously. Consider using the 'await' operator to await non-blocking API calls, or 'await Task.Run(...)' to do CPU-bound work on a background thread. [C:\Users\Developer\source\repos\ClinicApp\ClinicApp.csproj]
     2>C:\Users\Developer\source\repos\ClinicApp\Services\Payment\Validation\PaymentValidationService.cs(478,42): warning CS1998: This async method lacks 'await' operators and will run synchronously. Consider using the 'await' operator to await non-blocking API calls, or 'await Task.Run(...)' to do CPU-bound work on a background thread. [C:\Users\Developer\source\repos\ClinicApp\ClinicApp.csproj]
     2>C:\Users\Developer\source\repos\ClinicApp\Services\Payment\Validation\PaymentValidationService.cs(484,42): warning CS1998: This async method lacks 'await' operators and will run synchronously. Consider using the 'await' operator to await non-blocking API calls, or 'await Task.Run(...)' to do CPU-bound work on a background thread. [C:\Users\Developer\source\repos\ClinicApp\ClinicApp.csproj]
     2>C:\Users\Developer\source\repos\ClinicApp\Services\Payment\Validation\PaymentValidationService.cs(490,42): warning CS1998: This async method lacks 'await' operators and will run synchronously. Consider using the 'await' operator to await non-blocking API calls, or 'await Task.Run(...)' to do CPU-bound work on a background thread. [C:\Users\Developer\source\repos\ClinicApp\ClinicApp.csproj]
     2>C:\Users\Developer\source\repos\ClinicApp\Services\Payment\Validation\PaymentValidationService.cs(496,42): warning CS1998: This async method lacks 'await' operators and will run synchronously. Consider using the 'await' operator to await non-blocking API calls, or 'await Task.Run(...)' to do CPU-bound work on a background thread. [C:\Users\Developer\source\repos\ClinicApp\ClinicApp.csproj]
     2>C:\Users\Developer\source\repos\ClinicApp\Services\Payment\Validation\PaymentValidationService.cs(502,42): warning CS1998: This async method lacks 'await' operators and will run synchronously. Consider using the 'await' operator to await non-blocking API calls, or 'await Task.Run(...)' to do CPU-bound work on a background thread. [C:\Users\Developer\source\repos\ClinicApp\ClinicApp.csproj]
     2>C:\Users\Developer\source\repos\ClinicApp\Services\Payment\PaymentService.cs(286,43): warning CS1998: This async method lacks 'await' operators and will run synchronously. Consider using the 'await' operator to await non-blocking API calls, or 'await Task.Run(...)' to do CPU-bound work on a background thread. [C:\Users\Developer\source\repos\ClinicApp\ClinicApp.csproj]
     2>C:\Users\Developer\source\repos\ClinicApp\Services\Payment\POS\PosManagementService.cs(259,43): warning CS1998: This async method lacks 'await' operators and will run synchronously. Consider using the 'await' operator to await non-blocking API calls, or 'await Task.Run(...)' to do CPU-bound work on a background thread. [C:\Users\Developer\source\repos\ClinicApp\ClinicApp.csproj]
     2>C:\Users\Developer\source\repos\ClinicApp\Services\Payment\POS\PosManagementService.cs(287,43): warning CS1998: This async method lacks 'await' operators and will run synchronously. Consider using the 'await' operator to await non-blocking API calls, or 'await Task.Run(...)' to do CPU-bound work on a background thread. [C:\Users\Developer\source\repos\ClinicApp\ClinicApp.csproj]
     2>C:\Users\Developer\source\repos\ClinicApp\Services\Payment\POS\PosManagementService.cs(319,55): warning CS1998: This async method lacks 'await' operators and will run synchronously. Consider using the 'await' operator to await non-blocking API calls, or 'await Task.Run(...)' to do CPU-bound work on a background thread. [C:\Users\Developer\source\repos\ClinicApp\ClinicApp.csproj]
     2>C:\Users\Developer\source\repos\ClinicApp\Services\Payment\POS\PosManagementService.cs(325,68): warning CS1998: This async method lacks 'await' operators and will run synchronously. Consider using the 'await' operator to await non-blocking API calls, or 'await Task.Run(...)' to do CPU-bound work on a background thread. [C:\Users\Developer\source\repos\ClinicApp\ClinicApp.csproj]
     2>C:\Users\Developer\source\repos\ClinicApp\Services\Payment\POS\PosManagementService.cs(331,55): warning CS1998: This async method lacks 'await' operators and will run synchronously. Consider using the 'await' operator to await non-blocking API calls, or 'await Task.Run(...)' to do CPU-bound work on a background thread. [C:\Users\Developer\source\repos\ClinicApp\ClinicApp.csproj]
     2>C:\Users\Developer\source\repos\ClinicApp\Services\Payment\POS\PosManagementService.cs(337,42): warning CS1998: This async method lacks 'await' operators and will run synchronously. Consider using the 'await' operator to await non-blocking API calls, or 'await Task.Run(...)' to do CPU-bound work on a background thread. [C:\Users\Developer\source\repos\ClinicApp\ClinicApp.csproj]
     2>C:\Users\Developer\source\repos\ClinicApp\Services\Payment\POS\PosManagementService.cs(343,55): warning CS1998: This async method lacks 'await' operators and will run synchronously. Consider using the 'await' operator to await non-blocking API calls, or 'await Task.Run(...)' to do CPU-bound work on a background thread. [C:\Users\Developer\source\repos\ClinicApp\ClinicApp.csproj]
     2>C:\Users\Developer\source\repos\ClinicApp\Services\Payment\POS\PosManagementService.cs(354,55): warning CS1998: This async method lacks 'await' operators and will run synchronously. Consider using the 'await' operator to await non-blocking API calls, or 'await Task.Run(...)' to do CPU-bound work on a background thread. [C:\Users\Developer\source\repos\ClinicApp\ClinicApp.csproj]
     2>C:\Users\Developer\source\repos\ClinicApp\Services\Insurance\InsuranceCalculationService.cs(104,79): warning CS1998: This async method lacks 'await' operators and will run synchronously. Consider using the 'await' operator to await non-blocking API calls, or 'await Task.Run(...)' to do CPU-bound work on a background thread. [C:\Users\Developer\source\repos\ClinicApp\ClinicApp.csproj]
     2>C:\Users\Developer\source\repos\ClinicApp\Services\Payment\POS\PosManagementService.cs(365,55): warning CS1998: This async method lacks 'await' operators and will run synchronously. Consider using the 'await' operator to await non-blocking API calls, or 'await Task.Run(...)' to do CPU-bound work on a background thread. [C:\Users\Developer\source\repos\ClinicApp\ClinicApp.csproj]
     2>C:\Users\Developer\source\repos\ClinicApp\Services\Payment\POS\PosManagementService.cs(371,68): warning CS1998: This async method lacks 'await' operators and will run synchronously. Consider using the 'await' operator to await non-blocking API calls, or 'await Task.Run(...)' to do CPU-bound work on a background thread. [C:\Users\Developer\source\repos\ClinicApp\ClinicApp.csproj]
     2>C:\Users\Developer\source\repos\ClinicApp\Services\Payment\POS\PosManagementService.cs(377,68): warning CS1998: This async method lacks 'await' operators and will run synchronously. Consider using the 'await' operator to await non-blocking API calls, or 'await Task.Run(...)' to do CPU-bound work on a background thread. [C:\Users\Developer\source\repos\ClinicApp\ClinicApp.csproj]
     2>C:\Users\Developer\source\repos\ClinicApp\Services\Payment\POS\PosManagementService.cs(383,55): warning CS1998: This async method lacks 'await' operators and will run synchronously. Consider using the 'await' operator to await non-blocking API calls, or 'await Task.Run(...)' to do CPU-bound work on a background thread. [C:\Users\Developer\source\repos\ClinicApp\ClinicApp.csproj]
     2>C:\Users\Developer\source\repos\ClinicApp\Services\Payment\POS\PosManagementService.cs(389,55): warning CS1998: This async method lacks 'await' operators and will run synchronously. Consider using the 'await' operator to await non-blocking API calls, or 'await Task.Run(...)' to do CPU-bound work on a background thread. [C:\Users\Developer\source\repos\ClinicApp\ClinicApp.csproj]
     2>C:\Users\Developer\source\repos\ClinicApp\Services\Insurance\InsuranceCalculationService.cs(130,79): warning CS1998: This async method lacks 'await' operators and will run synchronously. Consider using the 'await' operator to await non-blocking API calls, or 'await Task.Run(...)' to do CPU-bound work on a background thread. [C:\Users\Developer\source\repos\ClinicApp\ClinicApp.csproj]
     2>C:\Users\Developer\source\repos\ClinicApp\Services\Payment\POS\PosManagementService.cs(395,60): warning CS1998: This async method lacks 'await' operators and will run synchronously. Consider using the 'await' operator to await non-blocking API calls, or 'await Task.Run(...)' to do CPU-bound work on a background thread. [C:\Users\Developer\source\repos\ClinicApp\ClinicApp.csproj]
     2>C:\Users\Developer\source\repos\ClinicApp\Services\Payment\POS\PosManagementService.cs(401,42): warning CS1998: This async method lacks 'await' operators and will run synchronously. Consider using the 'await' operator to await non-blocking API calls, or 'await Task.Run(...)' to do CPU-bound work on a background thread. [C:\Users\Developer\source\repos\ClinicApp\ClinicApp.csproj]
     2>C:\Users\Developer\source\repos\ClinicApp\Services\Payment\POS\PosManagementService.cs(407,42): warning CS1998: This async method lacks 'await' operators and will run synchronously. Consider using the 'await' operator to await non-blocking API calls, or 'await Task.Run(...)' to do CPU-bound work on a background thread. [C:\Users\Developer\source\repos\ClinicApp\ClinicApp.csproj]
     2>C:\Users\Developer\source\repos\ClinicApp\Services\Payment\POS\PosManagementService.cs(413,65): warning CS1998: This async method lacks 'await' operators and will run synchronously. Consider using the 'await' operator to await non-blocking API calls, or 'await Task.Run(...)' to do CPU-bound work on a background thread. [C:\Users\Developer\source\repos\ClinicApp\ClinicApp.csproj]
     2>C:\Users\Developer\source\repos\ClinicApp\Services\Payment\POS\PosManagementService.cs(419,65): warning CS1998: This async method lacks 'await' operators and will run synchronously. Consider using the 'await' operator to await non-blocking API calls, or 'await Task.Run(...)' to do CPU-bound work on a background thread. [C:\Users\Developer\source\repos\ClinicApp\ClinicApp.csproj]
     2>C:\Users\Developer\source\repos\ClinicApp\Services\Payment\POS\PosManagementService.cs(425,62): warning CS1998: This async method lacks 'await' operators and will run synchronously. Consider using the 'await' operator to await non-blocking API calls, or 'await Task.Run(...)' to do CPU-bound work on a background thread. [C:\Users\Developer\source\repos\ClinicApp\ClinicApp.csproj]
     2>C:\Users\Developer\source\repos\ClinicApp\Services\Payment\POS\PosManagementService.cs(431,42): warning CS1998: This async method lacks 'await' operators and will run synchronously. Consider using the 'await' operator to await non-blocking API calls, or 'await Task.Run(...)' to do CPU-bound work on a background thread. [C:\Users\Developer\source\repos\ClinicApp\ClinicApp.csproj]
     2>C:\Users\Developer\source\repos\ClinicApp\Services\Payment\POS\PosManagementService.cs(437,42): warning CS1998: This async method lacks 'await' operators and will run synchronously. Consider using the 'await' operator to await non-blocking API calls, or 'await Task.Run(...)' to do CPU-bound work on a background thread. [C:\Users\Developer\source\repos\ClinicApp\ClinicApp.csproj]
     2>C:\Users\Developer\source\repos\ClinicApp\Services\Payment\POS\PosManagementService.cs(443,42): warning CS1998: This async method lacks 'await' operators and will run synchronously. Consider using the 'await' operator to await non-blocking API calls, or 'await Task.Run(...)' to do CPU-bound work on a background thread. [C:\Users\Developer\source\repos\ClinicApp\ClinicApp.csproj]
     2>C:\Users\Developer\source\repos\ClinicApp\Services\Insurance\InsuranceCalculationService.cs(157,79): warning CS1998: This async method lacks 'await' operators and will run synchronously. Consider using the 'await' operator to await non-blocking API calls, or 'await Task.Run(...)' to do CPU-bound work on a background thread. [C:\Users\Developer\source\repos\ClinicApp\ClinicApp.csproj]
     2>C:\Users\Developer\source\repos\ClinicApp\Services\Insurance\InsuranceCalculationService.cs(184,48): warning CS1998: This async method lacks 'await' operators and will run synchronously. Consider using the 'await' operator to await non-blocking API calls, or 'await Task.Run(...)' to do CPU-bound work on a background thread. [C:\Users\Developer\source\repos\ClinicApp\ClinicApp.csproj]
     2>C:\Users\Developer\source\repos\ClinicApp\Services\Payment\PaymentService.cs(475,42): warning CS1998: This async method lacks 'await' operators and will run synchronously. Consider using the 'await' operator to await non-blocking API calls, or 'await Task.Run(...)' to do CPU-bound work on a background thread. [C:\Users\Developer\source\repos\ClinicApp\ClinicApp.csproj]
     2>C:\Users\Developer\source\repos\ClinicApp\Services\Payment\PaymentService.cs(481,62): warning CS1998: This async method lacks 'await' operators and will run synchronously. Consider using the 'await' operator to await non-blocking API calls, or 'await Task.Run(...)' to do CPU-bound work on a background thread. [C:\Users\Developer\source\repos\ClinicApp\ClinicApp.csproj]
     2>C:\Users\Developer\source\repos\ClinicApp\Services\Payment\PaymentService.cs(487,42): warning CS1998: This async method lacks 'await' operators and will run synchronously. Consider using the 'await' operator to await non-blocking API calls, or 'await Task.Run(...)' to do CPU-bound work on a background thread. [C:\Users\Developer\source\repos\ClinicApp\ClinicApp.csproj]
     2>C:\Users\Developer\source\repos\ClinicApp\Services\Payment\PaymentService.cs(493,62): warning CS1998: This async method lacks 'await' operators and will run synchronously. Consider using the 'await' operator to await non-blocking API calls, or 'await Task.Run(...)' to do CPU-bound work on a background thread. [C:\Users\Developer\source\repos\ClinicApp\ClinicApp.csproj]
     2>C:\Users\Developer\source\repos\ClinicApp\Services\Payment\PaymentService.cs(499,65): warning CS1998: This async method lacks 'await' operators and will run synchronously. Consider using the 'await' operator to await non-blocking API calls, or 'await Task.Run(...)' to do CPU-bound work on a background thread. [C:\Users\Developer\source\repos\ClinicApp\ClinicApp.csproj]
     2>C:\Users\Developer\source\repos\ClinicApp\Services\Payment\PaymentService.cs(505,51): warning CS1998: This async method lacks 'await' operators and will run synchronously. Consider using the 'await' operator to await non-blocking API calls, or 'await Task.Run(...)' to do CPU-bound work on a background thread. [C:\Users\Developer\source\repos\ClinicApp\ClinicApp.csproj]
     2>C:\Users\Developer\source\repos\ClinicApp\Services\Payment\PaymentService.cs(511,42): warning CS1998: This async method lacks 'await' operators and will run synchronously. Consider using the 'await' operator to await non-blocking API calls, or 'await Task.Run(...)' to do CPU-bound work on a background thread. [C:\Users\Developer\source\repos\ClinicApp\ClinicApp.csproj]
     2>C:\Users\Developer\source\repos\ClinicApp\Services\Payment\PaymentService.cs(517,42): warning CS1998: This async method lacks 'await' operators and will run synchronously. Consider using the 'await' operator to await non-blocking API calls, or 'await Task.Run(...)' to do CPU-bound work on a background thread. [C:\Users\Developer\source\repos\ClinicApp\ClinicApp.csproj]
     2>C:\Users\Developer\source\repos\ClinicApp\Services\Payment\PaymentService.cs(523,57): warning CS1998: This async method lacks 'await' operators and will run synchronously. Consider using the 'await' operator to await non-blocking API calls, or 'await Task.Run(...)' to do CPU-bound work on a background thread. [C:\Users\Developer\source\repos\ClinicApp\ClinicApp.csproj]
     2>C:\Users\Developer\source\repos\ClinicApp\Services\Payment\PaymentService.cs(529,62): warning CS1998: This async method lacks 'await' operators and will run synchronously. Consider using the 'await' operator to await non-blocking API calls, or 'await Task.Run(...)' to do CPU-bound work on a background thread. [C:\Users\Developer\source\repos\ClinicApp\ClinicApp.csproj]
     2>C:\Users\Developer\source\repos\ClinicApp\Services\Payment\PaymentService.cs(535,75): warning CS1998: This async method lacks 'await' operators and will run synchronously. Consider using the 'await' operator to await non-blocking API calls, or 'await Task.Run(...)' to do CPU-bound work on a background thread. [C:\Users\Developer\source\repos\ClinicApp\ClinicApp.csproj]
     2>C:\Users\Developer\source\repos\ClinicApp\Services\Payment\PaymentService.cs(541,75): warning CS1998: This async method lacks 'await' operators and will run synchronously. Consider using the 'await' operator to await non-blocking API calls, or 'await Task.Run(...)' to do CPU-bound work on a background thread. [C:\Users\Developer\source\repos\ClinicApp\ClinicApp.csproj]
     2>C:\Users\Developer\source\repos\ClinicApp\Services\Payment\PaymentService.cs(547,75): warning CS1998: This async method lacks 'await' operators and will run synchronously. Consider using the 'await' operator to await non-blocking API calls, or 'await Task.Run(...)' to do CPU-bound work on a background thread. [C:\Users\Developer\source\repos\ClinicApp\ClinicApp.csproj]
     2>C:\Users\Developer\source\repos\ClinicApp\Services\Payment\PaymentService.cs(553,61): warning CS1998: This async method lacks 'await' operators and will run synchronously. Consider using the 'await' operator to await non-blocking API calls, or 'await Task.Run(...)' to do CPU-bound work on a background thread. [C:\Users\Developer\source\repos\ClinicApp\ClinicApp.csproj]
     2>C:\Users\Developer\source\repos\ClinicApp\Services\Payment\PaymentService.cs(559,66): warning CS1998: This async method lacks 'await' operators and will run synchronously. Consider using the 'await' operator to await non-blocking API calls, or 'await Task.Run(...)' to do CPU-bound work on a background thread. [C:\Users\Developer\source\repos\ClinicApp\ClinicApp.csproj]
     2>C:\Users\Developer\source\repos\ClinicApp\Services\Payment\PaymentService.cs(565,68): warning CS1998: This async method lacks 'await' operators and will run synchronously. Consider using the 'await' operator to await non-blocking API calls, or 'await Task.Run(...)' to do CPU-bound work on a background thread. [C:\Users\Developer\source\repos\ClinicApp\ClinicApp.csproj]
     2>C:\Users\Developer\source\repos\ClinicApp\Services\Payment\PaymentService.cs(571,75): warning CS1998: This async method lacks 'await' operators and will run synchronously. Consider using the 'await' operator to await non-blocking API calls, or 'await Task.Run(...)' to do CPU-bound work on a background thread. [C:\Users\Developer\source\repos\ClinicApp\ClinicApp.csproj]
     2>C:\Users\Developer\source\repos\ClinicApp\Services\Payment\PaymentService.cs(577,75): warning CS1998: This async method lacks 'await' operators and will run synchronously. Consider using the 'await' operator to await non-blocking API calls, or 'await Task.Run(...)' to do CPU-bound work on a background thread. [C:\Users\Developer\source\repos\ClinicApp\ClinicApp.csproj]
     2>C:\Users\Developer\source\repos\ClinicApp\Services\Payment\PaymentService.cs(583,61): warning CS1998: This async method lacks 'await' operators and will run synchronously. Consider using the 'await' operator to await non-blocking API calls, or 'await Task.Run(...)' to do CPU-bound work on a background thread. [C:\Users\Developer\source\repos\ClinicApp\ClinicApp.csproj]
     2>C:\Users\Developer\source\repos\ClinicApp\Services\Payment\PaymentService.cs(597,61): warning CS1998: This async method lacks 'await' operators and will run synchronously. Consider using the 'await' operator to await non-blocking API calls, or 'await Task.Run(...)' to do CPU-bound work on a background thread. [C:\Users\Developer\source\repos\ClinicApp\ClinicApp.csproj]
     2>C:\Users\Developer\source\repos\ClinicApp\Services\Payment\PaymentService.cs(635,75): warning CS1998: This async method lacks 'await' operators and will run synchronously. Consider using the 'await' operator to await non-blocking API calls, or 'await Task.Run(...)' to do CPU-bound work on a background thread. [C:\Users\Developer\source\repos\ClinicApp\ClinicApp.csproj]
     2>C:\Users\Developer\source\repos\ClinicApp\Services\Payment\PaymentService.cs(659,62): warning CS1998: This async method lacks 'await' operators and will run synchronously. Consider using the 'await' operator to await non-blocking API calls, or 'await Task.Run(...)' to do CPU-bound work on a background thread. [C:\Users\Developer\source\repos\ClinicApp\ClinicApp.csproj]
     2>C:\Users\Developer\source\repos\ClinicApp\Services\Payment\PaymentService.cs(673,62): warning CS1998: This async method lacks 'await' operators and will run synchronously. Consider using the 'await' operator to await non-blocking API calls, or 'await Task.Run(...)' to do CPU-bound work on a background thread. [C:\Users\Developer\source\repos\ClinicApp\ClinicApp.csproj]
     2>C:\Users\Developer\source\repos\ClinicApp\Services\Payment\PaymentService.cs(687,62): warning CS1998: This async method lacks 'await' operators and will run synchronously. Consider using the 'await' operator to await non-blocking API calls, or 'await Task.Run(...)' to do CPU-bound work on a background thread. [C:\Users\Developer\source\repos\ClinicApp\ClinicApp.csproj]
     2>C:\Users\Developer\source\repos\ClinicApp\Services\Payment\PaymentService.cs(701,42): warning CS1998: This async method lacks 'await' operators and will run synchronously. Consider using the 'await' operator to await non-blocking API calls, or 'await Task.Run(...)' to do CPU-bound work on a background thread. [C:\Users\Developer\source\repos\ClinicApp\ClinicApp.csproj]
     2>C:\Users\Developer\source\repos\ClinicApp\Services\ClinicAdmin\DoctorDashboardService.cs(548,77): warning CS1998: This async method lacks 'await' operators and will run synchronously. Consider using the 'await' operator to await non-blocking API calls, or 'await Task.Run(...)' to do CPU-bound work on a background thread. [C:\Users\Developer\source\repos\ClinicApp\ClinicApp.csproj]
     2>C:\Users\Developer\source\repos\ClinicApp\Services\ClinicAdmin\DoctorDashboardService.cs(580,70): warning CS1998: This async method lacks 'await' operators and will run synchronously. Consider using the 'await' operator to await non-blocking API calls, or 'await Task.Run(...)' to do CPU-bound work on a background thread. [C:\Users\Developer\source\repos\ClinicApp\ClinicApp.csproj]
     2>C:\Users\Developer\source\repos\ClinicApp\Services\Payment\Reporting\PaymentReportingService.cs(305,63): warning CS1998: This async method lacks 'await' operators and will run synchronously. Consider using the 'await' operator to await non-blocking API calls, or 'await Task.Run(...)' to do CPU-bound work on a background thread. [C:\Users\Developer\source\repos\ClinicApp\ClinicApp.csproj]
     2>C:\Users\Developer\source\repos\ClinicApp\Services\Payment\Reporting\PaymentReportingService.cs(311,66): warning CS1998: This async method lacks 'await' operators and will run synchronously. Consider using the 'await' operator to await non-blocking API calls, or 'await Task.Run(...)' to do CPU-bound work on a background thread. [C:\Users\Developer\source\repos\ClinicApp\ClinicApp.csproj]
     2>C:\Users\Developer\source\repos\ClinicApp\Services\Payment\Reporting\PaymentReportingService.cs(322,61): warning CS1998: This async method lacks 'await' operators and will run synchronously. Consider using the 'await' operator to await non-blocking API calls, or 'await Task.Run(...)' to do CPU-bound work on a background thread. [C:\Users\Developer\source\repos\ClinicApp\ClinicApp.csproj]
     2>C:\Users\Developer\source\repos\ClinicApp\Services\Payment\Reporting\PaymentReportingService.cs(328,67): warning CS1998: This async method lacks 'await' operators and will run synchronously. Consider using the 'await' operator to await non-blocking API calls, or 'await Task.Run(...)' to do CPU-bound work on a background thread. [C:\Users\Developer\source\repos\ClinicApp\ClinicApp.csproj]
     2>C:\Users\Developer\source\repos\ClinicApp\Services\Payment\Reporting\PaymentReportingService.cs(334,67): warning CS1998: This async method lacks 'await' operators and will run synchronously. Consider using the 'await' operator to await non-blocking API calls, or 'await Task.Run(...)' to do CPU-bound work on a background thread. [C:\Users\Developer\source\repos\ClinicApp\ClinicApp.csproj]
     2>C:\Users\Developer\source\repos\ClinicApp\Services\Payment\Reporting\PaymentReportingService.cs(340,65): warning CS1998: This async method lacks 'await' operators and will run synchronously. Consider using the 'await' operator to await non-blocking API calls, or 'await Task.Run(...)' to do CPU-bound work on a background thread. [C:\Users\Developer\source\repos\ClinicApp\ClinicApp.csproj]
     2>C:\Users\Developer\source\repos\ClinicApp\Services\Payment\Reporting\PaymentReportingService.cs(346,64): warning CS1998: This async method lacks 'await' operators and will run synchronously. Consider using the 'await' operator to await non-blocking API calls, or 'await Task.Run(...)' to do CPU-bound work on a background thread. [C:\Users\Developer\source\repos\ClinicApp\ClinicApp.csproj]
     2>C:\Users\Developer\source\repos\ClinicApp\Services\Payment\Reporting\PaymentReportingService.cs(352,66): warning CS1998: This async method lacks 'await' operators and will run synchronously. Consider using the 'await' operator to await non-blocking API calls, or 'await Task.Run(...)' to do CPU-bound work on a background thread. [C:\Users\Developer\source\repos\ClinicApp\ClinicApp.csproj]
     2>C:\Users\Developer\source\repos\ClinicApp\Services\Payment\Reporting\PaymentReportingService.cs(358,63): warning CS1998: This async method lacks 'await' operators and will run synchronously. Consider using the 'await' operator to await non-blocking API calls, or 'await Task.Run(...)' to do CPU-bound work on a background thread. [C:\Users\Developer\source\repos\ClinicApp\ClinicApp.csproj]
     2>C:\Users\Developer\source\repos\ClinicApp\Services\Payment\Reporting\PaymentReportingService.cs(364,60): warning CS1998: This async method lacks 'await' operators and will run synchronously. Consider using the 'await' operator to await non-blocking API calls, or 'await Task.Run(...)' to do CPU-bound work on a background thread. [C:\Users\Developer\source\repos\ClinicApp\ClinicApp.csproj]
     2>C:\Users\Developer\source\repos\ClinicApp\Services\Payment\Reporting\PaymentReportingService.cs(370,68): warning CS1998: This async method lacks 'await' operators and will run synchronously. Consider using the 'await' operator to await non-blocking API calls, or 'await Task.Run(...)' to do CPU-bound work on a background thread. [C:\Users\Developer\source\repos\ClinicApp\ClinicApp.csproj]
     2>C:\Users\Developer\source\repos\ClinicApp\Services\Payment\Reporting\PaymentReportingService.cs(376,72): warning CS1998: This async method lacks 'await' operators and will run synchronously. Consider using the 'await' operator to await non-blocking API calls, or 'await Task.Run(...)' to do CPU-bound work on a background thread. [C:\Users\Developer\source\repos\ClinicApp\ClinicApp.csproj]
     2>C:\Users\Developer\source\repos\ClinicApp\Services\Payment\Reporting\PaymentReportingService.cs(382,72): warning CS1998: This async method lacks 'await' operators and will run synchronously. Consider using the 'await' operator to await non-blocking API calls, or 'await Task.Run(...)' to do CPU-bound work on a background thread. [C:\Users\Developer\source\repos\ClinicApp\ClinicApp.csproj]
     2>C:\Users\Developer\source\repos\ClinicApp\Services\Payment\Reporting\PaymentReportingService.cs(388,62): warning CS1998: This async method lacks 'await' operators and will run synchronously. Consider using the 'await' operator to await non-blocking API calls, or 'await Task.Run(...)' to do CPU-bound work on a background thread. [C:\Users\Developer\source\repos\ClinicApp\ClinicApp.csproj]
     2>C:\Users\Developer\source\repos\ClinicApp\Services\Payment\Reporting\PaymentReportingService.cs(394,63): warning CS1998: This async method lacks 'await' operators and will run synchronously. Consider using the 'await' operator to await non-blocking API calls, or 'await Task.Run(...)' to do CPU-bound work on a background thread. [C:\Users\Developer\source\repos\ClinicApp\ClinicApp.csproj]
     2>C:\Users\Developer\source\repos\ClinicApp\Services\Payment\Reporting\PaymentReportingService.cs(400,68): warning CS1998: This async method lacks 'await' operators and will run synchronously. Consider using the 'await' operator to await non-blocking API calls, or 'await Task.Run(...)' to do CPU-bound work on a background thread. [C:\Users\Developer\source\repos\ClinicApp\ClinicApp.csproj]
     2>C:\Users\Developer\source\repos\ClinicApp\Services\Payment\Reporting\PaymentReportingService.cs(406,62): warning CS1998: This async method lacks 'await' operators and will run synchronously. Consider using the 'await' operator to await non-blocking API calls, or 'await Task.Run(...)' to do CPU-bound work on a background thread. [C:\Users\Developer\source\repos\ClinicApp\ClinicApp.csproj]
     2>C:\Users\Developer\source\repos\ClinicApp\Services\Insurance\InsuranceCalculationService.cs(201,48): warning CS1998: This async method lacks 'await' operators and will run synchronously. Consider using the 'await' operator to await non-blocking API calls, or 'await Task.Run(...)' to do CPU-bound work on a background thread. [C:\Users\Developer\source\repos\ClinicApp\ClinicApp.csproj]
     2>C:\Users\Developer\source\repos\ClinicApp\Services\Payment\Reporting\PaymentReportingService.cs(423,50): warning CS1998: This async method lacks 'await' operators and will run synchronously. Consider using the 'await' operator to await non-blocking API calls, or 'await Task.Run(...)' to do CPU-bound work on a background thread. [C:\Users\Developer\source\repos\ClinicApp\ClinicApp.csproj]
     2>C:\Users\Developer\source\repos\ClinicApp\Services\Payment\Reporting\PaymentReportingService.cs(429,50): warning CS1998: This async method lacks 'await' operators and will run synchronously. Consider using the 'await' operator to await non-blocking API calls, or 'await Task.Run(...)' to do CPU-bound work on a background thread. [C:\Users\Developer\source\repos\ClinicApp\ClinicApp.csproj]
     2>C:\Users\Developer\source\repos\ClinicApp\Services\Payment\Reporting\PaymentReportingService.cs(435,50): warning CS1998: This async method lacks 'await' operators and will run synchronously. Consider using the 'await' operator to await non-blocking API calls, or 'await Task.Run(...)' to do CPU-bound work on a background thread. [C:\Users\Developer\source\repos\ClinicApp\ClinicApp.csproj]
     2>C:\Users\Developer\source\repos\ClinicApp\Services\Insurance\InsuranceCalculationService.cs(218,51): warning CS1998: This async method lacks 'await' operators and will run synchronously. Consider using the 'await' operator to await non-blocking API calls, or 'await Task.Run(...)' to do CPU-bound work on a background thread. [C:\Users\Developer\source\repos\ClinicApp\ClinicApp.csproj]
     2>C:\Users\Developer\source\repos\ClinicApp\Services\Insurance\InsuranceCalculationService.cs(235,51): warning CS1998: This async method lacks 'await' operators and will run synchronously. Consider using the 'await' operator to await non-blocking API calls, or 'await Task.Run(...)' to do CPU-bound work on a background thread. [C:\Users\Developer\source\repos\ClinicApp\ClinicApp.csproj]
     2>C:\Users\Developer\source\repos\ClinicApp\Services\Insurance\InsuranceCalculationService.cs(252,51): warning CS1998: This async method lacks 'await' operators and will run synchronously. Consider using the 'await' operator to await non-blocking API calls, or 'await Task.Run(...)' to do CPU-bound work on a background thread. [C:\Users\Developer\source\repos\ClinicApp\ClinicApp.csproj]
     2>C:\Users\Developer\source\repos\ClinicApp\Services\Payment\POS\PosManagementService.cs(37,39): warning CS0649: Field 'PosManagementService._posManagementServiceImplementation' is never assigned to, and will always have its default value null [C:\Users\Developer\source\repos\ClinicApp\ClinicApp.csproj]
     2>C:\Users\Developer\source\repos\ClinicApp\Services\Insurance\PatientInsuranceService.cs(36,42): warning CS0169: The field 'PatientInsuranceService._patientInsuranceServiceImplementation' is never used [C:\Users\Developer\source\repos\ClinicApp\ClinicApp.csproj]
     2>C:\Users\Developer\source\repos\ClinicApp\Services\CurrentUserService.cs(33,33): warning CS0169: The field 'CurrentUserService._currentUser' is never used [C:\Users\Developer\source\repos\ClinicApp\ClinicApp.csproj]
         CompilerServer: server - server processed compilation - ClinicApp
       _CopyFilesMarkedCopyLocal:
         Copying file from "C:\Users\Developer\source\repos\ClinicApp\packages\AutoMapper.10.1.1\lib\net461\AutoMapper.dll" to "C:\Users\Developer\source\repos\ClinicApp\bin\AutoMapper.dll".
         Copying file from "C:\Users\Developer\source\repos\ClinicApp\packages\Azure.Identity.1.11.4\lib\netstandard2.0\Azure.Identity.dll" to "C:\Users\Developer\source\repos\ClinicApp\bin\Azure.Identity.dll".
         Copying file from "C:\Users\Developer\source\repos\ClinicApp\packages\Azure.Core.1.38.0\lib\net472\Azure.Core.dll" to "C:\Users\Developer\source\repos\ClinicApp\bin\Azure.Core.dll".
         Copying file from "C:\Users\Developer\source\repos\ClinicApp\packages\Antlr.3.5.0.2\lib\Antlr3.Runtime.dll" to "C:\Users\Developer\source\repos\ClinicApp\bin\Antlr3.Runtime.dll".
         Copying file from "C:\Users\Developer\source\repos\ClinicApp\packages\BouncyCastle.Cryptography.2.5.1\lib\net461\BouncyCastle.Cryptography.dll" to "C:\Users\Developer\source\repos\ClinicApp\bin\BouncyCastle.Cryptography.dll".
         Copying file from "C:\Users\Developer\source\repos\ClinicApp\packages\ClosedXML.0.105.0\lib\netstandard2.0\ClosedXML.dll" to "C:\Users\Developer\source\repos\ClinicApp\bin\ClosedXML.dll".
         Copying file from "C:\Users\Developer\source\repos\ClinicApp\packages\ClosedXML.Parser.2.0.0\lib\netstandard2.0\ClosedXML.Parser.dll" to "C:\Users\Developer\source\repos\ClinicApp\bin\ClosedXML.Parser.dll".
         Copying file from "C:\Users\Developer\source\repos\ClinicApp\packages\DataTables.AspNet.Core.2.0.2\lib\net45\DataTables.AspNet.Core.dll" to "C:\Users\Developer\source\repos\ClinicApp\bin\DataTables.AspNet.Core.dll".
         Copying file from "C:\Users\Developer\source\repos\ClinicApp\packages\DataTables.AspNet.Mvc5.2.0.2\lib\net45\DataTables.AspNet.Mvc5.dll" to "C:\Users\Developer\source\repos\ClinicApp\bin\DataTables.AspNet.Mvc5.dll".
         Copying file from "C:\Users\Developer\source\repos\ClinicApp\packages\DocumentFormat.OpenXml.3.1.1\lib\net46\DocumentFormat.OpenXml.dll" to "C:\Users\Developer\source\repos\ClinicApp\bin\DocumentFormat.OpenXml.dll".
         Copying file from "C:\Users\Developer\source\repos\ClinicApp\packages\DocumentFormat.OpenXml.Framework.3.1.1\lib\net46\DocumentFormat.OpenXml.Framework.dll" to "C:\Users\Developer\source\repos\ClinicApp\bin\DocumentFormat.OpenXml.Framework.dll".
         Copying file from "C:\Users\Developer\source\repos\ClinicApp\packages\Elasticsearch.Net.7.17.5\lib\net461\Elasticsearch.Net.dll" to "C:\Users\Developer\source\repos\ClinicApp\bin\Elasticsearch.Net.dll".
         Copying file from "C:\Users\Developer\source\repos\ClinicApp\packages\EntityFramework.6.5.1\lib\net45\EntityFramework.dll" to "C:\Users\Developer\source\repos\ClinicApp\bin\EntityFramework.dll".
         Copying file from "C:\Users\Developer\source\repos\ClinicApp\packages\EntityFramework.DynamicFilters.3.2.4\lib\net40\EntityFramework.DynamicFilters.dll" to "C:\Users\Developer\source\repos\ClinicApp\bin\EntityFramework.DynamicFilters.dll".
         Copying file from "C:\Users\Developer\source\repos\ClinicApp\packages\EntityFramework.6.5.1\lib\net45\EntityFramework.SqlServer.dll" to "C:\Users\Developer\source\repos\ClinicApp\bin\EntityFramework.SqlServer.dll".
         Copying file from "C:\Users\Developer\source\repos\ClinicApp\packages\EPPlus.4.5.3.3\lib\net40\EPPlus.dll" to "C:\Users\Developer\source\repos\ClinicApp\bin\EPPlus.dll".
         Copying file from "C:\Users\Developer\source\repos\ClinicApp\packages\ExcelNumberFormat.1.1.0\lib\net20\ExcelNumberFormat.dll" to "C:\Users\Developer\source\repos\ClinicApp\bin\ExcelNumberFormat.dll".
         Copying file from "C:\Users\Developer\source\repos\ClinicApp\packages\FluentValidation.8.6.1\lib\net45\FluentValidation.dll" to "C:\Users\Developer\source\repos\ClinicApp\bin\FluentValidation.dll".
         Copying file from "C:\Users\Developer\source\repos\ClinicApp\packages\FluentValidation.Mvc5.8.6.1\lib\net45\FluentValidation.Mvc.dll" to "C:\Users\Developer\source\repos\ClinicApp\bin\FluentValidation.Mvc.dll".
         Copying file from "C:\Users\Developer\source\repos\ClinicApp\packages\FluentValidation.ValidatorAttribute.8.6.1\lib\net45\FluentValidation.ValidatorAttribute.dll" to "C:\Users\Developer\source\repos\ClinicApp\bin\FluentValidation.ValidatorAttribute.dll".
         Copying file from "C:\Users\Developer\source\repos\ClinicApp\packages\MailKit.4.11.0\lib\net48\MailKit.dll" to "C:\Users\Developer\source\repos\ClinicApp\bin\MailKit.dll".
         Copying file from "C:\Users\Developer\source\repos\ClinicApp\packages\Microsoft.AspNet.Identity.Core.2.2.3\lib\net45\Microsoft.AspNet.Identity.Core.dll" to "C:\Users\Developer\source\repos\ClinicApp\bin\Microsoft.AspNet.Identity.Core.dll".
         Copying file from "C:\Users\Developer\source\repos\ClinicApp\packages\Microsoft.AspNet.Identity.EntityFramework.2.2.3\lib\net45\Microsoft.AspNet.Identity.EntityFramework.dll" to "C:\Users\Developer\source\repos\ClinicApp\bin\Microsoft.AspNet.Identity.EntityFramework.dll".
         Copying file from "C:\Users\Developer\source\repos\ClinicApp\packages\Microsoft.AspNet.Identity.Owin.2.2.3\lib\net45\Microsoft.AspNet.Identity.Owin.dll" to "C:\Users\Developer\source\repos\ClinicApp\bin\Microsoft.AspNet.Identity.Owin.dll".
         Copying file from "C:\Users\Developer\source\repos\ClinicApp\packages\Microsoft.Bcl.AsyncInterfaces.9.0.8\lib\net462\Microsoft.Bcl.AsyncInterfaces.dll" to "C:\Users\Developer\source\repos\ClinicApp\bin\Microsoft.Bcl.AsyncInterfaces.dll".
         Copying file from "C:\Users\Developer\source\repos\ClinicApp\packages\Microsoft.Bcl.HashCode.1.1.1\lib\net461\Microsoft.Bcl.HashCode.dll" to "C:\Users\Developer\source\repos\ClinicApp\bin\Microsoft.Bcl.HashCode.dll".
         Copying file from "C:\Users\Developer\source\repos\ClinicApp\packages\Microsoft.CodeDom.Providers.DotNetCompilerPlatform.4.1.0\lib\net472\Microsoft.CodeDom.Providers.DotNetCompilerPlatform.dll" to "C:\Users\Developer\source\repos\ClinicApp\bin\Microsoft.CodeDom.Providers.DotNetCompilerPlatform.dll".
         Copying file from "C:\Users\Developer\source\repos\ClinicApp\packages\Microsoft.Data.SqlClient.5.2.3\lib\net462\Microsoft.Data.SqlClient.dll" to "C:\Users\Developer\source\repos\ClinicApp\bin\Microsoft.Data.SqlClient.dll".
         Copying file from "C:\Users\Developer\source\repos\ClinicApp\packages\Microsoft.Extensions.Configuration.Abstractions.8.0.0\lib\net462\Microsoft.Extensions.Configuration.Abstractions.dll" to "C:\Users\Developer\source\repos\ClinicApp\bin\Microsoft.Extensions.Configuration.Abstractions.dll".
         Copying file from "C:\Users\Developer\source\repos\ClinicApp\packages\Microsoft.Extensions.Configuration.Binder.8.0.0\lib\net462\Microsoft.Extensions.Configuration.Binder.dll" to "C:\Users\Developer\source\repos\ClinicApp\bin\Microsoft.Extensions.Configuration.Binder.dll".
         Copying file from "C:\Users\Developer\source\repos\ClinicApp\packages\Microsoft.Extensions.Configuration.8.0.0\lib\net462\Microsoft.Extensions.Configuration.dll" to "C:\Users\Developer\source\repos\ClinicApp\bin\Microsoft.Extensions.Configuration.dll".
         Copying file from "C:\Users\Developer\source\repos\ClinicApp\packages\Microsoft.Extensions.DependencyInjection.Abstractions.8.0.0\lib\net462\Microsoft.Extensions.DependencyInjection.Abstractions.dll" to "C:\Users\Developer\source\repos\ClinicApp\bin\Microsoft.Extensions.DependencyInjection.Abstractions.dll".
         Copying file from "C:\Users\Developer\source\repos\ClinicApp\packages\Microsoft.Extensions.Options.ConfigurationExtensions.8.0.0\lib\net462\Microsoft.Extensions.Options.ConfigurationExtensions.dll" to "C:\Users\Developer\source\repos\ClinicApp\bin\Microsoft.Extensions.Options.ConfigurationExtensions.dll".
         Copying file from "C:\Users\Developer\source\repos\ClinicApp\packages\Microsoft.Extensions.Options.8.0.0\lib\net462\Microsoft.Extensions.Options.dll" to "C:\Users\Developer\source\repos\ClinicApp\bin\Microsoft.Extensions.Options.dll".
         Copying file from "C:\Users\Developer\source\repos\ClinicApp\packages\Microsoft.Extensions.Primitives.8.0.0\lib\net462\Microsoft.Extensions.Primitives.dll" to "C:\Users\Developer\source\repos\ClinicApp\bin\Microsoft.Extensions.Primitives.dll".
         Copying file from "C:\Users\Developer\source\repos\ClinicApp\packages\Microsoft.Identity.Client.4.73.1\lib\net472\Microsoft.Identity.Client.dll" to "C:\Users\Developer\source\repos\ClinicApp\bin\Microsoft.Identity.Client.dll".
         Copying file from "C:\Users\Developer\source\repos\ClinicApp\packages\Microsoft.Identity.Client.Extensions.Msal.4.61.3\lib\netstandard2.0\Microsoft.Identity.Client.Extensions.Msal.dll" to "C:\Users\Developer\source\repos\ClinicApp\bin\Microsoft.Identity.Client.Extensions.Msal.dll".
         Copying file from "C:\Users\Developer\source\repos\ClinicApp\packages\Microsoft.IdentityModel.Abstractions.6.35.0\lib\net472\Microsoft.IdentityModel.Abstractions.dll" to "C:\Users\Developer\source\repos\ClinicApp\bin\Microsoft.IdentityModel.Abstractions.dll".
         Copying file from "C:\Users\Developer\source\repos\ClinicApp\packages\Microsoft.IdentityModel.JsonWebTokens.6.35.0\lib\net472\Microsoft.IdentityModel.JsonWebTokens.dll" to "C:\Users\Developer\source\repos\ClinicApp\bin\Microsoft.IdentityModel.JsonWebTokens.dll".
         Copying file from "C:\Users\Developer\source\repos\ClinicApp\packages\Microsoft.IdentityModel.Protocols.6.35.0\lib\net472\Microsoft.IdentityModel.Protocols.dll" to "C:\Users\Developer\source\repos\ClinicApp\bin\Microsoft.IdentityModel.Protocols.dll".
         Copying file from "C:\Users\Developer\source\repos\ClinicApp\packages\Microsoft.IdentityModel.Tokens.6.35.0\lib\net472\Microsoft.IdentityModel.Tokens.dll" to "C:\Users\Developer\source\repos\ClinicApp\bin\Microsoft.IdentityModel.Tokens.dll".
         Copying file from "C:\Users\Developer\source\repos\ClinicApp\packages\Microsoft.IdentityModel.Logging.6.35.0\lib\net472\Microsoft.IdentityModel.Logging.dll" to "C:\Users\Developer\source\repos\ClinicApp\bin\Microsoft.IdentityModel.Logging.dll".
         Copying file from "C:\Users\Developer\source\repos\ClinicApp\packages\Microsoft.IdentityModel.Protocols.OpenIdConnect.6.35.0\lib\net472\Microsoft.IdentityModel.Protocols.OpenIdConnect.dll" to "C:\Users\Developer\source\repos\ClinicApp\bin\Microsoft.IdentityModel.Protocols.OpenIdConnect.dll".
         Copying file from "C:\Users\Developer\source\repos\ClinicApp\packages\Microsoft.Owin.4.2.3\lib\net45\Microsoft.Owin.dll" to "C:\Users\Developer\source\repos\ClinicApp\bin\Microsoft.Owin.dll".
         Copying file from "C:\Users\Developer\source\repos\ClinicApp\packages\Microsoft.Owin.Host.SystemWeb.4.2.3\lib\net45\Microsoft.Owin.Host.SystemWeb.dll" to "C:\Users\Developer\source\repos\ClinicApp\bin\Microsoft.Owin.Host.SystemWeb.dll".
         Copying file from "C:\Users\Developer\source\repos\ClinicApp\packages\Microsoft.Owin.Security.Facebook.4.2.3\lib\net45\Microsoft.Owin.Security.Facebook.dll" to "C:\Users\Developer\source\repos\ClinicApp\bin\Microsoft.Owin.Security.Facebook.dll".
         Copying file from "C:\Users\Developer\source\repos\ClinicApp\packages\Microsoft.Owin.Security.4.2.3\lib\net45\Microsoft.Owin.Security.dll" to "C:\Users\Developer\source\repos\ClinicApp\bin\Microsoft.Owin.Security.dll".
         Copying file from "C:\Users\Developer\source\repos\ClinicApp\packages\Microsoft.Owin.Security.Google.4.2.3\lib\net45\Microsoft.Owin.Security.Google.dll" to "C:\Users\Developer\source\repos\ClinicApp\bin\Microsoft.Owin.Security.Google.dll".
         Copying file from "C:\Users\Developer\source\repos\ClinicApp\packages\Microsoft.Owin.Security.MicrosoftAccount.4.2.3\lib\net45\Microsoft.Owin.Security.MicrosoftAccount.dll" to "C:\Users\Developer\source\repos\ClinicApp\bin\Microsoft.Owin.Security.MicrosoftAccount.dll".
         Copying file from "C:\Users\Developer\source\repos\ClinicApp\packages\Microsoft.Owin.Security.OAuth.4.2.3\lib\net45\Microsoft.Owin.Security.OAuth.dll" to "C:\Users\Developer\source\repos\ClinicApp\bin\Microsoft.Owin.Security.OAuth.dll".
         Copying file from "C:\Users\Developer\source\repos\ClinicApp\packages\Microsoft.Owin.Security.Twitter.4.2.3\lib\net45\Microsoft.Owin.Security.Twitter.dll" to "C:\Users\Developer\source\repos\ClinicApp\bin\Microsoft.Owin.Security.Twitter.dll".
         Copying file from "C:\Users\Developer\source\repos\ClinicApp\packages\Microsoft.Web.Infrastructure.2.0.0\lib\net40\Microsoft.Web.Infrastructure.dll" to "C:\Users\Developer\source\repos\ClinicApp\bin\Microsoft.Web.Infrastructure.dll".
         Copying file from "C:\Users\Developer\source\repos\ClinicApp\packages\MimeKit.4.11.0\lib\net48\MimeKit.dll" to "C:\Users\Developer\source\repos\ClinicApp\bin\MimeKit.dll".
         Copying file from "C:\Users\Developer\source\repos\ClinicApp\packages\Newtonsoft.Json.13.0.3\lib\net45\Newtonsoft.Json.dll" to "C:\Users\Developer\source\repos\ClinicApp\bin\Newtonsoft.Json.dll".
         Copying file from "C:\Users\Developer\source\repos\ClinicApp\packages\Owin.1.0\lib\net40\Owin.dll" to "C:\Users\Developer\source\repos\ClinicApp\bin\Owin.dll".
         Copying file from "C:\Users\Developer\source\repos\ClinicApp\packages\QuestPDF.2025.7.0\lib\netstandard2.0\QuestPDF.dll" to "C:\Users\Developer\source\repos\ClinicApp\bin\QuestPDF.dll".
         Copying file from "C:\Users\Developer\source\repos\ClinicApp\packages\RBush.Signed.4.0.0\lib\net47\RBush.dll" to "C:\Users\Developer\source\repos\ClinicApp\bin\RBush.dll".
         Copying file from "C:\Users\Developer\source\repos\ClinicApp\packages\RestSharp.112.1.0\lib\net48\RestSharp.dll" to "C:\Users\Developer\source\repos\ClinicApp\bin\RestSharp.dll".
         Copying file from "C:\Users\Developer\source\repos\ClinicApp\packages\Serilog.4.3.0\lib\net471\Serilog.dll" to "C:\Users\Developer\source\repos\ClinicApp\bin\Serilog.dll".
         Copying file from "C:\Users\Developer\source\repos\ClinicApp\packages\Serilog.Enrichers.CorrelationId.3.0.1\lib\net452\Serilog.Enrichers.CorrelationId.dll" to "C:\Users\Developer\source\repos\ClinicApp\bin\Serilog.Enrichers.CorrelationId.dll".
         Copying file from "C:\Users\Developer\source\repos\ClinicApp\packages\Serilog.Enrichers.Environment.2.2.0\lib\net45\Serilog.Enrichers.Environment.dll" to "C:\Users\Developer\source\repos\ClinicApp\bin\Serilog.Enrichers.Environment.dll".
         Copying file from "C:\Users\Developer\source\repos\ClinicApp\packages\Serilog.Enrichers.Thread.3.1.0\lib\net45\Serilog.Enrichers.Thread.dll" to "C:\Users\Developer\source\repos\ClinicApp\bin\Serilog.Enrichers.Thread.dll".
         Copying file from "C:\Users\Developer\source\repos\ClinicApp\packages\Serilog.Filters.Expressions.2.1.0\lib\net45\Serilog.Filters.Expressions.dll" to "C:\Users\Developer\source\repos\ClinicApp\bin\Serilog.Filters.Expressions.dll".
         Copying file from "C:\Users\Developer\source\repos\ClinicApp\packages\Serilog.Enrichers.Process.2.0.2\lib\net45\Serilog.Enrichers.Process.dll" to "C:\Users\Developer\source\repos\ClinicApp\bin\Serilog.Enrichers.Process.dll".
         Copying file from "C:\Users\Developer\source\repos\ClinicApp\packages\Serilog.Formatting.Compact.1.1.0\lib\net452\Serilog.Formatting.Compact.dll" to "C:\Users\Developer\source\repos\ClinicApp\bin\Serilog.Formatting.Compact.dll".
         Copying file from "C:\Users\Developer\source\repos\ClinicApp\packages\Serilog.Formatting.Elasticsearch.10.0.0\lib\netstandard2.0\Serilog.Formatting.Elasticsearch.dll" to "C:\Users\Developer\source\repos\ClinicApp\bin\Serilog.Formatting.Elasticsearch.dll".
         Copying file from "C:\Users\Developer\source\repos\ClinicApp\packages\Serilog.Sinks.Async.1.5.0\lib\net461\Serilog.Sinks.Async.dll" to "C:\Users\Developer\source\repos\ClinicApp\bin\Serilog.Sinks.Async.dll".
         Copying file from "C:\Users\Developer\source\repos\ClinicApp\packages\Serilog.Sinks.Console.4.1.0\lib\net45\Serilog.Sinks.Console.dll" to "C:\Users\Developer\source\repos\ClinicApp\bin\Serilog.Sinks.Console.dll".
         Copying file from "C:\Users\Developer\source\repos\ClinicApp\packages\Serilog.Sinks.Email.2.4.0\lib\net47\Serilog.Sinks.Email.dll" to "C:\Users\Developer\source\repos\ClinicApp\bin\Serilog.Sinks.Email.dll".
         Copying file from "C:\Users\Developer\source\repos\ClinicApp\packages\Serilog.Sinks.File.7.0.0\lib\net471\Serilog.Sinks.File.dll" to "C:\Users\Developer\source\repos\ClinicApp\bin\Serilog.Sinks.File.dll".
         Copying file from "C:\Users\Developer\source\repos\ClinicApp\packages\Serilog.Sinks.MSSqlServer.6.1.0\lib\net472\Serilog.Sinks.MSSqlServer.dll" to "C:\Users\Developer\source\repos\ClinicApp\bin\Serilog.Sinks.MSSqlServer.dll".
         Copying file from "C:\Users\Developer\source\repos\ClinicApp\packages\Serilog.Sinks.PeriodicBatching.3.1.0\lib\net45\Serilog.Sinks.PeriodicBatching.dll" to "C:\Users\Developer\source\repos\ClinicApp\bin\Serilog.Sinks.PeriodicBatching.dll".
         Copying file from "C:\Users\Developer\source\repos\ClinicApp\packages\Serilog.Sinks.Seq.5.2.1\lib\net45\Serilog.Sinks.Seq.dll" to "C:\Users\Developer\source\repos\ClinicApp\bin\Serilog.Sinks.Seq.dll".
         Copying file from "C:\Users\Developer\source\repos\ClinicApp\packages\SixLabors.Fonts.1.0.0\lib\netstandard2.0\SixLabors.Fonts.dll" to "C:\Users\Developer\source\repos\ClinicApp\bin\SixLabors.Fonts.dll".
         Copying file from "C:\Users\Developer\source\repos\ClinicApp\packages\Superpower.2.3.0\lib\net45\Superpower.dll" to "C:\Users\Developer\source\repos\ClinicApp\bin\Superpower.dll".
         Copying file from "C:\Users\Developer\source\repos\ClinicApp\packages\System.Buffers.4.6.1\lib\net462\System.Buffers.dll" to "C:\Users\Developer\source\repos\ClinicApp\bin\System.Buffers.dll".
         Copying file from "C:\Users\Developer\source\repos\ClinicApp\packages\System.ClientModel.1.0.0\lib\netstandard2.0\System.ClientModel.dll" to "C:\Users\Developer\source\repos\ClinicApp\bin\System.ClientModel.dll".
         Copying file from "C:\Users\Developer\source\repos\ClinicApp\packages\System.CodeDom.9.0.9\lib\net462\System.CodeDom.dll" to "C:\Users\Developer\source\repos\ClinicApp\bin\System.CodeDom.dll".
         Copying file from "C:\Users\Developer\source\repos\ClinicApp\packages\System.Configuration.ConfigurationManager.9.0.8\lib\net462\System.Configuration.ConfigurationManager.dll" to "C:\Users\Developer\source\repos\ClinicApp\bin\System.Configuration.ConfigurationManager.dll".
         Copying file from "C:\Users\Developer\source\repos\ClinicApp\packages\System.ComponentModel.Annotations.4.4.1\lib\net461\System.ComponentModel.Annotations.dll" to "C:\Users\Developer\source\repos\ClinicApp\bin\System.ComponentModel.Annotations.dll".
         Copying file from "C:\Users\Developer\source\repos\ClinicApp\packages\System.Diagnostics.DiagnosticSource.9.0.8\lib\net462\System.Diagnostics.DiagnosticSource.dll" to "C:\Users\Developer\source\repos\ClinicApp\bin\System.Diagnostics.DiagnosticSource.dll".
         Copying file from "C:\Users\Developer\source\repos\ClinicApp\packages\System.Formats.Asn1.8.0.1\lib\net462\System.Formats.Asn1.dll" to "C:\Users\Developer\source\repos\ClinicApp\bin\System.Formats.Asn1.dll".
         Copying file from "C:\Users\Developer\source\repos\ClinicApp\packages\System.IdentityModel.Tokens.Jwt.6.35.0\lib\net472\System.IdentityModel.Tokens.Jwt.dll" to "C:\Users\Developer\source\repos\ClinicApp\bin\System.IdentityModel.Tokens.Jwt.dll".
         Copying file from "C:\Users\Developer\source\repos\ClinicApp\packages\System.IO.FileSystem.AccessControl.5.0.0\lib\net461\System.IO.FileSystem.AccessControl.dll" to "C:\Users\Developer\source\repos\ClinicApp\bin\System.IO.FileSystem.AccessControl.dll".
         Copying file from "C:\Users\Developer\source\repos\ClinicApp\packages\System.IO.Pipelines.9.0.8\lib\net462\System.IO.Pipelines.dll" to "C:\Users\Developer\source\repos\ClinicApp\bin\System.IO.Pipelines.dll".
         Copying file from "C:\Users\Developer\source\repos\ClinicApp\packages\System.Memory.Data.1.0.2\lib\net461\System.Memory.Data.dll" to "C:\Users\Developer\source\repos\ClinicApp\bin\System.Memory.Data.dll".
         Copying file from "C:\Users\Developer\source\repos\ClinicApp\packages\System.Memory.4.6.3\lib\net462\System.Memory.dll" to "C:\Users\Developer\source\repos\ClinicApp\bin\System.Memory.dll".
         Copying file from "C:\Users\Developer\source\repos\ClinicApp\packages\System.Runtime.CompilerServices.Unsafe.6.1.2\lib\net462\System.Runtime.CompilerServices.Unsafe.dll" to "C:\Users\Developer\source\repos\ClinicApp\bin\System.Runtime.CompilerServices.Unsafe.dll".
         Copying file from "C:\Users\Developer\source\repos\ClinicApp\packages\System.Numerics.Vectors.4.6.1\lib\net462\System.Numerics.Vectors.dll" to "C:\Users\Developer\source\repos\ClinicApp\bin\System.Numerics.Vectors.dll".
         Copying file from "C:\Users\Developer\source\repos\ClinicApp\packages\System.Security.Cryptography.ProtectedData.4.7.0\lib\net461\System.Security.Cryptography.ProtectedData.dll" to "C:\Users\Developer\source\repos\ClinicApp\bin\System.Security.Cryptography.ProtectedData.dll".
         Copying file from "C:\Users\Developer\source\repos\ClinicApp\packages\System.Security.AccessControl.5.0.0\lib\net461\System.Security.AccessControl.dll" to "C:\Users\Developer\source\repos\ClinicApp\bin\System.Security.AccessControl.dll".
         Copying file from "C:\Users\Developer\source\repos\ClinicApp\packages\System.Security.Principal.Windows.5.0.0\lib\net461\System.Security.Principal.Windows.dll" to "C:\Users\Developer\source\repos\ClinicApp\bin\System.Security.Principal.Windows.dll".
         Copying file from "C:\Users\Developer\source\repos\ClinicApp\packages\System.Text.Encodings.Web.9.0.8\lib\net462\System.Text.Encodings.Web.dll" to "C:\Users\Developer\source\repos\ClinicApp\bin\System.Text.Encodings.Web.dll".
         Copying file from "C:\Users\Developer\source\repos\ClinicApp\packages\System.Text.Json.9.0.8\lib\net462\System.Text.Json.dll" to "C:\Users\Developer\source\repos\ClinicApp\bin\System.Text.Json.dll".
         Copying file from "C:\Users\Developer\source\repos\ClinicApp\packages\System.Threading.Channels.9.0.8\lib\net462\System.Threading.Channels.dll" to "C:\Users\Developer\source\repos\ClinicApp\bin\System.Threading.Channels.dll".
         Copying file from "C:\Users\Developer\source\repos\ClinicApp\packages\System.Threading.Tasks.Extensions.4.6.3\lib\net462\System.Threading.Tasks.Extensions.dll" to "C:\Users\Developer\source\repos\ClinicApp\bin\System.Threading.Tasks.Extensions.dll".
         Copying file from "C:\Users\Developer\source\repos\ClinicApp\packages\Microsoft.AspNet.WebPages.3.3.0\lib\net45\System.Web.Helpers.dll" to "C:\Users\Developer\source\repos\ClinicApp\bin\System.Web.Helpers.dll".
         Copying file from "C:\Users\Developer\source\repos\ClinicApp\packages\Microsoft.AspNet.Mvc.5.3.0\lib\net45\System.Web.Mvc.dll" to "C:\Users\Developer\source\repos\ClinicApp\bin\System.Web.Mvc.dll".
         Copying file from "C:\Users\Developer\source\repos\ClinicApp\packages\Microsoft.AspNet.Web.Optimization.1.1.3\lib\net40\System.Web.Optimization.dll" to "C:\Users\Developer\source\repos\ClinicApp\bin\System.Web.Optimization.dll".
         Copying file from "C:\Users\Developer\source\repos\ClinicApp\packages\Microsoft.AspNet.Razor.3.3.0\lib\net45\System.Web.Razor.dll" to "C:\Users\Developer\source\repos\ClinicApp\bin\System.Web.Razor.dll".
         Copying file from "C:\Users\Developer\source\repos\ClinicApp\packages\Microsoft.AspNet.WebPages.3.3.0\lib\net45\System.Web.WebPages.Deployment.dll" to "C:\Users\Developer\source\repos\ClinicApp\bin\System.Web.WebPages.Deployment.dll".
         Copying file from "C:\Users\Developer\source\repos\ClinicApp\packages\Microsoft.AspNet.WebPages.3.3.0\lib\net45\System.Web.WebPages.Razor.dll" to "C:\Users\Developer\source\repos\ClinicApp\bin\System.Web.WebPages.Razor.dll".
         Copying file from "C:\Users\Developer\source\repos\ClinicApp\packages\Microsoft.AspNet.WebPages.3.3.0\lib\net45\System.Web.WebPages.dll" to "C:\Users\Developer\source\repos\ClinicApp\bin\System.Web.WebPages.dll".
         Copying file from "C:\Users\Developer\source\repos\ClinicApp\packages\Unity.5.11.10\lib\net48\Unity.Abstractions.dll" to "C:\Users\Developer\source\repos\ClinicApp\bin\Unity.Abstractions.dll".
         Copying file from "C:\Users\Developer\source\repos\ClinicApp\packages\Unity.Mvc.5.11.1\lib\net47\Unity.Mvc.dll" to "C:\Users\Developer\source\repos\ClinicApp\bin\Unity.Mvc.dll".
         Copying file from "C:\Users\Developer\source\repos\ClinicApp\packages\WebActivatorEx.2.2.0\lib\net40\WebActivatorEx.dll" to "C:\Users\Developer\source\repos\ClinicApp\bin\WebActivatorEx.dll".
         Copying file from "C:\Users\Developer\source\repos\ClinicApp\packages\Unity.5.11.10\lib\net48\Unity.Container.dll" to "C:\Users\Developer\source\repos\ClinicApp\bin\Unity.Container.dll".
         Copying file from "C:\Users\Developer\source\repos\ClinicApp\packages\WebGrease.1.6.0\lib\WebGrease.dll" to "C:\Users\Developer\source\repos\ClinicApp\bin\WebGrease.dll".
         Copying file from "C:\Users\Developer\source\repos\ClinicApp\packages\AutoMapper.10.1.1\lib\net461\AutoMapper.xml" to "C:\Users\Developer\source\repos\ClinicApp\bin\AutoMapper.xml".
         Copying file from "C:\Users\Developer\source\repos\ClinicApp\packages\Azure.Core.1.38.0\lib\net472\Azure.Core.xml" to "C:\Users\Developer\source\repos\ClinicApp\bin\Azure.Core.xml".
         Copying file from "C:\Users\Developer\source\repos\ClinicApp\packages\Azure.Identity.1.11.4\lib\netstandard2.0\Azure.Identity.xml" to "C:\Users\Developer\source\repos\ClinicApp\bin\Azure.Identity.xml".
         Copying file from "C:\Users\Developer\source\repos\ClinicApp\packages\BouncyCastle.Cryptography.2.5.1\lib\net461\BouncyCastle.Cryptography.xml" to "C:\Users\Developer\source\repos\ClinicApp\bin\BouncyCastle.Cryptography.xml".
         Copying file from "C:\Users\Developer\source\repos\ClinicApp\packages\ClosedXML.0.105.0\lib\netstandard2.0\ClosedXML.pdb" to "C:\Users\Developer\source\repos\ClinicApp\bin\ClosedXML.pdb".
         Copying file from "C:\Users\Developer\source\repos\ClinicApp\packages\ClosedXML.0.105.0\lib\netstandard2.0\ClosedXML.xml" to "C:\Users\Developer\source\repos\ClinicApp\bin\ClosedXML.xml".
         Copying file from "C:\Users\Developer\source\repos\ClinicApp\packages\ClosedXML.Parser.2.0.0\lib\netstandard2.0\ClosedXML.Parser.xml" to "C:\Users\Developer\source\repos\ClinicApp\bin\ClosedXML.Parser.xml".
         Copying file from "C:\Users\Developer\source\repos\ClinicApp\packages\DocumentFormat.OpenXml.3.1.1\lib\net46\DocumentFormat.OpenXml.xml" to "C:\Users\Developer\source\repos\ClinicApp\bin\DocumentFormat.OpenXml.xml".
         Copying file from "C:\Users\Developer\source\repos\ClinicApp\packages\DocumentFormat.OpenXml.Framework.3.1.1\lib\net46\DocumentFormat.OpenXml.Framework.xml" to "C:\Users\Developer\source\repos\ClinicApp\bin\DocumentFormat.OpenXml.Framework.xml".
         Copying file from "C:\Users\Developer\source\repos\ClinicApp\packages\Elasticsearch.Net.7.17.5\lib\net461\Elasticsearch.Net.pdb" to "C:\Users\Developer\source\repos\ClinicApp\bin\Elasticsearch.Net.pdb".
         Copying file from "C:\Users\Developer\source\repos\ClinicApp\packages\Elasticsearch.Net.7.17.5\lib\net461\Elasticsearch.Net.xml" to "C:\Users\Developer\source\repos\ClinicApp\bin\Elasticsearch.Net.xml".
         Copying file from "C:\Users\Developer\source\repos\ClinicApp\packages\EntityFramework.6.5.1\lib\net45\EntityFramework.xml" to "C:\Users\Developer\source\repos\ClinicApp\bin\EntityFramework.xml".
         Copying file from "C:\Users\Developer\source\repos\ClinicApp\packages\EntityFramework.DynamicFilters.3.2.4\lib\net40\EntityFramework.DynamicFilters.xml" to "C:\Users\Developer\source\repos\ClinicApp\bin\EntityFramework.DynamicFilters.xml".
         Copying file from "C:\Users\Developer\source\repos\ClinicApp\packages\EntityFramework.6.5.1\lib\net45\EntityFramework.SqlServer.xml" to "C:\Users\Developer\source\repos\ClinicApp\bin\EntityFramework.SqlServer.xml".
         Copying file from "C:\Users\Developer\source\repos\ClinicApp\packages\EPPlus.4.5.3.3\lib\net40\EPPlus.xml" to "C:\Users\Developer\source\repos\ClinicApp\bin\EPPlus.xml".
         Copying file from "C:\Users\Developer\source\repos\ClinicApp\packages\FluentValidation.8.6.1\lib\net45\FluentValidation.xml" to "C:\Users\Developer\source\repos\ClinicApp\bin\FluentValidation.xml".
         Copying file from "C:\Users\Developer\source\repos\ClinicApp\packages\ExcelNumberFormat.1.1.0\lib\net20\ExcelNumberFormat.xml" to "C:\Users\Developer\source\repos\ClinicApp\bin\ExcelNumberFormat.xml".
         Copying file from "C:\Users\Developer\source\repos\ClinicApp\packages\FluentValidation.Mvc5.8.6.1\lib\net45\FluentValidation.Mvc.xml" to "C:\Users\Developer\source\repos\ClinicApp\bin\FluentValidation.Mvc.xml".
         Copying file from "C:\Users\Developer\source\repos\ClinicApp\packages\MailKit.4.11.0\lib\net48\MailKit.pdb" to "C:\Users\Developer\source\repos\ClinicApp\bin\MailKit.pdb".
         Copying file from "C:\Users\Developer\source\repos\ClinicApp\packages\MailKit.4.11.0\lib\net48\MailKit.xml" to "C:\Users\Developer\source\repos\ClinicApp\bin\MailKit.xml".
         Copying file from "C:\Users\Developer\source\repos\ClinicApp\packages\MailKit.4.11.0\lib\net48\MailKit.dll.config" to "C:\Users\Developer\source\repos\ClinicApp\bin\MailKit.dll.config".
         Copying file from "C:\Users\Developer\source\repos\ClinicApp\packages\Microsoft.AspNet.Identity.Core.2.2.3\lib\net45\Microsoft.AspNet.Identity.Core.xml" to "C:\Users\Developer\source\repos\ClinicApp\bin\Microsoft.AspNet.Identity.Core.xml".
         Copying file from "C:\Users\Developer\source\repos\ClinicApp\packages\Microsoft.AspNet.Identity.EntityFramework.2.2.3\lib\net45\Microsoft.AspNet.Identity.EntityFramework.xml" to "C:\Users\Developer\source\repos\ClinicApp\bin\Microsoft.AspNet.Identity.EntityFramework.xml".
         Copying file from "C:\Users\Developer\source\repos\ClinicApp\packages\Microsoft.AspNet.Identity.Owin.2.2.3\lib\net45\Microsoft.AspNet.Identity.Owin.xml" to "C:\Users\Developer\source\repos\ClinicApp\bin\Microsoft.AspNet.Identity.Owin.xml".
         Copying file from "C:\Users\Developer\source\repos\ClinicApp\packages\Microsoft.Bcl.AsyncInterfaces.9.0.8\lib\net462\Microsoft.Bcl.AsyncInterfaces.xml" to "C:\Users\Developer\source\repos\ClinicApp\bin\Microsoft.Bcl.AsyncInterfaces.xml".
         Copying file from "C:\Users\Developer\source\repos\ClinicApp\packages\Microsoft.Bcl.HashCode.1.1.1\lib\net461\Microsoft.Bcl.HashCode.xml" to "C:\Users\Developer\source\repos\ClinicApp\bin\Microsoft.Bcl.HashCode.xml".
         Copying file from "C:\Users\Developer\source\repos\ClinicApp\packages\Microsoft.CodeDom.Providers.DotNetCompilerPlatform.4.1.0\lib\net472\Microsoft.CodeDom.Providers.DotNetCompilerPlatform.xml" to "C:\Users\Developer\source\repos\ClinicApp\bin\Microsoft.CodeDom.Providers.DotNetCompilerPlatform.xml".
         Copying file from "C:\Users\Developer\source\repos\ClinicApp\packages\Microsoft.Data.SqlClient.5.2.3\lib\net462\Microsoft.Data.SqlClient.xml" to "C:\Users\Developer\source\repos\ClinicApp\bin\Microsoft.Data.SqlClient.xml".
         Copying file from "C:\Users\Developer\source\repos\ClinicApp\packages\Microsoft.Extensions.Configuration.8.0.0\lib\net462\Microsoft.Extensions.Configuration.xml" to "C:\Users\Developer\source\repos\ClinicApp\bin\Microsoft.Extensions.Configuration.xml".
         Copying file from "C:\Users\Developer\source\repos\ClinicApp\packages\Microsoft.Extensions.Configuration.Abstractions.8.0.0\lib\net462\Microsoft.Extensions.Configuration.Abstractions.xml" to "C:\Users\Developer\source\repos\ClinicApp\bin\Microsoft.Extensions.Configuration.Abstractions.xml".
         Copying file from "C:\Users\Developer\source\repos\ClinicApp\packages\Microsoft.Extensions.Configuration.Binder.8.0.0\lib\net462\Microsoft.Extensions.Configuration.Binder.xml" to "C:\Users\Developer\source\repos\ClinicApp\bin\Microsoft.Extensions.Configuration.Binder.xml".
         Copying file from "C:\Users\Developer\source\repos\ClinicApp\packages\Microsoft.Extensions.Options.8.0.0\lib\net462\Microsoft.Extensions.Options.xml" to "C:\Users\Developer\source\repos\ClinicApp\bin\Microsoft.Extensions.Options.xml".
         Copying file from "C:\Users\Developer\source\repos\ClinicApp\packages\Microsoft.Extensions.Options.ConfigurationExtensions.8.0.0\lib\net462\Microsoft.Extensions.Options.ConfigurationExtensions.xml" to "C:\Users\Developer\source\repos\ClinicApp\bin\Microsoft.Extensions.Options.ConfigurationExtensions.xml".
         Copying file from "C:\Users\Developer\source\repos\ClinicApp\packages\Microsoft.Extensions.DependencyInjection.Abstractions.8.0.0\lib\net462\Microsoft.Extensions.DependencyInjection.Abstractions.xml" to "C:\Users\Developer\source\repos\ClinicApp\bin\Microsoft.Extensions.DependencyInjection.Abstractions.xml".
         Copying file from "C:\Users\Developer\source\repos\ClinicApp\packages\Microsoft.Extensions.Primitives.8.0.0\lib\net462\Microsoft.Extensions.Primitives.xml" to "C:\Users\Developer\source\repos\ClinicApp\bin\Microsoft.Extensions.Primitives.xml".
         Copying file from "C:\Users\Developer\source\repos\ClinicApp\packages\Microsoft.Identity.Client.4.73.1\lib\net472\Microsoft.Identity.Client.xml" to "C:\Users\Developer\source\repos\ClinicApp\bin\Microsoft.Identity.Client.xml".
         Copying file from "C:\Users\Developer\source\repos\ClinicApp\packages\Microsoft.Identity.Client.Extensions.Msal.4.61.3\lib\netstandard2.0\Microsoft.Identity.Client.Extensions.Msal.xml" to "C:\Users\Developer\source\repos\ClinicApp\bin\Microsoft.Identity.Client.Extensions.Msal.xml".
         Copying file from "C:\Users\Developer\source\repos\ClinicApp\packages\Microsoft.IdentityModel.Abstractions.6.35.0\lib\net472\Microsoft.IdentityModel.Abstractions.xml" to "C:\Users\Developer\source\repos\ClinicApp\bin\Microsoft.IdentityModel.Abstractions.xml".
         Copying file from "C:\Users\Developer\source\repos\ClinicApp\packages\Microsoft.IdentityModel.JsonWebTokens.6.35.0\lib\net472\Microsoft.IdentityModel.JsonWebTokens.xml" to "C:\Users\Developer\source\repos\ClinicApp\bin\Microsoft.IdentityModel.JsonWebTokens.xml".
         Copying file from "C:\Users\Developer\source\repos\ClinicApp\packages\Microsoft.IdentityModel.Logging.6.35.0\lib\net472\Microsoft.IdentityModel.Logging.xml" to "C:\Users\Developer\source\repos\ClinicApp\bin\Microsoft.IdentityModel.Logging.xml".
         Copying file from "C:\Users\Developer\source\repos\ClinicApp\packages\Microsoft.IdentityModel.Protocols.6.35.0\lib\net472\Microsoft.IdentityModel.Protocols.xml" to "C:\Users\Developer\source\repos\ClinicApp\bin\Microsoft.IdentityModel.Protocols.xml".
         Copying file from "C:\Users\Developer\source\repos\ClinicApp\packages\Microsoft.IdentityModel.Protocols.OpenIdConnect.6.35.0\lib\net472\Microsoft.IdentityModel.Protocols.OpenIdConnect.xml" to "C:\Users\Developer\source\repos\ClinicApp\bin\Microsoft.IdentityModel.Protocols.OpenIdConnect.xml".
         Copying file from "C:\Users\Developer\source\repos\ClinicApp\packages\Microsoft.IdentityModel.Tokens.6.35.0\lib\net472\Microsoft.IdentityModel.Tokens.xml" to "C:\Users\Developer\source\repos\ClinicApp\bin\Microsoft.IdentityModel.Tokens.xml".
         Copying file from "C:\Users\Developer\source\repos\ClinicApp\packages\Microsoft.Owin.4.2.3\lib\net45\Microsoft.Owin.xml" to "C:\Users\Developer\source\repos\ClinicApp\bin\Microsoft.Owin.xml".
         Copying file from "C:\Users\Developer\source\repos\ClinicApp\packages\Microsoft.Owin.Host.SystemWeb.4.2.3\lib\net45\Microsoft.Owin.Host.SystemWeb.xml" to "C:\Users\Developer\source\repos\ClinicApp\bin\Microsoft.Owin.Host.SystemWeb.xml".
         Copying file from "C:\Users\Developer\source\repos\ClinicApp\packages\Microsoft.Owin.Security.4.2.3\lib\net45\Microsoft.Owin.Security.xml" to "C:\Users\Developer\source\repos\ClinicApp\bin\Microsoft.Owin.Security.xml".
         Copying file from "C:\Users\Developer\source\repos\ClinicApp\packages\Microsoft.Owin.Security.Facebook.4.2.3\lib\net45\Microsoft.Owin.Security.Facebook.xml" to "C:\Users\Developer\source\repos\ClinicApp\bin\Microsoft.Owin.Security.Facebook.xml".
         Copying file from "C:\Users\Developer\source\repos\ClinicApp\packages\Microsoft.Owin.Security.Google.4.2.3\lib\net45\Microsoft.Owin.Security.Google.xml" to "C:\Users\Developer\source\repos\ClinicApp\bin\Microsoft.Owin.Security.Google.xml".
         Copying file from "C:\Users\Developer\source\repos\ClinicApp\packages\Microsoft.Owin.Security.OAuth.4.2.3\lib\net45\Microsoft.Owin.Security.OAuth.xml" to "C:\Users\Developer\source\repos\ClinicApp\bin\Microsoft.Owin.Security.OAuth.xml".
         Copying file from "C:\Users\Developer\source\repos\ClinicApp\packages\Microsoft.Owin.Security.MicrosoftAccount.4.2.3\lib\net45\Microsoft.Owin.Security.MicrosoftAccount.xml" to "C:\Users\Developer\source\repos\ClinicApp\bin\Microsoft.Owin.Security.MicrosoftAccount.xml".
         Copying file from "C:\Users\Developer\source\repos\ClinicApp\packages\Microsoft.Owin.Security.Twitter.4.2.3\lib\net45\Microsoft.Owin.Security.Twitter.xml" to "C:\Users\Developer\source\repos\ClinicApp\bin\Microsoft.Owin.Security.Twitter.xml".
         Copying file from "C:\Users\Developer\source\repos\ClinicApp\packages\MimeKit.4.11.0\lib\net48\MimeKit.pdb" to "C:\Users\Developer\source\repos\ClinicApp\bin\MimeKit.pdb".
         Copying file from "C:\Users\Developer\source\repos\ClinicApp\packages\QuestPDF.2025.7.0\lib\netstandard2.0\QuestPDF.xml" to "C:\Users\Developer\source\repos\ClinicApp\bin\QuestPDF.xml".
         Copying file from "C:\Users\Developer\source\repos\ClinicApp\packages\MimeKit.4.11.0\lib\net48\MimeKit.xml" to "C:\Users\Developer\source\repos\ClinicApp\bin\MimeKit.xml".
         Copying file from "C:\Users\Developer\source\repos\ClinicApp\packages\RBush.Signed.4.0.0\lib\net47\RBush.xml" to "C:\Users\Developer\source\repos\ClinicApp\bin\RBush.xml".
         Copying file from "C:\Users\Developer\source\repos\ClinicApp\packages\RestSharp.112.1.0\lib\net48\RestSharp.xml" to "C:\Users\Developer\source\repos\ClinicApp\bin\RestSharp.xml".
         Copying file from "C:\Users\Developer\source\repos\ClinicApp\packages\Serilog.4.3.0\lib\net471\Serilog.xml" to "C:\Users\Developer\source\repos\ClinicApp\bin\Serilog.xml".
         Copying file from "C:\Users\Developer\source\repos\ClinicApp\packages\Serilog.Enrichers.Process.2.0.2\lib\net45\Serilog.Enrichers.Process.pdb" to "C:\Users\Developer\source\repos\ClinicApp\bin\Serilog.Enrichers.Process.pdb".
         Copying file from "C:\Users\Developer\source\repos\ClinicApp\packages\Serilog.Enrichers.Thread.3.1.0\lib\net45\Serilog.Enrichers.Thread.xml" to "C:\Users\Developer\source\repos\ClinicApp\bin\Serilog.Enrichers.Thread.xml".
         Copying file from "C:\Users\Developer\source\repos\ClinicApp\packages\Serilog.Formatting.Compact.1.1.0\lib\net452\Serilog.Formatting.Compact.xml" to "C:\Users\Developer\source\repos\ClinicApp\bin\Serilog.Formatting.Compact.xml".
         Copying file from "C:\Users\Developer\source\repos\ClinicApp\packages\Serilog.Filters.Expressions.2.1.0\lib\net45\Serilog.Filters.Expressions.xml" to "C:\Users\Developer\source\repos\ClinicApp\bin\Serilog.Filters.Expressions.xml".
         Copying file from "C:\Users\Developer\source\repos\ClinicApp\packages\Serilog.Formatting.Elasticsearch.10.0.0\lib\netstandard2.0\Serilog.Formatting.Elasticsearch.xml" to "C:\Users\Developer\source\repos\ClinicApp\bin\Serilog.Formatting.Elasticsearch.xml".
         Copying file from "C:\Users\Developer\source\repos\ClinicApp\packages\Serilog.Sinks.Async.1.5.0\lib\net461\Serilog.Sinks.Async.xml" to "C:\Users\Developer\source\repos\ClinicApp\bin\Serilog.Sinks.Async.xml".
         Copying file from "C:\Users\Developer\source\repos\ClinicApp\packages\Serilog.Sinks.Console.4.1.0\lib\net45\Serilog.Sinks.Console.xml" to "C:\Users\Developer\source\repos\ClinicApp\bin\Serilog.Sinks.Console.xml".
         Copying file from "C:\Users\Developer\source\repos\ClinicApp\packages\Serilog.Sinks.Email.2.4.0\lib\net47\Serilog.Sinks.Email.xml" to "C:\Users\Developer\source\repos\ClinicApp\bin\Serilog.Sinks.Email.xml".
         Copying file from "C:\Users\Developer\source\repos\ClinicApp\packages\Serilog.Sinks.File.7.0.0\lib\net471\Serilog.Sinks.File.xml" to "C:\Users\Developer\source\repos\ClinicApp\bin\Serilog.Sinks.File.xml".
         Copying file from "C:\Users\Developer\source\repos\ClinicApp\packages\Serilog.Sinks.MSSqlServer.6.1.0\lib\net472\Serilog.Sinks.MSSqlServer.xml" to "C:\Users\Developer\source\repos\ClinicApp\bin\Serilog.Sinks.MSSqlServer.xml".
         Copying file from "C:\Users\Developer\source\repos\ClinicApp\packages\Serilog.Sinks.Seq.5.2.1\lib\net45\Serilog.Sinks.Seq.xml" to "C:\Users\Developer\source\repos\ClinicApp\bin\Serilog.Sinks.Seq.xml".
         Copying file from "C:\Users\Developer\source\repos\ClinicApp\packages\Serilog.Sinks.PeriodicBatching.3.1.0\lib\net45\Serilog.Sinks.PeriodicBatching.xml" to "C:\Users\Developer\source\repos\ClinicApp\bin\Serilog.Sinks.PeriodicBatching.xml".
         Copying file from "C:\Users\Developer\source\repos\ClinicApp\packages\SixLabors.Fonts.1.0.0\lib\netstandard2.0\SixLabors.Fonts.xml" to "C:\Users\Developer\source\repos\ClinicApp\bin\SixLabors.Fonts.xml".
         Copying file from "C:\Users\Developer\source\repos\ClinicApp\packages\Superpower.2.3.0\lib\net45\Superpower.xml" to "C:\Users\Developer\source\repos\ClinicApp\bin\Superpower.xml".
         Copying file from "C:\Users\Developer\source\repos\ClinicApp\packages\System.Buffers.4.6.1\lib\net462\System.Buffers.xml" to "C:\Users\Developer\source\repos\ClinicApp\bin\System.Buffers.xml".
         Copying file from "C:\Users\Developer\source\repos\ClinicApp\packages\System.ClientModel.1.0.0\lib\netstandard2.0\System.ClientModel.xml" to "C:\Users\Developer\source\repos\ClinicApp\bin\System.ClientModel.xml".
         Copying file from "C:\Users\Developer\source\repos\ClinicApp\packages\System.CodeDom.9.0.9\lib\net462\System.CodeDom.xml" to "C:\Users\Developer\source\repos\ClinicApp\bin\System.CodeDom.xml".
         Copying file from "C:\Users\Developer\source\repos\ClinicApp\packages\System.Configuration.ConfigurationManager.9.0.8\lib\net462\System.Configuration.ConfigurationManager.xml" to "C:\Users\Developer\source\repos\ClinicApp\bin\System.Configuration.ConfigurationManager.xml".
         Copying file from "C:\Users\Developer\source\repos\ClinicApp\packages\System.Formats.Asn1.8.0.1\lib\net462\System.Formats.Asn1.xml" to "C:\Users\Developer\source\repos\ClinicApp\bin\System.Formats.Asn1.xml".
         Copying file from "C:\Users\Developer\source\repos\ClinicApp\packages\System.Diagnostics.DiagnosticSource.9.0.8\lib\net462\System.Diagnostics.DiagnosticSource.xml" to "C:\Users\Developer\source\repos\ClinicApp\bin\System.Diagnostics.DiagnosticSource.xml".
         Copying file from "C:\Users\Developer\source\repos\ClinicApp\packages\System.IdentityModel.Tokens.Jwt.6.35.0\lib\net472\System.IdentityModel.Tokens.Jwt.xml" to "C:\Users\Developer\source\repos\ClinicApp\bin\System.IdentityModel.Tokens.Jwt.xml".
         Copying file from "C:\Users\Developer\source\repos\ClinicApp\packages\System.IO.FileSystem.AccessControl.5.0.0\lib\net461\System.IO.FileSystem.AccessControl.xml" to "C:\Users\Developer\source\repos\ClinicApp\bin\System.IO.FileSystem.AccessControl.xml".
         Copying file from "C:\Users\Developer\source\repos\ClinicApp\packages\System.IO.Pipelines.9.0.8\lib\net462\System.IO.Pipelines.xml" to "C:\Users\Developer\source\repos\ClinicApp\bin\System.IO.Pipelines.xml".
         Copying file from "C:\Users\Developer\source\repos\ClinicApp\packages\System.Memory.4.6.3\lib\net462\System.Memory.xml" to "C:\Users\Developer\source\repos\ClinicApp\bin\System.Memory.xml".
         Copying file from "C:\Users\Developer\source\repos\ClinicApp\packages\System.Memory.Data.1.0.2\lib\net461\System.Memory.Data.xml" to "C:\Users\Developer\source\repos\ClinicApp\bin\System.Memory.Data.xml".
         Copying file from "C:\Users\Developer\source\repos\ClinicApp\packages\System.Numerics.Vectors.4.6.1\lib\net462\System.Numerics.Vectors.xml" to "C:\Users\Developer\source\repos\ClinicApp\bin\System.Numerics.Vectors.xml".
         Copying file from "C:\Users\Developer\source\repos\ClinicApp\packages\System.Runtime.CompilerServices.Unsafe.6.1.2\lib\net462\System.Runtime.CompilerServices.Unsafe.xml" to "C:\Users\Developer\source\repos\ClinicApp\bin\System.Runtime.CompilerServices.Unsafe.xml".
         Copying file from "C:\Users\Developer\source\repos\ClinicApp\packages\System.Security.AccessControl.5.0.0\lib\net461\System.Security.AccessControl.xml" to "C:\Users\Developer\source\repos\ClinicApp\bin\System.Security.AccessControl.xml".
         Copying file from "C:\Users\Developer\source\repos\ClinicApp\packages\System.Security.Cryptography.ProtectedData.4.7.0\lib\net461\System.Security.Cryptography.ProtectedData.xml" to "C:\Users\Developer\source\repos\ClinicApp\bin\System.Security.Cryptography.ProtectedData.xml".
         Copying file from "C:\Users\Developer\source\repos\ClinicApp\packages\System.Security.Principal.Windows.5.0.0\lib\net461\System.Security.Principal.Windows.xml" to "C:\Users\Developer\source\repos\ClinicApp\bin\System.Security.Principal.Windows.xml".
         Copying file from "C:\Users\Developer\source\repos\ClinicApp\packages\System.Text.Encodings.Web.9.0.8\lib\net462\System.Text.Encodings.Web.xml" to "C:\Users\Developer\source\repos\ClinicApp\bin\System.Text.Encodings.Web.xml".
         Copying file from "C:\Users\Developer\source\repos\ClinicApp\packages\System.Text.Json.9.0.8\lib\net462\System.Text.Json.xml" to "C:\Users\Developer\source\repos\ClinicApp\bin\System.Text.Json.xml".
         Copying file from "C:\Users\Developer\source\repos\ClinicApp\packages\System.Threading.Channels.9.0.8\lib\net462\System.Threading.Channels.xml" to "C:\Users\Developer\source\repos\ClinicApp\bin\System.Threading.Channels.xml".
         Copying file from "C:\Users\Developer\source\repos\ClinicApp\packages\Microsoft.AspNet.Mvc.5.3.0\lib\net45\System.Web.Mvc.xml" to "C:\Users\Developer\source\repos\ClinicApp\bin\System.Web.Mvc.xml".
         Copying file from "C:\Users\Developer\source\repos\ClinicApp\packages\Microsoft.AspNet.WebPages.3.3.0\lib\net45\System.Web.Helpers.xml" to "C:\Users\Developer\source\repos\ClinicApp\bin\System.Web.Helpers.xml".
         Copying file from "C:\Users\Developer\source\repos\ClinicApp\packages\Microsoft.AspNet.Razor.3.3.0\lib\net45\System.Web.Razor.xml" to "C:\Users\Developer\source\repos\ClinicApp\bin\System.Web.Razor.xml".
         Copying file from "C:\Users\Developer\source\repos\ClinicApp\packages\System.Threading.Tasks.Extensions.4.6.3\lib\net462\System.Threading.Tasks.Extensions.xml" to "C:\Users\Developer\source\repos\ClinicApp\bin\System.Threading.Tasks.Extensions.xml".
         Copying file from "C:\Users\Developer\source\repos\ClinicApp\packages\Microsoft.AspNet.WebPages.3.3.0\lib\net45\System.Web.WebPages.xml" to "C:\Users\Developer\source\repos\ClinicApp\bin\System.Web.WebPages.xml".
         Copying file from "C:\Users\Developer\source\repos\ClinicApp\packages\Microsoft.AspNet.WebPages.3.3.0\lib\net45\System.Web.WebPages.Deployment.xml" to "C:\Users\Developer\source\repos\ClinicApp\bin\System.Web.WebPages.Deployment.xml".
         Copying file from "C:\Users\Developer\source\repos\ClinicApp\packages\Microsoft.AspNet.WebPages.3.3.0\lib\net45\System.Web.WebPages.Razor.xml" to "C:\Users\Developer\source\repos\ClinicApp\bin\System.Web.WebPages.Razor.xml".
         Copying file from "C:\Users\Developer\source\repos\ClinicApp\packages\Microsoft.AspNet.Web.Optimization.1.1.3\lib\net40\System.Web.Optimization.xml" to "C:\Users\Developer\source\repos\ClinicApp\bin\System.Web.Optimization.xml".
         Copying file from "C:\Users\Developer\source\repos\ClinicApp\packages\Newtonsoft.Json.13.0.3\lib\net45\Newtonsoft.Json.xml" to "C:\Users\Developer\source\repos\ClinicApp\bin\Newtonsoft.Json.xml".
         Copying file from "C:\Users\Developer\source\repos\ClinicApp\packages\Unity.5.11.10\lib\net48\Unity.Abstractions.pdb" to "C:\Users\Developer\source\repos\ClinicApp\bin\Unity.Abstractions.pdb".
         Copying file from "C:\Users\Developer\source\repos\ClinicApp\packages\Unity.5.11.10\lib\net48\Unity.Container.pdb" to "C:\Users\Developer\source\repos\ClinicApp\bin\Unity.Container.pdb".
         Copying file from "C:\Users\Developer\source\repos\ClinicApp\packages\Unity.Mvc.5.11.1\lib\net47\Unity.Mvc.pdb" to "C:\Users\Developer\source\repos\ClinicApp\bin\Unity.Mvc.pdb".
         Copying file from "C:\Users\Developer\source\repos\ClinicApp\packages\Unity.Mvc.5.11.1\lib\net47\Unity.Mvc.xml" to "C:\Users\Developer\source\repos\ClinicApp\bin\Unity.Mvc.xml".
         Copying file from "C:\Users\Developer\source\repos\ClinicApp\packages\Antlr.3.5.0.2\lib\Antlr3.Runtime.pdb" to "C:\Users\Developer\source\repos\ClinicApp\bin\Antlr3.Runtime.pdb".
         Copying file from "C:\Users\Developer\source\repos\ClinicApp\packages\Microsoft.Data.SqlClient.5.2.3\lib\net462\de\Microsoft.Data.SqlClient.resources.dll" to "C:\Users\Developer\source\repos\ClinicApp\bin\de\Microsoft.Data.SqlClient.resources.dll".
         Copying file from "C:\Users\Developer\source\repos\ClinicApp\packages\Microsoft.Data.SqlClient.5.2.3\lib\net462\es\Microsoft.Data.SqlClient.resources.dll" to "C:\Users\Developer\source\repos\ClinicApp\bin\es\Microsoft.Data.SqlClient.resources.dll".
         Copying file from "C:\Users\Developer\source\repos\ClinicApp\packages\Microsoft.Data.SqlClient.5.2.3\lib\net462\fr\Microsoft.Data.SqlClient.resources.dll" to "C:\Users\Developer\source\repos\ClinicApp\bin\fr\Microsoft.Data.SqlClient.resources.dll".
         Copying file from "C:\Users\Developer\source\repos\ClinicApp\packages\Microsoft.Data.SqlClient.5.2.3\lib\net462\it\Microsoft.Data.SqlClient.resources.dll" to "C:\Users\Developer\source\repos\ClinicApp\bin\it\Microsoft.Data.SqlClient.resources.dll".
         Copying file from "C:\Users\Developer\source\repos\ClinicApp\packages\Microsoft.Data.SqlClient.5.2.3\lib\net462\ja\Microsoft.Data.SqlClient.resources.dll" to "C:\Users\Developer\source\repos\ClinicApp\bin\ja\Microsoft.Data.SqlClient.resources.dll".
         Copying file from "C:\Users\Developer\source\repos\ClinicApp\packages\Microsoft.Data.SqlClient.5.2.3\lib\net462\ko\Microsoft.Data.SqlClient.resources.dll" to "C:\Users\Developer\source\repos\ClinicApp\bin\ko\Microsoft.Data.SqlClient.resources.dll".
         Copying file from "C:\Users\Developer\source\repos\ClinicApp\packages\Microsoft.Data.SqlClient.5.2.3\lib\net462\pt-BR\Microsoft.Data.SqlClient.resources.dll" to "C:\Users\Developer\source\repos\ClinicApp\bin\pt-BR\Microsoft.Data.SqlClient.resources.dll".
         Copying file from "C:\Users\Developer\source\repos\ClinicApp\packages\Microsoft.Data.SqlClient.5.2.3\lib\net462\zh-Hans\Microsoft.Data.SqlClient.resources.dll" to "C:\Users\Developer\source\repos\ClinicApp\bin\zh-Hans\Microsoft.Data.SqlClient.resources.dll".
         Copying file from "C:\Users\Developer\source\repos\ClinicApp\packages\Microsoft.Data.SqlClient.5.2.3\lib\net462\zh-Hant\Microsoft.Data.SqlClient.resources.dll" to "C:\Users\Developer\source\repos\ClinicApp\bin\zh-Hant\Microsoft.Data.SqlClient.resources.dll".
         Copying file from "C:\Users\Developer\source\repos\ClinicApp\packages\Microsoft.Data.SqlClient.5.2.3\lib\net462\ru\Microsoft.Data.SqlClient.resources.dll" to "C:\Users\Developer\source\repos\ClinicApp\bin\ru\Microsoft.Data.SqlClient.resources.dll".
         Creating "C:\Users\Developer\source\repos\ClinicApp\obj\Debug\ClinicApp.csproj.Up2Date" because "AlwaysCreate" was specified.
         Touching "C:\Users\Developer\source\repos\ClinicApp\obj\Debug\ClinicApp.csproj.Up2Date".
       _CopyOutOfDateSourceItemsToOutputDirectory:
         Copying file from "C:\Users\Developer\source\repos\ClinicApp\packages\QuestPDF.2025.7.0\runtimes\linux-musl-x64\native\libcrypto.so" to "C:\Users\Developer\source\repos\ClinicApp\bin\runtimes\linux-musl-x64\native\libcrypto.so".
         Copying file from "C:\Users\Developer\source\repos\ClinicApp\packages\QuestPDF.2025.7.0\runtimes\linux-musl-x64\native\libjpeg.so.8" to "C:\Users\Developer\source\repos\ClinicApp\bin\runtimes\linux-musl-x64\native\libjpeg.so.8".
         Copying file from "C:\Users\Developer\source\repos\ClinicApp\packages\QuestPDF.2025.7.0\runtimes\linux-arm64\native\libcrypto.so" to "C:\Users\Developer\source\repos\ClinicApp\bin\runtimes\linux-arm64\native\libcrypto.so".
         Copying file from "C:\Users\Developer\source\repos\ClinicApp\packages\QuestPDF.2025.7.0\runtimes\linux-arm64\native\libqpdf.so" to "C:\Users\Developer\source\repos\ClinicApp\bin\runtimes\linux-arm64\native\libqpdf.so".
         Copying file from "C:\Users\Developer\source\repos\ClinicApp\packages\QuestPDF.2025.7.0\runtimes\linux-arm64\native\libQuestPdfSkia.so" to "C:\Users\Developer\source\repos\ClinicApp\bin\runtimes\linux-arm64\native\libQuestPdfSkia.so".
         Copying file from "C:\Users\Developer\source\repos\ClinicApp\packages\QuestPDF.2025.7.0\runtimes\linux-arm64\native\libjpeg.so.8" to "C:\Users\Developer\source\repos\ClinicApp\bin\runtimes\linux-arm64\native\libjpeg.so.8".
         Copying file from "C:\Users\Developer\source\repos\ClinicApp\packages\QuestPDF.2025.7.0\runtimes\linux-musl-x64\native\libqpdf.so" to "C:\Users\Developer\source\repos\ClinicApp\bin\runtimes\linux-musl-x64\native\libqpdf.so".
         Copying file from "C:\Users\Developer\source\repos\ClinicApp\packages\QuestPDF.2025.7.0\runtimes\linux-musl-x64\native\libQuestPdfSkia.so" to "C:\Users\Developer\source\repos\ClinicApp\bin\runtimes\linux-musl-x64\native\libQuestPdfSkia.so".
         Copying file from "C:\Users\Developer\source\repos\ClinicApp\packages\QuestPDF.2025.7.0\runtimes\linux-x64\native\libcrypto.so" to "C:\Users\Developer\source\repos\ClinicApp\bin\runtimes\linux-x64\native\libcrypto.so".
         Copying file from "C:\Users\Developer\source\repos\ClinicApp\packages\QuestPDF.2025.7.0\runtimes\linux-x64\native\libjpeg.so.8" to "C:\Users\Developer\source\repos\ClinicApp\bin\runtimes\linux-x64\native\libjpeg.so.8".
         Copying file from "C:\Users\Developer\source\repos\ClinicApp\packages\QuestPDF.2025.7.0\runtimes\linux-x64\native\libqpdf.so" to "C:\Users\Developer\source\repos\ClinicApp\bin\runtimes\linux-x64\native\libqpdf.so".
         Copying file from "C:\Users\Developer\source\repos\ClinicApp\packages\QuestPDF.2025.7.0\runtimes\linux-x64\native\libQuestPdfSkia.so" to "C:\Users\Developer\source\repos\ClinicApp\bin\runtimes\linux-x64\native\libQuestPdfSkia.so".
         Copying file from "C:\Users\Developer\source\repos\ClinicApp\packages\QuestPDF.2025.7.0\runtimes\osx-arm64\native\libcrypto.dylib" to "C:\Users\Developer\source\repos\ClinicApp\bin\runtimes\osx-arm64\native\libcrypto.dylib".
         Copying file from "C:\Users\Developer\source\repos\ClinicApp\packages\QuestPDF.2025.7.0\runtimes\osx-arm64\native\libjpeg.dylib" to "C:\Users\Developer\source\repos\ClinicApp\bin\runtimes\osx-arm64\native\libjpeg.dylib".
         Copying file from "C:\Users\Developer\source\repos\ClinicApp\packages\QuestPDF.2025.7.0\runtimes\osx-arm64\native\libqpdf.dylib" to "C:\Users\Developer\source\repos\ClinicApp\bin\runtimes\osx-arm64\native\libqpdf.dylib".
         Copying file from "C:\Users\Developer\source\repos\ClinicApp\packages\QuestPDF.2025.7.0\runtimes\osx-x64\native\libcrypto.dylib" to "C:\Users\Developer\source\repos\ClinicApp\bin\runtimes\osx-x64\native\libcrypto.dylib".
         Copying file from "C:\Users\Developer\source\repos\ClinicApp\packages\QuestPDF.2025.7.0\runtimes\osx-arm64\native\libQuestPdfSkia.dylib" to "C:\Users\Developer\source\repos\ClinicApp\bin\runtimes\osx-arm64\native\libQuestPdfSkia.dylib".
         Copying file from "C:\Users\Developer\source\repos\ClinicApp\packages\QuestPDF.2025.7.0\runtimes\osx-x64\native\libjpeg.dylib" to "C:\Users\Developer\source\repos\ClinicApp\bin\runtimes\osx-x64\native\libjpeg.dylib".
         Copying file from "C:\Users\Developer\source\repos\ClinicApp\packages\QuestPDF.2025.7.0\runtimes\osx-x64\native\libqpdf.dylib" to "C:\Users\Developer\source\repos\ClinicApp\bin\runtimes\osx-x64\native\libqpdf.dylib".
         Copying file from "C:\Users\Developer\source\repos\ClinicApp\packages\QuestPDF.2025.7.0\runtimes\osx-x64\native\libQuestPdfSkia.dylib" to "C:\Users\Developer\source\repos\ClinicApp\bin\runtimes\osx-x64\native\libQuestPdfSkia.dylib".
         Copying file from "C:\Users\Developer\source\repos\ClinicApp\packages\QuestPDF.2025.7.0\runtimes\win-x64\native\libgcc_s_seh-1.dll" to "C:\Users\Developer\source\repos\ClinicApp\bin\runtimes\win-x64\native\libgcc_s_seh-1.dll".
         Copying file from "C:\Users\Developer\source\repos\ClinicApp\packages\QuestPDF.2025.7.0\runtimes\win-x64\native\libstdc++-6.dll" to "C:\Users\Developer\source\repos\ClinicApp\bin\runtimes\win-x64\native\libstdc++-6.dll".
         Copying file from "C:\Users\Developer\source\repos\ClinicApp\packages\QuestPDF.2025.7.0\runtimes\win-x64\native\qpdf.dll" to "C:\Users\Developer\source\repos\ClinicApp\bin\runtimes\win-x64\native\qpdf.dll".
         Copying file from "C:\Users\Developer\source\repos\ClinicApp\packages\QuestPDF.2025.7.0\runtimes\win-x64\native\libwinpthread-1.dll" to "C:\Users\Developer\source\repos\ClinicApp\bin\runtimes\win-x64\native\libwinpthread-1.dll".
         Copying file from "C:\Users\Developer\source\repos\ClinicApp\packages\QuestPDF.2025.7.0\runtimes\win-x86\native\libgcc_s_dw2-1.dll" to "C:\Users\Developer\source\repos\ClinicApp\bin\runtimes\win-x86\native\libgcc_s_dw2-1.dll".
         Copying file from "C:\Users\Developer\source\repos\ClinicApp\packages\QuestPDF.2025.7.0\runtimes\win-x64\native\QuestPdfSkia.dll" to "C:\Users\Developer\source\repos\ClinicApp\bin\runtimes\win-x64\native\QuestPdfSkia.dll".
         Copying file from "C:\Users\Developer\source\repos\ClinicApp\packages\QuestPDF.2025.7.0\runtimes\win-x86\native\libstdc++-6.dll" to "C:\Users\Developer\source\repos\ClinicApp\bin\runtimes\win-x86\native\libstdc++-6.dll".
         Copying file from "C:\Users\Developer\source\repos\ClinicApp\packages\QuestPDF.2025.7.0\runtimes\win-x86\native\libwinpthread-1.dll" to "C:\Users\Developer\source\repos\ClinicApp\bin\runtimes\win-x86\native\libwinpthread-1.dll".
         Copying file from "C:\Users\Developer\source\repos\ClinicApp\packages\QuestPDF.2025.7.0\runtimes\win-x86\native\qpdf.dll" to "C:\Users\Developer\source\repos\ClinicApp\bin\runtimes\win-x86\native\qpdf.dll".
         Copying file from "C:\Users\Developer\source\repos\ClinicApp\packages\QuestPDF.2025.7.0\runtimes\win-x86\native\QuestPdfSkia.dll" to "C:\Users\Developer\source\repos\ClinicApp\bin\runtimes\win-x86\native\QuestPdfSkia.dll".
       CopyFilesToOutputDirectory:
         Copying file from "C:\Users\Developer\source\repos\ClinicApp\obj\Debug\ClinicApp.dll" to "C:\Users\Developer\source\repos\ClinicApp\bin\ClinicApp.dll".
         ClinicApp -> C:\Users\Developer\source\repos\ClinicApp\bin\ClinicApp.dll
         Copying file from "C:\Users\Developer\source\repos\ClinicApp\obj\Debug\ClinicApp.pdb" to "C:\Users\Developer\source\repos\ClinicApp\bin\ClinicApp.pdb".
       SetRoslynCompilerFiles:
         Using Roslyn from 'C:\Users\Developer\source\repos\ClinicApp\packages\Microsoft.CodeDom.Providers.DotNetCompilerPlatform.4.1.0\tools\roslyn-4.1.0' folder
       CopyRoslynCompilerFilesToOutputDirectory:
         Copying file from "C:\Users\Developer\source\repos\ClinicApp\packages\Microsoft.CodeDom.Providers.DotNetCompilerPlatform.4.1.0\tools\roslyn-4.1.0\csi.exe" to "C:\Users\Developer\source\repos\ClinicApp\bin\roslyn\csi.exe".
         Copying file from "C:\Users\Developer\source\repos\ClinicApp\packages\Microsoft.CodeDom.Providers.DotNetCompilerPlatform.4.1.0\tools\roslyn-4.1.0\csc.rsp" to "C:\Users\Developer\source\repos\ClinicApp\bin\roslyn\csc.rsp".
         Copying file from "C:\Users\Developer\source\repos\ClinicApp\packages\Microsoft.CodeDom.Providers.DotNetCompilerPlatform.4.1.0\tools\roslyn-4.1.0\csc.exe.config" to "C:\Users\Developer\source\repos\ClinicApp\bin\roslyn\csc.exe.config".
         Copying file from "C:\Users\Developer\source\repos\ClinicApp\packages\Microsoft.CodeDom.Providers.DotNetCompilerPlatform.4.1.0\tools\roslyn-4.1.0\csc.exe" to "C:\Users\Developer\source\repos\ClinicApp\bin\roslyn\csc.exe".
         Copying file from "C:\Users\Developer\source\repos\ClinicApp\packages\Microsoft.CodeDom.Providers.DotNetCompilerPlatform.4.1.0\tools\roslyn-4.1.0\csi.exe.config" to "C:\Users\Developer\source\repos\ClinicApp\bin\roslyn\csi.exe.config".
         Copying file from "C:\Users\Developer\source\repos\ClinicApp\packages\Microsoft.CodeDom.Providers.DotNetCompilerPlatform.4.1.0\tools\roslyn-4.1.0\csi.rsp" to "C:\Users\Developer\source\repos\ClinicApp\bin\roslyn\csi.rsp".
         Copying file from "C:\Users\Developer\source\repos\ClinicApp\packages\Microsoft.CodeDom.Providers.DotNetCompilerPlatform.4.1.0\tools\roslyn-4.1.0\Microsoft.Build.Tasks.CodeAnalysis.dll" to "C:\Users\Developer\source\repos\ClinicApp\bin\roslyn\Microsoft.Build.Tasks.CodeAnalysis.dll".
         Copying file from "C:\Users\Developer\source\repos\ClinicApp\packages\Microsoft.CodeDom.Providers.DotNetCompilerPlatform.4.1.0\tools\roslyn-4.1.0\Microsoft.CodeAnalysis.CSharp.dll" to "C:\Users\Developer\source\repos\ClinicApp\bin\roslyn\Microsoft.CodeAnalysis.CSharp.dll".
         Copying file from "C:\Users\Developer\source\repos\ClinicApp\packages\Microsoft.CodeDom.Providers.DotNetCompilerPlatform.4.1.0\tools\roslyn-4.1.0\Microsoft.CodeAnalysis.dll" to "C:\Users\Developer\source\repos\ClinicApp\bin\roslyn\Microsoft.CodeAnalysis.dll".
         Copying file from "C:\Users\Developer\source\repos\ClinicApp\packages\Microsoft.CodeDom.Providers.DotNetCompilerPlatform.4.1.0\tools\roslyn-4.1.0\Microsoft.CodeAnalysis.CSharp.Scripting.dll" to "C:\Users\Developer\source\repos\ClinicApp\bin\roslyn\Microsoft.CodeAnalysis.CSharp.Scripting.dll".
         Copying file from "C:\Users\Developer\source\repos\ClinicApp\packages\Microsoft.CodeDom.Providers.DotNetCompilerPlatform.4.1.0\tools\roslyn-4.1.0\Microsoft.CodeAnalysis.Scripting.dll" to "C:\Users\Developer\source\repos\ClinicApp\bin\roslyn\Microsoft.CodeAnalysis.Scripting.dll".
         Copying file from "C:\Users\Developer\source\repos\ClinicApp\packages\Microsoft.CodeDom.Providers.DotNetCompilerPlatform.4.1.0\tools\roslyn-4.1.0\Microsoft.CodeAnalysis.VisualBasic.dll" to "C:\Users\Developer\source\repos\ClinicApp\bin\roslyn\Microsoft.CodeAnalysis.VisualBasic.dll".
         Copying file from "C:\Users\Developer\source\repos\ClinicApp\packages\Microsoft.CodeDom.Providers.DotNetCompilerPlatform.4.1.0\tools\roslyn-4.1.0\Microsoft.CSharp.Core.targets" to "C:\Users\Developer\source\repos\ClinicApp\bin\roslyn\Microsoft.CSharp.Core.targets".
         Copying file from "C:\Users\Developer\source\repos\ClinicApp\packages\Microsoft.CodeDom.Providers.DotNetCompilerPlatform.4.1.0\tools\roslyn-4.1.0\Microsoft.DiaSymReader.Native.amd64.dll" to "C:\Users\Developer\source\repos\ClinicApp\bin\roslyn\Microsoft.DiaSymReader.Native.amd64.dll".
         Copying file from "C:\Users\Developer\source\repos\ClinicApp\packages\Microsoft.CodeDom.Providers.DotNetCompilerPlatform.4.1.0\tools\roslyn-4.1.0\Microsoft.DiaSymReader.Native.x86.dll" to "C:\Users\Developer\source\repos\ClinicApp\bin\roslyn\Microsoft.DiaSymReader.Native.x86.dll".
         Copying file from "C:\Users\Developer\source\repos\ClinicApp\packages\Microsoft.CodeDom.Providers.DotNetCompilerPlatform.4.1.0\tools\roslyn-4.1.0\Microsoft.Managed.Core.CurrentVersions.targets" to "C:\Users\Developer\source\repos\ClinicApp\bin\roslyn\Microsoft.Managed.Core.CurrentVersions.targets".
         Copying file from "C:\Users\Developer\source\repos\ClinicApp\packages\Microsoft.CodeDom.Providers.DotNetCompilerPlatform.4.1.0\tools\roslyn-4.1.0\Microsoft.Managed.Core.targets" to "C:\Users\Developer\source\repos\ClinicApp\bin\roslyn\Microsoft.Managed.Core.targets".
         Copying file from "C:\Users\Developer\source\repos\ClinicApp\packages\Microsoft.CodeDom.Providers.DotNetCompilerPlatform.4.1.0\tools\roslyn-4.1.0\Microsoft.VisualBasic.Core.targets" to "C:\Users\Developer\source\repos\ClinicApp\bin\roslyn\Microsoft.VisualBasic.Core.targets".
         Copying file from "C:\Users\Developer\source\repos\ClinicApp\packages\Microsoft.CodeDom.Providers.DotNetCompilerPlatform.4.1.0\tools\roslyn-4.1.0\System.Buffers.dll" to "C:\Users\Developer\source\repos\ClinicApp\bin\roslyn\System.Buffers.dll".
         Copying file from "C:\Users\Developer\source\repos\ClinicApp\packages\Microsoft.CodeDom.Providers.DotNetCompilerPlatform.4.1.0\tools\roslyn-4.1.0\System.Memory.dll" to "C:\Users\Developer\source\repos\ClinicApp\bin\roslyn\System.Memory.dll".
         Copying file from "C:\Users\Developer\source\repos\ClinicApp\packages\Microsoft.CodeDom.Providers.DotNetCompilerPlatform.4.1.0\tools\roslyn-4.1.0\System.Collections.Immutable.dll" to "C:\Users\Developer\source\repos\ClinicApp\bin\roslyn\System.Collections.Immutable.dll".
         Copying file from "C:\Users\Developer\source\repos\ClinicApp\packages\Microsoft.CodeDom.Providers.DotNetCompilerPlatform.4.1.0\tools\roslyn-4.1.0\System.Numerics.Vectors.dll" to "C:\Users\Developer\source\repos\ClinicApp\bin\roslyn\System.Numerics.Vectors.dll".
         Copying file from "C:\Users\Developer\source\repos\ClinicApp\packages\Microsoft.CodeDom.Providers.DotNetCompilerPlatform.4.1.0\tools\roslyn-4.1.0\System.Reflection.Metadata.dll" to "C:\Users\Developer\source\repos\ClinicApp\bin\roslyn\System.Reflection.Metadata.dll".
         Copying file from "C:\Users\Developer\source\repos\ClinicApp\packages\Microsoft.CodeDom.Providers.DotNetCompilerPlatform.4.1.0\tools\roslyn-4.1.0\System.Runtime.CompilerServices.Unsafe.dll" to "C:\Users\Developer\source\repos\ClinicApp\bin\roslyn\System.Runtime.CompilerServices.Unsafe.dll".
         Copying file from "C:\Users\Developer\source\repos\ClinicApp\packages\Microsoft.CodeDom.Providers.DotNetCompilerPlatform.4.1.0\tools\roslyn-4.1.0\System.Text.Encoding.CodePages.dll" to "C:\Users\Developer\source\repos\ClinicApp\bin\roslyn\System.Text.Encoding.CodePages.dll".
         Copying file from "C:\Users\Developer\source\repos\ClinicApp\packages\Microsoft.CodeDom.Providers.DotNetCompilerPlatform.4.1.0\tools\roslyn-4.1.0\System.Threading.Tasks.Extensions.dll" to "C:\Users\Developer\source\repos\ClinicApp\bin\roslyn\System.Threading.Tasks.Extensions.dll".
         Copying file from "C:\Users\Developer\source\repos\ClinicApp\packages\Microsoft.CodeDom.Providers.DotNetCompilerPlatform.4.1.0\tools\roslyn-4.1.0\vbc.exe" to "C:\Users\Developer\source\repos\ClinicApp\bin\roslyn\vbc.exe".
         Copying file from "C:\Users\Developer\source\repos\ClinicApp\packages\Microsoft.CodeDom.Providers.DotNetCompilerPlatform.4.1.0\tools\roslyn-4.1.0\vbc.exe.config" to "C:\Users\Developer\source\repos\ClinicApp\bin\roslyn\vbc.exe.config".
         Copying file from "C:\Users\Developer\source\repos\ClinicApp\packages\Microsoft.CodeDom.Providers.DotNetCompilerPlatform.4.1.0\tools\roslyn-4.1.0\vbc.rsp" to "C:\Users\Developer\source\repos\ClinicApp\bin\roslyn\vbc.rsp".
         Copying file from "C:\Users\Developer\source\repos\ClinicApp\packages\Microsoft.CodeDom.Providers.DotNetCompilerPlatform.4.1.0\tools\roslyn-4.1.0\VBCSCompiler.exe" to "C:\Users\Developer\source\repos\ClinicApp\bin\roslyn\VBCSCompiler.exe".
         Copying file from "C:\Users\Developer\source\repos\ClinicApp\packages\Microsoft.CodeDom.Providers.DotNetCompilerPlatform.4.1.0\tools\roslyn-4.1.0\VBCSCompiler.exe.config" to "C:\Users\Developer\source\repos\ClinicApp\bin\roslyn\VBCSCompiler.exe.config".
       CopySNIFiles:
         Copying file from "C:\Users\Developer\source\repos\ClinicApp\packages\Microsoft.Data.SqlClient.SNI.5.2.0\build\net462\Microsoft.Data.SqlClient.SNI.arm64.dll" to "C:\Users\Developer\source\repos\ClinicApp\bin\Microsoft.Data.SqlClient.SNI.arm64.dll".
         Copying file from "C:\Users\Developer\source\repos\ClinicApp\packages\Microsoft.Data.SqlClient.SNI.5.2.0\build\net462\Microsoft.Data.SqlClient.SNI.x64.dll" to "C:\Users\Developer\source\repos\ClinicApp\bin\Microsoft.Data.SqlClient.SNI.x64.dll".
         Copying file from "C:\Users\Developer\source\repos\ClinicApp\packages\Microsoft.Data.SqlClient.SNI.5.2.0\build\net462\Microsoft.Data.SqlClient.SNI.x64.pdb" to "C:\Users\Developer\source\repos\ClinicApp\bin\Microsoft.Data.SqlClient.SNI.x64.pdb".
         Copying file from "C:\Users\Developer\source\repos\ClinicApp\packages\Microsoft.Data.SqlClient.SNI.5.2.0\build\net462\Microsoft.Data.SqlClient.SNI.x86.pdb" to "C:\Users\Developer\source\repos\ClinicApp\bin\Microsoft.Data.SqlClient.SNI.x86.pdb".
         Copying file from "C:\Users\Developer\source\repos\ClinicApp\packages\Microsoft.Data.SqlClient.SNI.5.2.0\build\net462\Microsoft.Data.SqlClient.SNI.arm64.pdb" to "C:\Users\Developer\source\repos\ClinicApp\bin\Microsoft.Data.SqlClient.SNI.arm64.pdb".
         Copying file from "C:\Users\Developer\source\repos\ClinicApp\packages\Microsoft.Data.SqlClient.SNI.5.2.0\build\net462\Microsoft.Data.SqlClient.SNI.x86.dll" to "C:\Users\Developer\source\repos\ClinicApp\bin\Microsoft.Data.SqlClient.SNI.x86.dll".
     2>Done Building Project "C:\Users\Developer\source\repos\ClinicApp\ClinicApp.csproj" (default targets).
     1>Done Building Project "C:\Users\Developer\source\repos\ClinicApp\ClinicApp.sln" (default targets).

Build succeeded.

       "C:\Users\Developer\source\repos\ClinicApp\ClinicApp.sln" (default target) (1:2) ->
       "C:\Users\Developer\source\repos\ClinicApp\ClinicApp.csproj" (default target) (2:6) ->
       (CoreCompile target) -> 
         C:\Users\Developer\source\repos\ClinicApp\Services\ClinicManagementService.cs(14,7): warning CS0105: The using directive for 'ClinicApp.Models' appeared previously in this namespace [C:\Users\Developer\source\repos\ClinicApp\ClinicApp.csproj]
         C:\Users\Developer\source\repos\ClinicApp\Services\Payment\Reporting\PaymentReportingService.cs(15,7): warning CS0105: The using directive for 'ClinicApp.Models.Enums' appeared previously in this namespace [C:\Users\Developer\source\repos\ClinicApp\ClinicApp.csproj]
         C:\Users\Developer\source\repos\ClinicApp\Models\Core\ApplicationUser.cs(51,19): warning CS0114: 'ApplicationUser.PhoneNumber' hides inherited member 'IdentityUser<string, IdentityUserLogin, IdentityUserRole, IdentityUserClaim>.PhoneNumber'. To make the current member override that implementation, add the override keyword. Otherwise add the new keyword. [C:\Users\Developer\source\repos\ClinicApp\ClinicApp.csproj]
         C:\Users\Developer\source\repos\ClinicApp\App_Start\IdentityConfig.cs(564,35): warning CS0114: 'ApplicationUserManager.GenerateChangePhoneNumberTokenAsync(string, string)' hides inherited member 'UserManager<ApplicationUser, string>.GenerateChangePhoneNumberTokenAsync(string, string)'. To make the current member override that implementation, add the override keyword. Otherwise add the new keyword. [C:\Users\Developer\source\repos\ClinicApp\ClinicApp.csproj]
         C:\Users\Developer\source\repos\ClinicApp\Models\Core\AuditableEntity.cs(20,18): warning CS8632: The annotation for nullable reference types should only be used in code within a '#nullable' annotations context. [C:\Users\Developer\source\repos\ClinicApp\ClinicApp.csproj]
         C:\Users\Developer\source\repos\ClinicApp\Models\Core\AuditableEntity.cs(21,35): warning CS8632: The annotation for nullable reference types should only be used in code within a '#nullable' annotations context. [C:\Users\Developer\source\repos\ClinicApp\ClinicApp.csproj]
         C:\Users\Developer\source\repos\ClinicApp\Models\Core\AuditableEntity.cs(26,18): warning CS8632: The annotation for nullable reference types should only be used in code within a '#nullable' annotations context. [C:\Users\Developer\source\repos\ClinicApp\ClinicApp.csproj]
         C:\Users\Developer\source\repos\ClinicApp\Models\Core\AuditableEntity.cs(27,35): warning CS8632: The annotation for nullable reference types should only be used in code within a '#nullable' annotations context. [C:\Users\Developer\source\repos\ClinicApp\ClinicApp.csproj]
         C:\Users\Developer\source\repos\ClinicApp\Models\Entities\Clinic\Clinic.cs(54,17): warning CS0108: 'Clinic.IsDeleted' hides inherited member 'AuditableEntity.IsDeleted'. Use the new keyword if hiding was intended. [C:\Users\Developer\source\repos\ClinicApp\ClinicApp.csproj]
         C:\Users\Developer\source\repos\ClinicApp\Models\Entities\Clinic\Clinic.cs(60,22): warning CS0108: 'Clinic.DeletedAt' hides inherited member 'AuditableEntity.DeletedAt'. Use the new keyword if hiding was intended. [C:\Users\Developer\source\repos\ClinicApp\ClinicApp.csproj]
         C:\Users\Developer\source\repos\ClinicApp\Models\Entities\Clinic\Clinic.cs(66,19): warning CS0108: 'Clinic.DeletedByUserId' hides inherited member 'AuditableEntity.DeletedByUserId'. Use the new keyword if hiding was intended. [C:\Users\Developer\source\repos\ClinicApp\ClinicApp.csproj]
         C:\Users\Developer\source\repos\ClinicApp\Models\Entities\Clinic\Clinic.cs(72,36): warning CS0114: 'Clinic.DeletedByUser' hides inherited member 'AuditableEntity.DeletedByUser'. To make the current member override that implementation, add the override keyword. Otherwise add the new keyword. [C:\Users\Developer\source\repos\ClinicApp\ClinicApp.csproj]
         C:\Users\Developer\source\repos\ClinicApp\Models\Entities\Clinic\Clinic.cs(80,21): warning CS0108: 'Clinic.CreatedAt' hides inherited member 'AuditableEntity.CreatedAt'. Use the new keyword if hiding was intended. [C:\Users\Developer\source\repos\ClinicApp\ClinicApp.csproj]
         C:\Users\Developer\source\repos\ClinicApp\Models\Entities\Clinic\Clinic.cs(86,19): warning CS0108: 'Clinic.CreatedByUserId' hides inherited member 'AuditableEntity.CreatedByUserId'. Use the new keyword if hiding was intended. [C:\Users\Developer\source\repos\ClinicApp\ClinicApp.csproj]
         C:\Users\Developer\source\repos\ClinicApp\Models\Entities\Clinic\Clinic.cs(92,36): warning CS0114: 'Clinic.CreatedByUser' hides inherited member 'AuditableEntity.CreatedByUser'. To make the current member override that implementation, add the override keyword. Otherwise add the new keyword. [C:\Users\Developer\source\repos\ClinicApp\ClinicApp.csproj]
         C:\Users\Developer\source\repos\ClinicApp\Models\Entities\Clinic\Clinic.cs(98,22): warning CS0108: 'Clinic.UpdatedAt' hides inherited member 'AuditableEntity.UpdatedAt'. Use the new keyword if hiding was intended. [C:\Users\Developer\source\repos\ClinicApp\ClinicApp.csproj]
         C:\Users\Developer\source\repos\ClinicApp\Models\Entities\Clinic\Clinic.cs(104,19): warning CS0108: 'Clinic.UpdatedByUserId' hides inherited member 'AuditableEntity.UpdatedByUserId'. Use the new keyword if hiding was intended. [C:\Users\Developer\source\repos\ClinicApp\ClinicApp.csproj]
         C:\Users\Developer\source\repos\ClinicApp\Models\Entities\Clinic\Clinic.cs(110,36): warning CS0114: 'Clinic.UpdatedByUser' hides inherited member 'AuditableEntity.UpdatedByUser'. To make the current member override that implementation, add the override keyword. Otherwise add the new keyword. [C:\Users\Developer\source\repos\ClinicApp\ClinicApp.csproj]
         C:\Users\Developer\source\repos\ClinicApp\Helpers\ServiceResult.cs(422,40): warning CS0108: 'ServiceResult<T>.FailedWithValidationErrors(string, IEnumerable<ValidationError>, string)' hides inherited member 'ServiceResult.FailedWithValidationErrors(string, IEnumerable<ValidationError>, string)'. Use the new keyword if hiding was intended. [C:\Users\Developer\source\repos\ClinicApp\ClinicApp.csproj]
         C:\Users\Developer\source\repos\ClinicApp\Helpers\ServiceResult.cs(490,33): warning CS0108: 'ServiceResult<T>.WithValidationError(string, string)' hides inherited member 'ServiceResult.WithValidationError(string, string)'. Use the new keyword if hiding was intended. [C:\Users\Developer\source\repos\ClinicApp\ClinicApp.csproj]
         C:\Users\Developer\source\repos\ClinicApp\Helpers\ServiceResult.cs(499,33): warning CS0108: 'ServiceResult<T>.WithValidationError(string, string, string)' hides inherited member 'ServiceResult.WithValidationError(string, string, string)'. Use the new keyword if hiding was intended. [C:\Users\Developer\source\repos\ClinicApp\ClinicApp.csproj]
         C:\Users\Developer\source\repos\ClinicApp\Helpers\ServiceResult.cs(508,33): warning CS0108: 'ServiceResult<T>.WithValidationError(string, string, string, object)' hides inherited member 'ServiceResult.WithValidationError(string, string, string, object)'. Use the new keyword if hiding was intended. [C:\Users\Developer\source\repos\ClinicApp\ClinicApp.csproj]
         C:\Users\Developer\source\repos\ClinicApp\Helpers\ServiceResult.cs(517,33): warning CS0108: 'ServiceResult<T>.WithValidationError(ValidationError)' hides inherited member 'ServiceResult.WithValidationError(ValidationError)'. Use the new keyword if hiding was intended. [C:\Users\Developer\source\repos\ClinicApp\ClinicApp.csproj]
         C:\Users\Developer\source\repos\ClinicApp\Helpers\ServiceResult.cs(526,33): warning CS0108: 'ServiceResult<T>.WithValidationErrors(IEnumerable<ValidationError>)' hides inherited member 'ServiceResult.WithValidationErrors(IEnumerable<ValidationError>)'. Use the new keyword if hiding was intended. [C:\Users\Developer\source\repos\ClinicApp\ClinicApp.csproj]
         C:\Users\Developer\source\repos\ClinicApp\Helpers\ServiceResult.cs(535,33): warning CS0108: 'ServiceResult<T>.WithWarning(string, string, string)' hides inherited member 'ServiceResult.WithWarning(string, string, string)'. Use the new keyword if hiding was intended. [C:\Users\Developer\source\repos\ClinicApp\ClinicApp.csproj]
         C:\Users\Developer\source\repos\ClinicApp\Helpers\ServiceResult.cs(545,33): warning CS0108: 'ServiceResult<T>.WithInfo(string, string, string)' hides inherited member 'ServiceResult.WithInfo(string, string, string)'. Use the new keyword if hiding was intended. [C:\Users\Developer\source\repos\ClinicApp\ClinicApp.csproj]
         C:\Users\Developer\source\repos\ClinicApp\Interfaces\Payment\Gateway\IPaymentGatewayService.cs(91,81): warning CS8632: The annotation for nullable reference types should only be used in code within a '#nullable' annotations context. [C:\Users\Developer\source\repos\ClinicApp\ClinicApp.csproj]
         C:\Users\Developer\source\repos\ClinicApp\Interfaces\Payment\Gateway\IPaymentGatewayService.cs(91,154): warning CS8632: The annotation for nullable reference types should only be used in code within a '#nullable' annotations context. [C:\Users\Developer\source\repos\ClinicApp\ClinicApp.csproj]
         C:\Users\Developer\source\repos\ClinicApp\Interfaces\Payment\Gateway\IPaymentGatewayService.cs(276,304): warning CS8632: The annotation for nullable reference types should only be used in code within a '#nullable' annotations context. [C:\Users\Developer\source\repos\ClinicApp\ClinicApp.csproj]
         C:\Users\Developer\source\repos\ClinicApp\Interfaces\Payment\Gateway\IPaymentGatewayService.cs(276,325): warning CS8632: The annotation for nullable reference types should only be used in code within a '#nullable' annotations context. [C:\Users\Developer\source\repos\ClinicApp\ClinicApp.csproj]
         C:\Users\Developer\source\repos\ClinicApp\Interfaces\Payment\Gateway\IPaymentGatewayService.cs(276,345): warning CS8632: The annotation for nullable reference types should only be used in code within a '#nullable' annotations context. [C:\Users\Developer\source\repos\ClinicApp\ClinicApp.csproj]
         C:\Users\Developer\source\repos\ClinicApp\Interfaces\Payment\Gateway\IPaymentGatewayService.cs(276,368): warning CS8632: The annotation for nullable reference types should only be used in code within a '#nullable' annotations context. [C:\Users\Developer\source\repos\ClinicApp\ClinicApp.csproj]
         C:\Users\Developer\source\repos\ClinicApp\Interfaces\Payment\IPaymentService.cs(251,269): warning CS8632: The annotation for nullable reference types should only be used in code within a '#nullable' annotations context. [C:\Users\Developer\source\repos\ClinicApp\ClinicApp.csproj]
         C:\Users\Developer\source\repos\ClinicApp\Interfaces\Payment\IPaymentService.cs(251,290): warning CS8632: The annotation for nullable reference types should only be used in code within a '#nullable' annotations context. [C:\Users\Developer\source\repos\ClinicApp\ClinicApp.csproj]
         C:\Users\Developer\source\repos\ClinicApp\Interfaces\Payment\IPaymentService.cs(251,310): warning CS8632: The annotation for nullable reference types should only be used in code within a '#nullable' annotations context. [C:\Users\Developer\source\repos\ClinicApp\ClinicApp.csproj]
         C:\Users\Developer\source\repos\ClinicApp\Interfaces\Payment\IPaymentService.cs(251,333): warning CS8632: The annotation for nullable reference types should only be used in code within a '#nullable' annotations context. [C:\Users\Developer\source\repos\ClinicApp\ClinicApp.csproj]
         C:\Users\Developer\source\repos\ClinicApp\Services\Payment\PaymentService.cs(635,282): warning CS8632: The annotation for nullable reference types should only be used in code within a '#nullable' annotations context. [C:\Users\Developer\source\repos\ClinicApp\ClinicApp.csproj]
         C:\Users\Developer\source\repos\ClinicApp\Services\Payment\PaymentService.cs(635,303): warning CS8632: The annotation for nullable reference types should only be used in code within a '#nullable' annotations context. [C:\Users\Developer\source\repos\ClinicApp\ClinicApp.csproj]
         C:\Users\Developer\source\repos\ClinicApp\Services\Payment\PaymentService.cs(635,323): warning CS8632: The annotation for nullable reference types should only be used in code within a '#nullable' annotations context. [C:\Users\Developer\source\repos\ClinicApp\ClinicApp.csproj]
         C:\Users\Developer\source\repos\ClinicApp\Services\Payment\PaymentService.cs(635,346): warning CS8632: The annotation for nullable reference types should only be used in code within a '#nullable' annotations context. [C:\Users\Developer\source\repos\ClinicApp\ClinicApp.csproj]
         C:\Users\Developer\source\repos\ClinicApp\Models\Entities\Payment\PaymentTransaction.cs(109,18): warning CS8632: The annotation for nullable reference types should only be used in code within a '#nullable' annotations context. [C:\Users\Developer\source\repos\ClinicApp\ClinicApp.csproj]
         C:\Users\Developer\source\repos\ClinicApp\Models\Entities\Payment\PaymentTransaction.cs(115,18): warning CS8632: The annotation for nullable reference types should only be used in code within a '#nullable' annotations context. [C:\Users\Developer\source\repos\ClinicApp\ClinicApp.csproj]
         C:\Users\Developer\source\repos\ClinicApp\Models\Entities\Payment\PaymentTransaction.cs(121,18): warning CS8632: The annotation for nullable reference types should only be used in code within a '#nullable' annotations context. [C:\Users\Developer\source\repos\ClinicApp\ClinicApp.csproj]
         C:\Users\Developer\source\repos\ClinicApp\Models\Entities\Payment\PaymentTransaction.cs(127,18): warning CS8632: The annotation for nullable reference types should only be used in code within a '#nullable' annotations context. [C:\Users\Developer\source\repos\ClinicApp\ClinicApp.csproj]
         C:\Users\Developer\source\repos\ClinicApp\App_Start\UnityConfig.cs(121,25): warning CS0618: 'InjectionFactory' is obsolete: 'InjectionFactory has been deprecated and will be removed in next release. Please use IUnityContainer.RegisterFactory(...) method instead.' [C:\Users\Developer\source\repos\ClinicApp\ClinicApp.csproj]
         C:\Users\Developer\source\repos\ClinicApp\App_Start\UnityConfig.cs(135,25): warning CS0618: 'InjectionFactory' is obsolete: 'InjectionFactory has been deprecated and will be removed in next release. Please use IUnityContainer.RegisterFactory(...) method instead.' [C:\Users\Developer\source\repos\ClinicApp\ClinicApp.csproj]
         C:\Users\Developer\source\repos\ClinicApp\App_Start\UnityConfig.cs(282,25): warning CS0618: 'InjectionFactory' is obsolete: 'InjectionFactory has been deprecated and will be removed in next release. Please use IUnityContainer.RegisterFactory(...) method instead.' [C:\Users\Developer\source\repos\ClinicApp\ClinicApp.csproj]
         C:\Users\Developer\source\repos\ClinicApp\Controllers\PatientController.cs(245,41): warning CS1998: This async method lacks 'await' operators and will run synchronously. Consider using the 'await' operator to await non-blocking API calls, or 'await Task.Run(...)' to do CPU-bound work on a background thread. [C:\Users\Developer\source\repos\ClinicApp\ClinicApp.csproj]
         C:\Users\Developer\source\repos\ClinicApp\Areas\Admin\Controllers\AppointmentAvailabilityController.cs(252,41): warning CS1998: This async method lacks 'await' operators and will run synchronously. Consider using the 'await' operator to await non-blocking API calls, or 'await Task.Run(...)' to do CPU-bound work on a background thread. [C:\Users\Developer\source\repos\ClinicApp\ClinicApp.csproj]
         C:\Users\Developer\source\repos\ClinicApp\App_Start\UnityConfig.cs(314,58): warning CS0618: 'InjectionFactory' is obsolete: 'InjectionFactory has been deprecated and will be removed in next release. Please use IUnityContainer.RegisterFactory(...) method instead.' [C:\Users\Developer\source\repos\ClinicApp\ClinicApp.csproj]
         C:\Users\Developer\source\repos\ClinicApp\Areas\Admin\Controllers\AppointmentAvailabilityController.cs(271,41): warning CS1998: This async method lacks 'await' operators and will run synchronously. Consider using the 'await' operator to await non-blocking API calls, or 'await Task.Run(...)' to do CPU-bound work on a background thread. [C:\Users\Developer\source\repos\ClinicApp\ClinicApp.csproj]
         C:\Users\Developer\source\repos\ClinicApp\Areas\Admin\Controllers\AppointmentAvailabilityController.cs(359,41): warning CS1998: This async method lacks 'await' operators and will run synchronously. Consider using the 'await' operator to await non-blocking API calls, or 'await Task.Run(...)' to do CPU-bound work on a background thread. [C:\Users\Developer\source\repos\ClinicApp\ClinicApp.csproj]
         C:\Users\Developer\source\repos\ClinicApp\Areas\Admin\Controllers\AppointmentAvailabilityController.cs(483,41): warning CS1998: This async method lacks 'await' operators and will run synchronously. Consider using the 'await' operator to await non-blocking API calls, or 'await Task.Run(...)' to do CPU-bound work on a background thread. [C:\Users\Developer\source\repos\ClinicApp\ClinicApp.csproj]
         C:\Users\Developer\source\repos\ClinicApp\Controllers\Payment\POS\PosManagementController.cs(653,28): warning CS1998: This async method lacks 'await' operators and will run synchronously. Consider using the 'await' operator to await non-blocking API calls, or 'await Task.Run(...)' to do CPU-bound work on a background thread. [C:\Users\Developer\source\repos\ClinicApp\ClinicApp.csproj]
         C:\Users\Developer\source\repos\ClinicApp\Controllers\Payment\POS\PosManagementController.cs(663,28): warning CS1998: This async method lacks 'await' operators and will run synchronously. Consider using the 'await' operator to await non-blocking API calls, or 'await Task.Run(...)' to do CPU-bound work on a background thread. [C:\Users\Developer\source\repos\ClinicApp\ClinicApp.csproj]
         C:\Users\Developer\source\repos\ClinicApp\Areas\Admin\Controllers\DoctorController.cs(661,28): warning CS1998: This async method lacks 'await' operators and will run synchronously. Consider using the 'await' operator to await non-blocking API calls, or 'await Task.Run(...)' to do CPU-bound work on a background thread. [C:\Users\Developer\source\repos\ClinicApp\ClinicApp.csproj]
         C:\Users\Developer\source\repos\ClinicApp\Areas\Admin\Controllers\DoctorDepartmentController.cs(485,39): warning CS1998: This async method lacks 'await' operators and will run synchronously. Consider using the 'await' operator to await non-blocking API calls, or 'await Task.Run(...)' to do CPU-bound work on a background thread. [C:\Users\Developer\source\repos\ClinicApp\ClinicApp.csproj]
         C:\Users\Developer\source\repos\ClinicApp\Controllers\Payment\Gateway\PaymentGatewayController.cs(688,28): warning CS1998: This async method lacks 'await' operators and will run synchronously. Consider using the 'await' operator to await non-blocking API calls, or 'await Task.Run(...)' to do CPU-bound work on a background thread. [C:\Users\Developer\source\repos\ClinicApp\ClinicApp.csproj]
         C:\Users\Developer\source\repos\ClinicApp\Controllers\Payment\Gateway\PaymentGatewayController.cs(697,28): warning CS1998: This async method lacks 'await' operators and will run synchronously. Consider using the 'await' operator to await non-blocking API calls, or 'await Task.Run(...)' to do CPU-bound work on a background thread. [C:\Users\Developer\source\repos\ClinicApp\ClinicApp.csproj]
         C:\Users\Developer\source\repos\ClinicApp\Areas\Admin\Controllers\DoctorScheduleController.cs(249,41): warning CS1998: This async method lacks 'await' operators and will run synchronously. Consider using the 'await' operator to await non-blocking API calls, or 'await Task.Run(...)' to do CPU-bound work on a background thread. [C:\Users\Developer\source\repos\ClinicApp\ClinicApp.csproj]
         C:\Users\Developer\source\repos\ClinicApp\Controllers\Payment\PaymentController.cs(498,28): warning CS1998: This async method lacks 'await' operators and will run synchronously. Consider using the 'await' operator to await non-blocking API calls, or 'await Task.Run(...)' to do CPU-bound work on a background thread. [C:\Users\Developer\source\repos\ClinicApp\ClinicApp.csproj]
         C:\Users\Developer\source\repos\ClinicApp\Controllers\Payment\PaymentController.cs(510,28): warning CS1998: This async method lacks 'await' operators and will run synchronously. Consider using the 'await' operator to await non-blocking API calls, or 'await Task.Run(...)' to do CPU-bound work on a background thread. [C:\Users\Developer\source\repos\ClinicApp\ClinicApp.csproj]
         C:\Users\Developer\source\repos\ClinicApp\Areas\Admin\Controllers\DoctorReportingController.cs(458,52): warning CS1998: This async method lacks 'await' operators and will run synchronously. Consider using the 'await' operator to await non-blocking API calls, or 'await Task.Run(...)' to do CPU-bound work on a background thread. [C:\Users\Developer\source\repos\ClinicApp\ClinicApp.csproj]
         C:\Users\Developer\source\repos\ClinicApp\Areas\Admin\Controllers\DoctorReportingController.cs(485,58): warning CS1998: This async method lacks 'await' operators and will run synchronously. Consider using the 'await' operator to await non-blocking API calls, or 'await Task.Run(...)' to do CPU-bound work on a background thread. [C:\Users\Developer\source\repos\ClinicApp\ClinicApp.csproj]
         C:\Users\Developer\source\repos\ClinicApp\Areas\Admin\Controllers\DoctorReportingController.cs(503,50): warning CS1998: This async method lacks 'await' operators and will run synchronously. Consider using the 'await' operator to await non-blocking API calls, or 'await Task.Run(...)' to do CPU-bound work on a background thread. [C:\Users\Developer\source\repos\ClinicApp\ClinicApp.csproj]
         C:\Users\Developer\source\repos\ClinicApp\Areas\Admin\Controllers\EmergencyBookingController.cs(147,41): warning CS1998: This async method lacks 'await' operators and will run synchronously. Consider using the 'await' operator to await non-blocking API calls, or 'await Task.Run(...)' to do CPU-bound work on a background thread. [C:\Users\Developer\source\repos\ClinicApp\ClinicApp.csproj]
         C:\Users\Developer\source\repos\ClinicApp\Areas\Admin\Controllers\EmergencyBookingController.cs(169,41): warning CS1998: This async method lacks 'await' operators and will run synchronously. Consider using the 'await' operator to await non-blocking API calls, or 'await Task.Run(...)' to do CPU-bound work on a background thread. [C:\Users\Developer\source\repos\ClinicApp\ClinicApp.csproj]
         C:\Users\Developer\source\repos\ClinicApp\Areas\Admin\Controllers\EmergencyBookingController.cs(197,41): warning CS1998: This async method lacks 'await' operators and will run synchronously. Consider using the 'await' operator to await non-blocking API calls, or 'await Task.Run(...)' to do CPU-bound work on a background thread. [C:\Users\Developer\source\repos\ClinicApp\ClinicApp.csproj]
         C:\Users\Developer\source\repos\ClinicApp\Areas\Admin\Controllers\EmergencyBookingController.cs(222,41): warning CS1998: This async method lacks 'await' operators and will run synchronously. Consider using the 'await' operator to await non-blocking API calls, or 'await Task.Run(...)' to do CPU-bound work on a background thread. [C:\Users\Developer\source\repos\ClinicApp\ClinicApp.csproj]
         C:\Users\Developer\source\repos\ClinicApp\Areas\Admin\Controllers\EmergencyBookingController.cs(248,41): warning CS1998: This async method lacks 'await' operators and will run synchronously. Consider using the 'await' operator to await non-blocking API calls, or 'await Task.Run(...)' to do CPU-bound work on a background thread. [C:\Users\Developer\source\repos\ClinicApp\ClinicApp.csproj]
         C:\Users\Developer\source\repos\ClinicApp\Areas\Admin\Controllers\ScheduleOptimizationController.cs(321,41): warning CS1998: This async method lacks 'await' operators and will run synchronously. Consider using the 'await' operator to await non-blocking API calls, or 'await Task.Run(...)' to do CPU-bound work on a background thread. [C:\Users\Developer\source\repos\ClinicApp\ClinicApp.csproj]
         C:\Users\Developer\source\repos\ClinicApp\Areas\Admin\Controllers\EmergencyBookingController.cs(301,28): warning CS1998: This async method lacks 'await' operators and will run synchronously. Consider using the 'await' operator to await non-blocking API calls, or 'await Task.Run(...)' to do CPU-bound work on a background thread. [C:\Users\Developer\source\repos\ClinicApp\ClinicApp.csproj]
         C:\Users\Developer\source\repos\ClinicApp\Areas\Admin\Controllers\ScheduleOptimizationController.cs(340,41): warning CS1998: This async method lacks 'await' operators and will run synchronously. Consider using the 'await' operator to await non-blocking API calls, or 'await Task.Run(...)' to do CPU-bound work on a background thread. [C:\Users\Developer\source\repos\ClinicApp\ClinicApp.csproj]
         C:\Users\Developer\source\repos\ClinicApp\Areas\Admin\Controllers\ScheduleOptimizationController.cs(359,41): warning CS1998: This async method lacks 'await' operators and will run synchronously. Consider using the 'await' operator to await non-blocking API calls, or 'await Task.Run(...)' to do CPU-bound work on a background thread. [C:\Users\Developer\source\repos\ClinicApp\ClinicApp.csproj]
         C:\Users\Developer\source\repos\ClinicApp\Extensions\ApplicationUserManagerExtensions.cs(40,26): warning CS0168: The variable 'ex' is declared but never used [C:\Users\Developer\source\repos\ClinicApp\ClinicApp.csproj]
         C:\Users\Developer\source\repos\ClinicApp\Areas\Admin\Controllers\DoctorServiceCategoryController.cs(772,39): warning CS1998: This async method lacks 'await' operators and will run synchronously. Consider using the 'await' operator to await non-blocking API calls, or 'await Task.Run(...)' to do CPU-bound work on a background thread. [C:\Users\Developer\source\repos\ClinicApp\ClinicApp.csproj]
         C:\Users\Developer\source\repos\ClinicApp\Filters\PersianDateAttribute.cs(122,30): warning CS0168: The variable 'ex' is declared but never used [C:\Users\Developer\source\repos\ClinicApp\ClinicApp.csproj]
         C:\Users\Developer\source\repos\ClinicApp\Areas\Admin\Controllers\DoctorAssignmentController.cs(845,39): warning CS1998: This async method lacks 'await' operators and will run synchronously. Consider using the 'await' operator to await non-blocking API calls, or 'await Task.Run(...)' to do CPU-bound work on a background thread. [C:\Users\Developer\source\repos\ClinicApp\ClinicApp.csproj]
         C:\Users\Developer\source\repos\ClinicApp\Areas\Admin\Controllers\Insurance\InsuranceCalculationController.cs(369,39): warning CS1998: This async method lacks 'await' operators and will run synchronously. Consider using the 'await' operator to await non-blocking API calls, or 'await Task.Run(...)' to do CPU-bound work on a background thread. [C:\Users\Developer\source\repos\ClinicApp\ClinicApp.csproj]
         C:\Users\Developer\source\repos\ClinicApp\Areas\Admin\Controllers\Insurance\InsuranceCalculationController.cs(405,39): warning CS1998: This async method lacks 'await' operators and will run synchronously. Consider using the 'await' operator to await non-blocking API calls, or 'await Task.Run(...)' to do CPU-bound work on a background thread. [C:\Users\Developer\source\repos\ClinicApp\ClinicApp.csproj]
         C:\Users\Developer\source\repos\ClinicApp\Areas\Admin\Controllers\Insurance\InsuranceCalculationController.cs(858,28): warning CS1998: This async method lacks 'await' operators and will run synchronously. Consider using the 'await' operator to await non-blocking API calls, or 'await Task.Run(...)' to do CPU-bound work on a background thread. [C:\Users\Developer\source\repos\ClinicApp\ClinicApp.csproj]
         C:\Users\Developer\source\repos\ClinicApp\Areas\Admin\Controllers\Insurance\InsuranceCalculationController.cs(896,28): warning CS1998: This async method lacks 'await' operators and will run synchronously. Consider using the 'await' operator to await non-blocking API calls, or 'await Task.Run(...)' to do CPU-bound work on a background thread. [C:\Users\Developer\source\repos\ClinicApp\ClinicApp.csproj]
         C:\Users\Developer\source\repos\ClinicApp\Services\ServiceService.cs(203,34): warning CS0168: The variable 'ex' is declared but never used [C:\Users\Developer\source\repos\ClinicApp\ClinicApp.csproj]
         C:\Users\Developer\source\repos\ClinicApp\Services\ServiceService.cs(398,34): warning CS0168: The variable 'ex' is declared but never used [C:\Users\Developer\source\repos\ClinicApp\ClinicApp.csproj]
         C:\Users\Developer\source\repos\ClinicApp\Services\ServiceService.cs(497,34): warning CS0168: The variable 'ex' is declared but never used [C:\Users\Developer\source\repos\ClinicApp\ClinicApp.csproj]
         C:\Users\Developer\source\repos\ClinicApp\Services\AsanakSmsService.cs(171,17): warning CS0618: 'RestClientOptions.MaxTimeout' is obsolete: 'Use Timeout instead.' [C:\Users\Developer\source\repos\ClinicApp\ClinicApp.csproj]
         C:\Users\Developer\source\repos\ClinicApp\Repositories\ClinicAdmin\SpecializationRepository.cs(318,30): warning CS0168: The variable 'ex' is declared but never used [C:\Users\Developer\source\repos\ClinicApp\ClinicApp.csproj]
         C:\Users\Developer\source\repos\ClinicApp\Services\ServiceCategoryService.cs(313,34): warning CS0168: The variable 'ex' is declared but never used [C:\Users\Developer\source\repos\ClinicApp\ClinicApp.csproj]
         C:\Users\Developer\source\repos\ClinicApp\Repositories\ClinicAdmin\DoctorAssignmentRepository.cs(112,21): warning CS0219: The variable 'hasActiveReceptions' is assigned but its value is never used [C:\Users\Developer\source\repos\ClinicApp\ClinicApp.csproj]
         C:\Users\Developer\source\repos\ClinicApp\Repositories\ClinicAdmin\DoctorDashboardRepository.cs(437,56): warning CS1998: This async method lacks 'await' operators and will run synchronously. Consider using the 'await' operator to await non-blocking API calls, or 'await Task.Run(...)' to do CPU-bound work on a background thread. [C:\Users\Developer\source\repos\ClinicApp\ClinicApp.csproj]
         C:\Users\Developer\source\repos\ClinicApp\Repositories\ClinicAdmin\DoctorReportingRepository.cs(184,30): warning CS0168: The variable 'ex' is declared but never used [C:\Users\Developer\source\repos\ClinicApp\ClinicApp.csproj]
         C:\Users\Developer\source\repos\ClinicApp\Services\ClinicManagementService.cs(275,42): warning CS1998: This async method lacks 'await' operators and will run synchronously. Consider using the 'await' operator to await non-blocking API calls, or 'await Task.Run(...)' to do CPU-bound work on a background thread. [C:\Users\Developer\source\repos\ClinicApp\ClinicApp.csproj]
         C:\Users\Developer\source\repos\ClinicApp\Services\ReceptionService.cs(878,80): warning CS1998: This async method lacks 'await' operators and will run synchronously. Consider using the 'await' operator to await non-blocking API calls, or 'await Task.Run(...)' to do CPU-bound work on a background thread. [C:\Users\Developer\source\repos\ClinicApp\ClinicApp.csproj]
         C:\Users\Developer\source\repos\ClinicApp\Services\ClinicAdmin\ScheduleOptimizationService.cs(259,63): warning CS1998: This async method lacks 'await' operators and will run synchronously. Consider using the 'await' operator to await non-blocking API calls, or 'await Task.Run(...)' to do CPU-bound work on a background thread. [C:\Users\Developer\source\repos\ClinicApp\ClinicApp.csproj]
         C:\Users\Developer\source\repos\ClinicApp\Services\ClinicAdmin\ScheduleOptimizationService.cs(291,48): warning CS1998: This async method lacks 'await' operators and will run synchronously. Consider using the 'await' operator to await non-blocking API calls, or 'await Task.Run(...)' to do CPU-bound work on a background thread. [C:\Users\Developer\source\repos\ClinicApp\ClinicApp.csproj]
         C:\Users\Developer\source\repos\ClinicApp\Services\ReceptionService.cs(918,90): warning CS1998: This async method lacks 'await' operators and will run synchronously. Consider using the 'await' operator to await non-blocking API calls, or 'await Task.Run(...)' to do CPU-bound work on a background thread. [C:\Users\Developer\source\repos\ClinicApp\ClinicApp.csproj]
         C:\Users\Developer\source\repos\ClinicApp\Services\ClinicAdmin\ScheduleOptimizationService.cs(312,69): warning CS1998: This async method lacks 'await' operators and will run synchronously. Consider using the 'await' operator to await non-blocking API calls, or 'await Task.Run(...)' to do CPU-bound work on a background thread. [C:\Users\Developer\source\repos\ClinicApp\ClinicApp.csproj]
         C:\Users\Developer\source\repos\ClinicApp\Services\ClinicAdmin\ScheduleOptimizationService.cs(340,67): warning CS1998: This async method lacks 'await' operators and will run synchronously. Consider using the 'await' operator to await non-blocking API calls, or 'await Task.Run(...)' to do CPU-bound work on a background thread. [C:\Users\Developer\source\repos\ClinicApp\ClinicApp.csproj]
         C:\Users\Developer\source\repos\ClinicApp\Services\ClinicAdmin\ScheduleOptimizationService.cs(372,48): warning CS1998: This async method lacks 'await' operators and will run synchronously. Consider using the 'await' operator to await non-blocking API calls, or 'await Task.Run(...)' to do CPU-bound work on a background thread. [C:\Users\Developer\source\repos\ClinicApp\ClinicApp.csproj]
         C:\Users\Developer\source\repos\ClinicApp\Services\ClinicAdmin\ScheduleOptimizationService.cs(392,65): warning CS1998: This async method lacks 'await' operators and will run synchronously. Consider using the 'await' operator to await non-blocking API calls, or 'await Task.Run(...)' to do CPU-bound work on a background thread. [C:\Users\Developer\source\repos\ClinicApp\ClinicApp.csproj]
         C:\Users\Developer\source\repos\ClinicApp\Services\ReceptionService.cs(957,77): warning CS1998: This async method lacks 'await' operators and will run synchronously. Consider using the 'await' operator to await non-blocking API calls, or 'await Task.Run(...)' to do CPU-bound work on a background thread. [C:\Users\Developer\source\repos\ClinicApp\ClinicApp.csproj]
         C:\Users\Developer\source\repos\ClinicApp\Services\ClinicAdmin\ScheduleOptimizationService.cs(421,66): warning CS1998: This async method lacks 'await' operators and will run synchronously. Consider using the 'await' operator to await non-blocking API calls, or 'await Task.Run(...)' to do CPU-bound work on a background thread. [C:\Users\Developer\source\repos\ClinicApp\ClinicApp.csproj]
         C:\Users\Developer\source\repos\ClinicApp\Services\ReceptionService.cs(1027,67): warning CS1998: This async method lacks 'await' operators and will run synchronously. Consider using the 'await' operator to await non-blocking API calls, or 'await Task.Run(...)' to do CPU-bound work on a background thread. [C:\Users\Developer\source\repos\ClinicApp\ClinicApp.csproj]
         C:\Users\Developer\source\repos\ClinicApp\Services\ClinicAdmin\ScheduleOptimizationService.cs(452,53): warning CS1998: This async method lacks 'await' operators and will run synchronously. Consider using the 'await' operator to await non-blocking API calls, or 'await Task.Run(...)' to do CPU-bound work on a background thread. [C:\Users\Developer\source\repos\ClinicApp\ClinicApp.csproj]
         C:\Users\Developer\source\repos\ClinicApp\Services\ReceptionService.cs(1071,72): warning CS1998: This async method lacks 'await' operators and will run synchronously. Consider using the 'await' operator to await non-blocking API calls, or 'await Task.Run(...)' to do CPU-bound work on a background thread. [C:\Users\Developer\source\repos\ClinicApp\ClinicApp.csproj]
         C:\Users\Developer\source\repos\ClinicApp\Services\ReceptionService.cs(1138,72): warning CS1998: This async method lacks 'await' operators and will run synchronously. Consider using the 'await' operator to await non-blocking API calls, or 'await Task.Run(...)' to do CPU-bound work on a background thread. [C:\Users\Developer\source\repos\ClinicApp\ClinicApp.csproj]
         C:\Users\Developer\source\repos\ClinicApp\Services\ClinicAdmin\AppointmentAvailabilityService.cs(225,48): warning CS1998: This async method lacks 'await' operators and will run synchronously. Consider using the 'await' operator to await non-blocking API calls, or 'await Task.Run(...)' to do CPU-bound work on a background thread. [C:\Users\Developer\source\repos\ClinicApp\ClinicApp.csproj]
         C:\Users\Developer\source\repos\ClinicApp\Services\CurrentUserService.cs(356,33): warning CS1998: This async method lacks 'await' operators and will run synchronously. Consider using the 'await' operator to await non-blocking API calls, or 'await Task.Run(...)' to do CPU-bound work on a background thread. [C:\Users\Developer\source\repos\ClinicApp\ClinicApp.csproj]
         C:\Users\Developer\source\repos\ClinicApp\Services\CurrentUserService.cs(401,35): warning CS1998: This async method lacks 'await' operators and will run synchronously. Consider using the 'await' operator to await non-blocking API calls, or 'await Task.Run(...)' to do CPU-bound work on a background thread. [C:\Users\Developer\source\repos\ClinicApp\ClinicApp.csproj]
         C:\Users\Developer\source\repos\ClinicApp\Services\ClinicAdmin\AppointmentAvailabilityService.cs(245,48): warning CS1998: This async method lacks 'await' operators and will run synchronously. Consider using the 'await' operator to await non-blocking API calls, or 'await Task.Run(...)' to do CPU-bound work on a background thread. [C:\Users\Developer\source\repos\ClinicApp\ClinicApp.csproj]
         C:\Users\Developer\source\repos\ClinicApp\Services\DepartmentManagementService.cs(208,42): warning CS1998: This async method lacks 'await' operators and will run synchronously. Consider using the 'await' operator to await non-blocking API calls, or 'await Task.Run(...)' to do CPU-bound work on a background thread. [C:\Users\Developer\source\repos\ClinicApp\ClinicApp.csproj]
         C:\Users\Developer\source\repos\ClinicApp\Services\ClinicAdmin\AppointmentAvailabilityService.cs(266,48): warning CS1998: This async method lacks 'await' operators and will run synchronously. Consider using the 'await' operator to await non-blocking API calls, or 'await Task.Run(...)' to do CPU-bound work on a background thread. [C:\Users\Developer\source\repos\ClinicApp\ClinicApp.csproj]
         C:\Users\Developer\source\repos\ClinicApp\Services\CurrentUserService.cs(451,45): warning CS1998: This async method lacks 'await' operators and will run synchronously. Consider using the 'await' operator to await non-blocking API calls, or 'await Task.Run(...)' to do CPU-bound work on a background thread. [C:\Users\Developer\source\repos\ClinicApp\ClinicApp.csproj]
         C:\Users\Developer\source\repos\ClinicApp\Services\CurrentUserService.cs(487,50): warning CS1998: This async method lacks 'await' operators and will run synchronously. Consider using the 'await' operator to await non-blocking API calls, or 'await Task.Run(...)' to do CPU-bound work on a background thread. [C:\Users\Developer\source\repos\ClinicApp\ClinicApp.csproj]
         C:\Users\Developer\source\repos\ClinicApp\Services\CurrentUserService.cs(524,33): warning CS1998: This async method lacks 'await' operators and will run synchronously. Consider using the 'await' operator to await non-blocking API calls, or 'await Task.Run(...)' to do CPU-bound work on a background thread. [C:\Users\Developer\source\repos\ClinicApp\ClinicApp.csproj]
         C:\Users\Developer\source\repos\ClinicApp\Services\CurrentUserService.cs(548,33): warning CS1998: This async method lacks 'await' operators and will run synchronously. Consider using the 'await' operator to await non-blocking API calls, or 'await Task.Run(...)' to do CPU-bound work on a background thread. [C:\Users\Developer\source\repos\ClinicApp\ClinicApp.csproj]
         C:\Users\Developer\source\repos\ClinicApp\Services\CurrentUserService.cs(572,35): warning CS1998: This async method lacks 'await' operators and will run synchronously. Consider using the 'await' operator to await non-blocking API calls, or 'await Task.Run(...)' to do CPU-bound work on a background thread. [C:\Users\Developer\source\repos\ClinicApp\ClinicApp.csproj]
         C:\Users\Developer\source\repos\ClinicApp\Services\Insurance\PatientInsuranceService.cs(50,87): warning CS1998: This async method lacks 'await' operators and will run synchronously. Consider using the 'await' operator to await non-blocking API calls, or 'await Task.Run(...)' to do CPU-bound work on a background thread. [C:\Users\Developer\source\repos\ClinicApp\ClinicApp.csproj]
         C:\Users\Developer\source\repos\ClinicApp\Services\Insurance\PatientInsuranceService.cs(75,76): warning CS1998: This async method lacks 'await' operators and will run synchronously. Consider using the 'await' operator to await non-blocking API calls, or 'await Task.Run(...)' to do CPU-bound work on a background thread. [C:\Users\Developer\source\repos\ClinicApp\ClinicApp.csproj]
         C:\Users\Developer\source\repos\ClinicApp\Services\Insurance\PatientInsuranceService.cs(96,79): warning CS1998: This async method lacks 'await' operators and will run synchronously. Consider using the 'await' operator to await non-blocking API calls, or 'await Task.Run(...)' to do CPU-bound work on a background thread. [C:\Users\Developer\source\repos\ClinicApp\ClinicApp.csproj]
         C:\Users\Developer\source\repos\ClinicApp\Services\Insurance\PatientInsuranceService.cs(117,47): warning CS1998: This async method lacks 'await' operators and will run synchronously. Consider using the 'await' operator to await non-blocking API calls, or 'await Task.Run(...)' to do CPU-bound work on a background thread. [C:\Users\Developer\source\repos\ClinicApp\ClinicApp.csproj]
         C:\Users\Developer\source\repos\ClinicApp\Services\Insurance\PatientInsuranceService.cs(133,42): warning CS1998: This async method lacks 'await' operators and will run synchronously. Consider using the 'await' operator to await non-blocking API calls, or 'await Task.Run(...)' to do CPU-bound work on a background thread. [C:\Users\Developer\source\repos\ClinicApp\ClinicApp.csproj]
         C:\Users\Developer\source\repos\ClinicApp\Services\Insurance\PatientInsuranceService.cs(149,42): warning CS1998: This async method lacks 'await' operators and will run synchronously. Consider using the 'await' operator to await non-blocking API calls, or 'await Task.Run(...)' to do CPU-bound work on a background thread. [C:\Users\Developer\source\repos\ClinicApp\ClinicApp.csproj]
         C:\Users\Developer\source\repos\ClinicApp\Services\Insurance\PatientInsuranceService.cs(165,81): warning CS1998: This async method lacks 'await' operators and will run synchronously. Consider using the 'await' operator to await non-blocking API calls, or 'await Task.Run(...)' to do CPU-bound work on a background thread. [C:\Users\Developer\source\repos\ClinicApp\ClinicApp.csproj]
         C:\Users\Developer\source\repos\ClinicApp\Services\Insurance\PatientInsuranceService.cs(182,48): warning CS1998: This async method lacks 'await' operators and will run synchronously. Consider using the 'await' operator to await non-blocking API calls, or 'await Task.Run(...)' to do CPU-bound work on a background thread. [C:\Users\Developer\source\repos\ClinicApp\ClinicApp.csproj]
         C:\Users\Developer\source\repos\ClinicApp\Services\ClinicAdmin\EmergencyBookingService.cs(189,48): warning CS1998: This async method lacks 'await' operators and will run synchronously. Consider using the 'await' operator to await non-blocking API calls, or 'await Task.Run(...)' to do CPU-bound work on a background thread. [C:\Users\Developer\source\repos\ClinicApp\ClinicApp.csproj]
         C:\Users\Developer\source\repos\ClinicApp\Services\Insurance\PatientInsuranceService.cs(198,48): warning CS1998: This async method lacks 'await' operators and will run synchronously. Consider using the 'await' operator to await non-blocking API calls, or 'await Task.Run(...)' to do CPU-bound work on a background thread. [C:\Users\Developer\source\repos\ClinicApp\ClinicApp.csproj]
         C:\Users\Developer\source\repos\ClinicApp\Services\Insurance\PatientInsuranceService.cs(214,48): warning CS1998: This async method lacks 'await' operators and will run synchronously. Consider using the 'await' operator to await non-blocking API calls, or 'await Task.Run(...)' to do CPU-bound work on a background thread. [C:\Users\Developer\source\repos\ClinicApp\ClinicApp.csproj]
         C:\Users\Developer\source\repos\ClinicApp\Services\ReceptionService.cs(1194,73): warning CS1998: This async method lacks 'await' operators and will run synchronously. Consider using the 'await' operator to await non-blocking API calls, or 'await Task.Run(...)' to do CPU-bound work on a background thread. [C:\Users\Developer\source\repos\ClinicApp\ClinicApp.csproj]
         C:\Users\Developer\source\repos\ClinicApp\Services\Insurance\PatientInsuranceService.cs(231,80): warning CS1998: This async method lacks 'await' operators and will run synchronously. Consider using the 'await' operator to await non-blocking API calls, or 'await Task.Run(...)' to do CPU-bound work on a background thread. [C:\Users\Developer\source\repos\ClinicApp\ClinicApp.csproj]
         C:\Users\Developer\source\repos\ClinicApp\Services\ClinicAdmin\DoctorAssignmentHistoryService.cs(446,48): warning CS1998: This async method lacks 'await' operators and will run synchronously. Consider using the 'await' operator to await non-blocking API calls, or 'await Task.Run(...)' to do CPU-bound work on a background thread. [C:\Users\Developer\source\repos\ClinicApp\ClinicApp.csproj]
         C:\Users\Developer\source\repos\ClinicApp\Services\ClinicAdmin\EmergencyBookingService.cs(264,70): warning CS1998: This async method lacks 'await' operators and will run synchronously. Consider using the 'await' operator to await non-blocking API calls, or 'await Task.Run(...)' to do CPU-bound work on a background thread. [C:\Users\Developer\source\repos\ClinicApp\ClinicApp.csproj]
         C:\Users\Developer\source\repos\ClinicApp\Services\Insurance\PatientInsuranceService.cs(248,76): warning CS1998: This async method lacks 'await' operators and will run synchronously. Consider using the 'await' operator to await non-blocking API calls, or 'await Task.Run(...)' to do CPU-bound work on a background thread. [C:\Users\Developer\source\repos\ClinicApp\ClinicApp.csproj]
         C:\Users\Developer\source\repos\ClinicApp\Services\ClinicAdmin\EmergencyBookingService.cs(303,67): warning CS1998: This async method lacks 'await' operators and will run synchronously. Consider using the 'await' operator to await non-blocking API calls, or 'await Task.Run(...)' to do CPU-bound work on a background thread. [C:\Users\Developer\source\repos\ClinicApp\ClinicApp.csproj]
         C:\Users\Developer\source\repos\ClinicApp\Services\Insurance\PatientInsuranceService.cs(269,80): warning CS1998: This async method lacks 'await' operators and will run synchronously. Consider using the 'await' operator to await non-blocking API calls, or 'await Task.Run(...)' to do CPU-bound work on a background thread. [C:\Users\Developer\source\repos\ClinicApp\ClinicApp.csproj]
         C:\Users\Developer\source\repos\ClinicApp\Services\ReceptionService.cs(1317,77): warning CS1998: This async method lacks 'await' operators and will run synchronously. Consider using the 'await' operator to await non-blocking API calls, or 'await Task.Run(...)' to do CPU-bound work on a background thread. [C:\Users\Developer\source\repos\ClinicApp\ClinicApp.csproj]
         C:\Users\Developer\source\repos\ClinicApp\Services\ClinicAdmin\EmergencyBookingService.cs(329,48): warning CS1998: This async method lacks 'await' operators and will run synchronously. Consider using the 'await' operator to await non-blocking API calls, or 'await Task.Run(...)' to do CPU-bound work on a background thread. [C:\Users\Developer\source\repos\ClinicApp\ClinicApp.csproj]
         C:\Users\Developer\source\repos\ClinicApp\Services\ClinicAdmin\EmergencyBookingService.cs(358,48): warning CS1998: This async method lacks 'await' operators and will run synchronously. Consider using the 'await' operator to await non-blocking API calls, or 'await Task.Run(...)' to do CPU-bound work on a background thread. [C:\Users\Developer\source\repos\ClinicApp\ClinicApp.csproj]
         C:\Users\Developer\source\repos\ClinicApp\Services\ClinicAdmin\EmergencyBookingService.cs(387,67): warning CS1998: This async method lacks 'await' operators and will run synchronously. Consider using the 'await' operator to await non-blocking API calls, or 'await Task.Run(...)' to do CPU-bound work on a background thread. [C:\Users\Developer\source\repos\ClinicApp\ClinicApp.csproj]
         C:\Users\Developer\source\repos\ClinicApp\Services\ClinicAdmin\DoctorAssignmentHistoryService.cs(599,50): warning CS1998: This async method lacks 'await' operators and will run synchronously. Consider using the 'await' operator to await non-blocking API calls, or 'await Task.Run(...)' to do CPU-bound work on a background thread. [C:\Users\Developer\source\repos\ClinicApp\ClinicApp.csproj]
         C:\Users\Developer\source\repos\ClinicApp\Services\ClinicAdmin\EmergencyBookingService.cs(411,48): warning CS1998: This async method lacks 'await' operators and will run synchronously. Consider using the 'await' operator to await non-blocking API calls, or 'await Task.Run(...)' to do CPU-bound work on a background thread. [C:\Users\Developer\source\repos\ClinicApp\ClinicApp.csproj]
         C:\Users\Developer\source\repos\ClinicApp\Services\ClinicAdmin\DoctorAssignmentHistoryService.cs(618,50): warning CS1998: This async method lacks 'await' operators and will run synchronously. Consider using the 'await' operator to await non-blocking API calls, or 'await Task.Run(...)' to do CPU-bound work on a background thread. [C:\Users\Developer\source\repos\ClinicApp\ClinicApp.csproj]
         C:\Users\Developer\source\repos\ClinicApp\Services\ReceptionService.cs(1356,73): warning CS1998: This async method lacks 'await' operators and will run synchronously. Consider using the 'await' operator to await non-blocking API calls, or 'await Task.Run(...)' to do CPU-bound work on a background thread. [C:\Users\Developer\source\repos\ClinicApp\ClinicApp.csproj]
         C:\Users\Developer\source\repos\ClinicApp\Services\ClinicAdmin\EmergencyBookingService.cs(441,59): warning CS1998: This async method lacks 'await' operators and will run synchronously. Consider using the 'await' operator to await non-blocking API calls, or 'await Task.Run(...)' to do CPU-bound work on a background thread. [C:\Users\Developer\source\repos\ClinicApp\ClinicApp.csproj]
         C:\Users\Developer\source\repos\ClinicApp\Services\Insurance\PatientInsuranceService.cs(360,48): warning CS1998: This async method lacks 'await' operators and will run synchronously. Consider using the 'await' operator to await non-blocking API calls, or 'await Task.Run(...)' to do CPU-bound work on a background thread. [C:\Users\Developer\source\repos\ClinicApp\ClinicApp.csproj]
         C:\Users\Developer\source\repos\ClinicApp\Services\Payment\Web\WebPaymentService.cs(267,43): warning CS1998: This async method lacks 'await' operators and will run synchronously. Consider using the 'await' operator to await non-blocking API calls, or 'await Task.Run(...)' to do CPU-bound work on a background thread. [C:\Users\Developer\source\repos\ClinicApp\ClinicApp.csproj]
         C:\Users\Developer\source\repos\ClinicApp\Services\Payment\Web\WebPaymentService.cs(296,67): warning CS1998: This async method lacks 'await' operators and will run synchronously. Consider using the 'await' operator to await non-blocking API calls, or 'await Task.Run(...)' to do CPU-bound work on a background thread. [C:\Users\Developer\source\repos\ClinicApp\ClinicApp.csproj]
         C:\Users\Developer\source\repos\ClinicApp\Services\Payment\Web\WebPaymentService.cs(316,66): warning CS1998: This async method lacks 'await' operators and will run synchronously. Consider using the 'await' operator to await non-blocking API calls, or 'await Task.Run(...)' to do CPU-bound work on a background thread. [C:\Users\Developer\source\repos\ClinicApp\ClinicApp.csproj]
         C:\Users\Developer\source\repos\ClinicApp\Services\Payment\Web\WebPaymentService.cs(352,64): warning CS1998: This async method lacks 'await' operators and will run synchronously. Consider using the 'await' operator to await non-blocking API calls, or 'await Task.Run(...)' to do CPU-bound work on a background thread. [C:\Users\Developer\source\repos\ClinicApp\ClinicApp.csproj]
         C:\Users\Developer\source\repos\ClinicApp\Services\Payment\Web\WebPaymentService.cs(358,57): warning CS1998: This async method lacks 'await' operators and will run synchronously. Consider using the 'await' operator to await non-blocking API calls, or 'await Task.Run(...)' to do CPU-bound work on a background thread. [C:\Users\Developer\source\repos\ClinicApp\ClinicApp.csproj]
         C:\Users\Developer\source\repos\ClinicApp\Services\ClinicAdmin\DoctorAssignmentService.cs(641,43): warning CS1998: This async method lacks 'await' operators and will run synchronously. Consider using the 'await' operator to await non-blocking API calls, or 'await Task.Run(...)' to do CPU-bound work on a background thread. [C:\Users\Developer\source\repos\ClinicApp\ClinicApp.csproj]
         C:\Users\Developer\source\repos\ClinicApp\Services\Payment\Web\WebPaymentService.cs(364,42): warning CS1998: This async method lacks 'await' operators and will run synchronously. Consider using the 'await' operator to await non-blocking API calls, or 'await Task.Run(...)' to do CPU-bound work on a background thread. [C:\Users\Developer\source\repos\ClinicApp\ClinicApp.csproj]
         C:\Users\Developer\source\repos\ClinicApp\Services\Payment\Web\WebPaymentService.cs(370,60): warning CS1998: This async method lacks 'await' operators and will run synchronously. Consider using the 'await' operator to await non-blocking API calls, or 'await Task.Run(...)' to do CPU-bound work on a background thread. [C:\Users\Developer\source\repos\ClinicApp\ClinicApp.csproj]
         C:\Users\Developer\source\repos\ClinicApp\Services\Payment\Web\WebPaymentService.cs(376,42): warning CS1998: This async method lacks 'await' operators and will run synchronously. Consider using the 'await' operator to await non-blocking API calls, or 'await Task.Run(...)' to do CPU-bound work on a background thread. [C:\Users\Developer\source\repos\ClinicApp\ClinicApp.csproj]
         C:\Users\Developer\source\repos\ClinicApp\Services\Payment\Web\WebPaymentService.cs(382,59): warning CS1998: This async method lacks 'await' operators and will run synchronously. Consider using the 'await' operator to await non-blocking API calls, or 'await Task.Run(...)' to do CPU-bound work on a background thread. [C:\Users\Developer\source\repos\ClinicApp\ClinicApp.csproj]
         C:\Users\Developer\source\repos\ClinicApp\Services\Payment\Web\WebPaymentService.cs(388,71): warning CS1998: This async method lacks 'await' operators and will run synchronously. Consider using the 'await' operator to await non-blocking API calls, or 'await Task.Run(...)' to do CPU-bound work on a background thread. [C:\Users\Developer\source\repos\ClinicApp\ClinicApp.csproj]
         C:\Users\Developer\source\repos\ClinicApp\Services\Payment\Web\WebPaymentService.cs(394,58): warning CS1998: This async method lacks 'await' operators and will run synchronously. Consider using the 'await' operator to await non-blocking API calls, or 'await Task.Run(...)' to do CPU-bound work on a background thread. [C:\Users\Developer\source\repos\ClinicApp\ClinicApp.csproj]
         C:\Users\Developer\source\repos\ClinicApp\Services\Payment\Web\WebPaymentService.cs(400,42): warning CS1998: This async method lacks 'await' operators and will run synchronously. Consider using the 'await' operator to await non-blocking API calls, or 'await Task.Run(...)' to do CPU-bound work on a background thread. [C:\Users\Developer\source\repos\ClinicApp\ClinicApp.csproj]
         C:\Users\Developer\source\repos\ClinicApp\Services\Payment\Web\WebPaymentService.cs(406,65): warning CS1998: This async method lacks 'await' operators and will run synchronously. Consider using the 'await' operator to await non-blocking API calls, or 'await Task.Run(...)' to do CPU-bound work on a background thread. [C:\Users\Developer\source\repos\ClinicApp\ClinicApp.csproj]
         C:\Users\Developer\source\repos\ClinicApp\Services\Payment\Web\WebPaymentService.cs(412,42): warning CS1998: This async method lacks 'await' operators and will run synchronously. Consider using the 'await' operator to await non-blocking API calls, or 'await Task.Run(...)' to do CPU-bound work on a background thread. [C:\Users\Developer\source\repos\ClinicApp\ClinicApp.csproj]
         C:\Users\Developer\source\repos\ClinicApp\Services\Payment\Web\WebPaymentService.cs(418,42): warning CS1998: This async method lacks 'await' operators and will run synchronously. Consider using the 'await' operator to await non-blocking API calls, or 'await Task.Run(...)' to do CPU-bound work on a background thread. [C:\Users\Developer\source\repos\ClinicApp\ClinicApp.csproj]
         C:\Users\Developer\source\repos\ClinicApp\Services\Payment\Web\WebPaymentService.cs(424,64): warning CS1998: This async method lacks 'await' operators and will run synchronously. Consider using the 'await' operator to await non-blocking API calls, or 'await Task.Run(...)' to do CPU-bound work on a background thread. [C:\Users\Developer\source\repos\ClinicApp\ClinicApp.csproj]
         C:\Users\Developer\source\repos\ClinicApp\Services\Payment\Web\WebPaymentService.cs(430,91): warning CS1998: This async method lacks 'await' operators and will run synchronously. Consider using the 'await' operator to await non-blocking API calls, or 'await Task.Run(...)' to do CPU-bound work on a background thread. [C:\Users\Developer\source\repos\ClinicApp\ClinicApp.csproj]
         C:\Users\Developer\source\repos\ClinicApp\Services\Payment\Web\WebPaymentService.cs(444,69): warning CS1998: This async method lacks 'await' operators and will run synchronously. Consider using the 'await' operator to await non-blocking API calls, or 'await Task.Run(...)' to do CPU-bound work on a background thread. [C:\Users\Developer\source\repos\ClinicApp\ClinicApp.csproj]
         C:\Users\Developer\source\repos\ClinicApp\Services\Payment\Web\WebPaymentService.cs(450,42): warning CS1998: This async method lacks 'await' operators and will run synchronously. Consider using the 'await' operator to await non-blocking API calls, or 'await Task.Run(...)' to do CPU-bound work on a background thread. [C:\Users\Developer\source\repos\ClinicApp\ClinicApp.csproj]
         C:\Users\Developer\source\repos\ClinicApp\Services\Insurance\InsuranceValidationService.cs(55,48): warning CS1998: This async method lacks 'await' operators and will run synchronously. Consider using the 'await' operator to await non-blocking API calls, or 'await Task.Run(...)' to do CPU-bound work on a background thread. [C:\Users\Developer\source\repos\ClinicApp\ClinicApp.csproj]
         C:\Users\Developer\source\repos\ClinicApp\Services\Insurance\InsuranceValidationService.cs(72,65): warning CS1998: This async method lacks 'await' operators and will run synchronously. Consider using the 'await' operator to await non-blocking API calls, or 'await Task.Run(...)' to do CPU-bound work on a background thread. [C:\Users\Developer\source\repos\ClinicApp\ClinicApp.csproj]
         C:\Users\Developer\source\repos\ClinicApp\Services\Insurance\InsuranceValidationService.cs(94,48): warning CS1998: This async method lacks 'await' operators and will run synchronously. Consider using the 'await' operator to await non-blocking API calls, or 'await Task.Run(...)' to do CPU-bound work on a background thread. [C:\Users\Developer\source\repos\ClinicApp\ClinicApp.csproj]
         C:\Users\Developer\source\repos\ClinicApp\Services\Insurance\InsuranceValidationService.cs(110,48): warning CS1998: This async method lacks 'await' operators and will run synchronously. Consider using the 'await' operator to await non-blocking API calls, or 'await Task.Run(...)' to do CPU-bound work on a background thread. [C:\Users\Developer\source\repos\ClinicApp\ClinicApp.csproj]
         C:\Users\Developer\source\repos\ClinicApp\Services\Insurance\InsuranceValidationService.cs(127,65): warning CS1998: This async method lacks 'await' operators and will run synchronously. Consider using the 'await' operator to await non-blocking API calls, or 'await Task.Run(...)' to do CPU-bound work on a background thread. [C:\Users\Developer\source\repos\ClinicApp\ClinicApp.csproj]
         C:\Users\Developer\source\repos\ClinicApp\Services\Insurance\InsuranceValidationService.cs(144,48): warning CS1998: This async method lacks 'await' operators and will run synchronously. Consider using the 'await' operator to await non-blocking API calls, or 'await Task.Run(...)' to do CPU-bound work on a background thread. [C:\Users\Developer\source\repos\ClinicApp\ClinicApp.csproj]
         C:\Users\Developer\source\repos\ClinicApp\Services\Insurance\InsuranceValidationService.cs(161,65): warning CS1998: This async method lacks 'await' operators and will run synchronously. Consider using the 'await' operator to await non-blocking API calls, or 'await Task.Run(...)' to do CPU-bound work on a background thread. [C:\Users\Developer\source\repos\ClinicApp\ClinicApp.csproj]
         C:\Users\Developer\source\repos\ClinicApp\Services\Payment\Gateway\PaymentGatewayService.cs(323,43): warning CS1998: This async method lacks 'await' operators and will run synchronously. Consider using the 'await' operator to await non-blocking API calls, or 'await Task.Run(...)' to do CPU-bound work on a background thread. [C:\Users\Developer\source\repos\ClinicApp\ClinicApp.csproj]
         C:\Users\Developer\source\repos\ClinicApp\Services\Insurance\InsuranceValidationService.cs(183,48): warning CS1998: This async method lacks 'await' operators and will run synchronously. Consider using the 'await' operator to await non-blocking API calls, or 'await Task.Run(...)' to do CPU-bound work on a background thread. [C:\Users\Developer\source\repos\ClinicApp\ClinicApp.csproj]
         C:\Users\Developer\source\repos\ClinicApp\Services\Insurance\InsuranceValidationService.cs(200,65): warning CS1998: This async method lacks 'await' operators and will run synchronously. Consider using the 'await' operator to await non-blocking API calls, or 'await Task.Run(...)' to do CPU-bound work on a background thread. [C:\Users\Developer\source\repos\ClinicApp\ClinicApp.csproj]
         C:\Users\Developer\source\repos\ClinicApp\Services\Payment\Gateway\PaymentGatewayService.cs(360,43): warning CS1998: This async method lacks 'await' operators and will run synchronously. Consider using the 'await' operator to await non-blocking API calls, or 'await Task.Run(...)' to do CPU-bound work on a background thread. [C:\Users\Developer\source\repos\ClinicApp\ClinicApp.csproj]
         C:\Users\Developer\source\repos\ClinicApp\Services\Payment\Gateway\PaymentGatewayService.cs(401,58): warning CS1998: This async method lacks 'await' operators and will run synchronously. Consider using the 'await' operator to await non-blocking API calls, or 'await Task.Run(...)' to do CPU-bound work on a background thread. [C:\Users\Developer\source\repos\ClinicApp\ClinicApp.csproj]
         C:\Users\Developer\source\repos\ClinicApp\Services\Payment\Gateway\PaymentGatewayService.cs(407,71): warning CS1998: This async method lacks 'await' operators and will run synchronously. Consider using the 'await' operator to await non-blocking API calls, or 'await Task.Run(...)' to do CPU-bound work on a background thread. [C:\Users\Developer\source\repos\ClinicApp\ClinicApp.csproj]
         C:\Users\Developer\source\repos\ClinicApp\Services\Insurance\InsuranceValidationService.cs(222,72): warning CS1998: This async method lacks 'await' operators and will run synchronously. Consider using the 'await' operator to await non-blocking API calls, or 'await Task.Run(...)' to do CPU-bound work on a background thread. [C:\Users\Developer\source\repos\ClinicApp\ClinicApp.csproj]
         C:\Users\Developer\source\repos\ClinicApp\Services\Payment\Gateway\PaymentGatewayService.cs(413,58): warning CS1998: This async method lacks 'await' operators and will run synchronously. Consider using the 'await' operator to await non-blocking API calls, or 'await Task.Run(...)' to do CPU-bound work on a background thread. [C:\Users\Developer\source\repos\ClinicApp\ClinicApp.csproj]
         C:\Users\Developer\source\repos\ClinicApp\Services\Payment\Gateway\PaymentGatewayService.cs(419,42): warning CS1998: This async method lacks 'await' operators and will run synchronously. Consider using the 'await' operator to await non-blocking API calls, or 'await Task.Run(...)' to do CPU-bound work on a background thread. [C:\Users\Developer\source\repos\ClinicApp\ClinicApp.csproj]
         C:\Users\Developer\source\repos\ClinicApp\Services\Payment\Gateway\PaymentGatewayService.cs(465,66): warning CS1998: This async method lacks 'await' operators and will run synchronously. Consider using the 'await' operator to await non-blocking API calls, or 'await Task.Run(...)' to do CPU-bound work on a background thread. [C:\Users\Developer\source\repos\ClinicApp\ClinicApp.csproj]
         C:\Users\Developer\source\repos\ClinicApp\Services\Payment\Gateway\PaymentGatewayService.cs(471,65): warning CS1998: This async method lacks 'await' operators and will run synchronously. Consider using the 'await' operator to await non-blocking API calls, or 'await Task.Run(...)' to do CPU-bound work on a background thread. [C:\Users\Developer\source\repos\ClinicApp\ClinicApp.csproj]
         C:\Users\Developer\source\repos\ClinicApp\Services\Insurance\InsuranceValidationService.cs(247,72): warning CS1998: This async method lacks 'await' operators and will run synchronously. Consider using the 'await' operator to await non-blocking API calls, or 'await Task.Run(...)' to do CPU-bound work on a background thread. [C:\Users\Developer\source\repos\ClinicApp\ClinicApp.csproj]
         C:\Users\Developer\source\repos\ClinicApp\Services\Payment\Gateway\PaymentGatewayService.cs(477,64): warning CS1998: This async method lacks 'await' operators and will run synchronously. Consider using the 'await' operator to await non-blocking API calls, or 'await Task.Run(...)' to do CPU-bound work on a background thread. [C:\Users\Developer\source\repos\ClinicApp\ClinicApp.csproj]
         C:\Users\Developer\source\repos\ClinicApp\Services\Payment\Gateway\PaymentGatewayService.cs(483,64): warning CS1998: This async method lacks 'await' operators and will run synchronously. Consider using the 'await' operator to await non-blocking API calls, or 'await Task.Run(...)' to do CPU-bound work on a background thread. [C:\Users\Developer\source\repos\ClinicApp\ClinicApp.csproj]
         C:\Users\Developer\source\repos\ClinicApp\Services\Payment\Gateway\PaymentGatewayService.cs(489,42): warning CS1998: This async method lacks 'await' operators and will run synchronously. Consider using the 'await' operator to await non-blocking API calls, or 'await Task.Run(...)' to do CPU-bound work on a background thread. [C:\Users\Developer\source\repos\ClinicApp\ClinicApp.csproj]
         C:\Users\Developer\source\repos\ClinicApp\Services\Payment\Gateway\PaymentGatewayService.cs(495,63): warning CS1998: This async method lacks 'await' operators and will run synchronously. Consider using the 'await' operator to await non-blocking API calls, or 'await Task.Run(...)' to do CPU-bound work on a background thread. [C:\Users\Developer\source\repos\ClinicApp\ClinicApp.csproj]
         C:\Users\Developer\source\repos\ClinicApp\Services\Payment\Gateway\PaymentGatewayService.cs(501,65): warning CS1998: This async method lacks 'await' operators and will run synchronously. Consider using the 'await' operator to await non-blocking API calls, or 'await Task.Run(...)' to do CPU-bound work on a background thread. [C:\Users\Developer\source\repos\ClinicApp\ClinicApp.csproj]
         C:\Users\Developer\source\repos\ClinicApp\Services\Payment\Gateway\PaymentGatewayService.cs(517,65): warning CS1998: This async method lacks 'await' operators and will run synchronously. Consider using the 'await' operator to await non-blocking API calls, or 'await Task.Run(...)' to do CPU-bound work on a background thread. [C:\Users\Developer\source\repos\ClinicApp\ClinicApp.csproj]
         C:\Users\Developer\source\repos\ClinicApp\Services\Payment\Gateway\PaymentGatewayService.cs(523,68): warning CS1998: This async method lacks 'await' operators and will run synchronously. Consider using the 'await' operator to await non-blocking API calls, or 'await Task.Run(...)' to do CPU-bound work on a background thread. [C:\Users\Developer\source\repos\ClinicApp\ClinicApp.csproj]
         C:\Users\Developer\source\repos\ClinicApp\Services\Payment\Gateway\PaymentGatewayService.cs(529,64): warning CS1998: This async method lacks 'await' operators and will run synchronously. Consider using the 'await' operator to await non-blocking API calls, or 'await Task.Run(...)' to do CPU-bound work on a background thread. [C:\Users\Developer\source\repos\ClinicApp\ClinicApp.csproj]
         C:\Users\Developer\source\repos\ClinicApp\Services\Payment\Gateway\PaymentGatewayService.cs(535,42): warning CS1998: This async method lacks 'await' operators and will run synchronously. Consider using the 'await' operator to await non-blocking API calls, or 'await Task.Run(...)' to do CPU-bound work on a background thread. [C:\Users\Developer\source\repos\ClinicApp\ClinicApp.csproj]
         C:\Users\Developer\source\repos\ClinicApp\Services\Payment\Gateway\PaymentGatewayService.cs(551,42): warning CS1998: This async method lacks 'await' operators and will run synchronously. Consider using the 'await' operator to await non-blocking API calls, or 'await Task.Run(...)' to do CPU-bound work on a background thread. [C:\Users\Developer\source\repos\ClinicApp\ClinicApp.csproj]
         C:\Users\Developer\source\repos\ClinicApp\Services\Payment\Gateway\PaymentGatewayService.cs(557,68): warning CS1998: This async method lacks 'await' operators and will run synchronously. Consider using the 'await' operator to await non-blocking API calls, or 'await Task.Run(...)' to do CPU-bound work on a background thread. [C:\Users\Developer\source\repos\ClinicApp\ClinicApp.csproj]
         C:\Users\Developer\source\repos\ClinicApp\Services\Payment\Gateway\PaymentGatewayService.cs(563,67): warning CS1998: This async method lacks 'await' operators and will run synchronously. Consider using the 'await' operator to await non-blocking API calls, or 'await Task.Run(...)' to do CPU-bound work on a background thread. [C:\Users\Developer\source\repos\ClinicApp\ClinicApp.csproj]
         C:\Users\Developer\source\repos\ClinicApp\Services\Payment\Gateway\PaymentGatewayService.cs(569,66): warning CS1998: This async method lacks 'await' operators and will run synchronously. Consider using the 'await' operator to await non-blocking API calls, or 'await Task.Run(...)' to do CPU-bound work on a background thread. [C:\Users\Developer\source\repos\ClinicApp\ClinicApp.csproj]
         C:\Users\Developer\source\repos\ClinicApp\Repositories\Insurance\PatientInsuranceRepository.cs(675,68): warning CS1998: This async method lacks 'await' operators and will run synchronously. Consider using the 'await' operator to await non-blocking API calls, or 'await Task.Run(...)' to do CPU-bound work on a background thread. [C:\Users\Developer\source\repos\ClinicApp\ClinicApp.csproj]
         C:\Users\Developer\source\repos\ClinicApp\Services\Payment\Validation\PaymentValidationService.cs(321,42): warning CS1998: This async method lacks 'await' operators and will run synchronously. Consider using the 'await' operator to await non-blocking API calls, or 'await Task.Run(...)' to do CPU-bound work on a background thread. [C:\Users\Developer\source\repos\ClinicApp\ClinicApp.csproj]
         C:\Users\Developer\source\repos\ClinicApp\Services\Payment\Validation\PaymentValidationService.cs(388,42): warning CS1998: This async method lacks 'await' operators and will run synchronously. Consider using the 'await' operator to await non-blocking API calls, or 'await Task.Run(...)' to do CPU-bound work on a background thread. [C:\Users\Developer\source\repos\ClinicApp\ClinicApp.csproj]
         C:\Users\Developer\source\repos\ClinicApp\Services\Payment\Validation\PaymentValidationService.cs(394,42): warning CS1998: This async method lacks 'await' operators and will run synchronously. Consider using the 'await' operator to await non-blocking API calls, or 'await Task.Run(...)' to do CPU-bound work on a background thread. [C:\Users\Developer\source\repos\ClinicApp\ClinicApp.csproj]
         C:\Users\Developer\source\repos\ClinicApp\Services\Payment\Validation\PaymentValidationService.cs(400,42): warning CS1998: This async method lacks 'await' operators and will run synchronously. Consider using the 'await' operator to await non-blocking API calls, or 'await Task.Run(...)' to do CPU-bound work on a background thread. [C:\Users\Developer\source\repos\ClinicApp\ClinicApp.csproj]
         C:\Users\Developer\source\repos\ClinicApp\Services\Payment\Validation\PaymentValidationService.cs(406,42): warning CS1998: This async method lacks 'await' operators and will run synchronously. Consider using the 'await' operator to await non-blocking API calls, or 'await Task.Run(...)' to do CPU-bound work on a background thread. [C:\Users\Developer\source\repos\ClinicApp\ClinicApp.csproj]
         C:\Users\Developer\source\repos\ClinicApp\Services\Payment\Validation\PaymentValidationService.cs(412,42): warning CS1998: This async method lacks 'await' operators and will run synchronously. Consider using the 'await' operator to await non-blocking API calls, or 'await Task.Run(...)' to do CPU-bound work on a background thread. [C:\Users\Developer\source\repos\ClinicApp\ClinicApp.csproj]
         C:\Users\Developer\source\repos\ClinicApp\Services\Payment\Validation\PaymentValidationService.cs(418,42): warning CS1998: This async method lacks 'await' operators and will run synchronously. Consider using the 'await' operator to await non-blocking API calls, or 'await Task.Run(...)' to do CPU-bound work on a background thread. [C:\Users\Developer\source\repos\ClinicApp\ClinicApp.csproj]
         C:\Users\Developer\source\repos\ClinicApp\Services\Payment\Validation\PaymentValidationService.cs(424,42): warning CS1998: This async method lacks 'await' operators and will run synchronously. Consider using the 'await' operator to await non-blocking API calls, or 'await Task.Run(...)' to do CPU-bound work on a background thread. [C:\Users\Developer\source\repos\ClinicApp\ClinicApp.csproj]
         C:\Users\Developer\source\repos\ClinicApp\Services\Payment\Validation\PaymentValidationService.cs(430,42): warning CS1998: This async method lacks 'await' operators and will run synchronously. Consider using the 'await' operator to await non-blocking API calls, or 'await Task.Run(...)' to do CPU-bound work on a background thread. [C:\Users\Developer\source\repos\ClinicApp\ClinicApp.csproj]
         C:\Users\Developer\source\repos\ClinicApp\Services\Payment\Validation\PaymentValidationService.cs(436,42): warning CS1998: This async method lacks 'await' operators and will run synchronously. Consider using the 'await' operator to await non-blocking API calls, or 'await Task.Run(...)' to do CPU-bound work on a background thread. [C:\Users\Developer\source\repos\ClinicApp\ClinicApp.csproj]
         C:\Users\Developer\source\repos\ClinicApp\Services\Payment\Validation\PaymentValidationService.cs(442,42): warning CS1998: This async method lacks 'await' operators and will run synchronously. Consider using the 'await' operator to await non-blocking API calls, or 'await Task.Run(...)' to do CPU-bound work on a background thread. [C:\Users\Developer\source\repos\ClinicApp\ClinicApp.csproj]
         C:\Users\Developer\source\repos\ClinicApp\Services\Payment\PaymentService.cs(220,43): warning CS1998: This async method lacks 'await' operators and will run synchronously. Consider using the 'await' operator to await non-blocking API calls, or 'await Task.Run(...)' to do CPU-bound work on a background thread. [C:\Users\Developer\source\repos\ClinicApp\ClinicApp.csproj]
         C:\Users\Developer\source\repos\ClinicApp\Services\Payment\Validation\PaymentValidationService.cs(448,42): warning CS1998: This async method lacks 'await' operators and will run synchronously. Consider using the 'await' operator to await non-blocking API calls, or 'await Task.Run(...)' to do CPU-bound work on a background thread. [C:\Users\Developer\source\repos\ClinicApp\ClinicApp.csproj]
         C:\Users\Developer\source\repos\ClinicApp\Services\Payment\Validation\PaymentValidationService.cs(454,42): warning CS1998: This async method lacks 'await' operators and will run synchronously. Consider using the 'await' operator to await non-blocking API calls, or 'await Task.Run(...)' to do CPU-bound work on a background thread. [C:\Users\Developer\source\repos\ClinicApp\ClinicApp.csproj]
         C:\Users\Developer\source\repos\ClinicApp\Services\Payment\Validation\PaymentValidationService.cs(460,42): warning CS1998: This async method lacks 'await' operators and will run synchronously. Consider using the 'await' operator to await non-blocking API calls, or 'await Task.Run(...)' to do CPU-bound work on a background thread. [C:\Users\Developer\source\repos\ClinicApp\ClinicApp.csproj]
         C:\Users\Developer\source\repos\ClinicApp\Services\Payment\Validation\PaymentValidationService.cs(466,42): warning CS1998: This async method lacks 'await' operators and will run synchronously. Consider using the 'await' operator to await non-blocking API calls, or 'await Task.Run(...)' to do CPU-bound work on a background thread. [C:\Users\Developer\source\repos\ClinicApp\ClinicApp.csproj]
         C:\Users\Developer\source\repos\ClinicApp\Services\Payment\Validation\PaymentValidationService.cs(472,42): warning CS1998: This async method lacks 'await' operators and will run synchronously. Consider using the 'await' operator to await non-blocking API calls, or 'await Task.Run(...)' to do CPU-bound work on a background thread. [C:\Users\Developer\source\repos\ClinicApp\ClinicApp.csproj]
         C:\Users\Developer\source\repos\ClinicApp\Services\Payment\Validation\PaymentValidationService.cs(478,42): warning CS1998: This async method lacks 'await' operators and will run synchronously. Consider using the 'await' operator to await non-blocking API calls, or 'await Task.Run(...)' to do CPU-bound work on a background thread. [C:\Users\Developer\source\repos\ClinicApp\ClinicApp.csproj]
         C:\Users\Developer\source\repos\ClinicApp\Services\Payment\Validation\PaymentValidationService.cs(484,42): warning CS1998: This async method lacks 'await' operators and will run synchronously. Consider using the 'await' operator to await non-blocking API calls, or 'await Task.Run(...)' to do CPU-bound work on a background thread. [C:\Users\Developer\source\repos\ClinicApp\ClinicApp.csproj]
         C:\Users\Developer\source\repos\ClinicApp\Services\Payment\Validation\PaymentValidationService.cs(490,42): warning CS1998: This async method lacks 'await' operators and will run synchronously. Consider using the 'await' operator to await non-blocking API calls, or 'await Task.Run(...)' to do CPU-bound work on a background thread. [C:\Users\Developer\source\repos\ClinicApp\ClinicApp.csproj]
         C:\Users\Developer\source\repos\ClinicApp\Services\Payment\Validation\PaymentValidationService.cs(496,42): warning CS1998: This async method lacks 'await' operators and will run synchronously. Consider using the 'await' operator to await non-blocking API calls, or 'await Task.Run(...)' to do CPU-bound work on a background thread. [C:\Users\Developer\source\repos\ClinicApp\ClinicApp.csproj]
         C:\Users\Developer\source\repos\ClinicApp\Services\Payment\Validation\PaymentValidationService.cs(502,42): warning CS1998: This async method lacks 'await' operators and will run synchronously. Consider using the 'await' operator to await non-blocking API calls, or 'await Task.Run(...)' to do CPU-bound work on a background thread. [C:\Users\Developer\source\repos\ClinicApp\ClinicApp.csproj]
         C:\Users\Developer\source\repos\ClinicApp\Services\Payment\PaymentService.cs(286,43): warning CS1998: This async method lacks 'await' operators and will run synchronously. Consider using the 'await' operator to await non-blocking API calls, or 'await Task.Run(...)' to do CPU-bound work on a background thread. [C:\Users\Developer\source\repos\ClinicApp\ClinicApp.csproj]
         C:\Users\Developer\source\repos\ClinicApp\Services\Payment\POS\PosManagementService.cs(259,43): warning CS1998: This async method lacks 'await' operators and will run synchronously. Consider using the 'await' operator to await non-blocking API calls, or 'await Task.Run(...)' to do CPU-bound work on a background thread. [C:\Users\Developer\source\repos\ClinicApp\ClinicApp.csproj]
         C:\Users\Developer\source\repos\ClinicApp\Services\Payment\POS\PosManagementService.cs(287,43): warning CS1998: This async method lacks 'await' operators and will run synchronously. Consider using the 'await' operator to await non-blocking API calls, or 'await Task.Run(...)' to do CPU-bound work on a background thread. [C:\Users\Developer\source\repos\ClinicApp\ClinicApp.csproj]
         C:\Users\Developer\source\repos\ClinicApp\Services\Payment\POS\PosManagementService.cs(319,55): warning CS1998: This async method lacks 'await' operators and will run synchronously. Consider using the 'await' operator to await non-blocking API calls, or 'await Task.Run(...)' to do CPU-bound work on a background thread. [C:\Users\Developer\source\repos\ClinicApp\ClinicApp.csproj]
         C:\Users\Developer\source\repos\ClinicApp\Services\Payment\POS\PosManagementService.cs(325,68): warning CS1998: This async method lacks 'await' operators and will run synchronously. Consider using the 'await' operator to await non-blocking API calls, or 'await Task.Run(...)' to do CPU-bound work on a background thread. [C:\Users\Developer\source\repos\ClinicApp\ClinicApp.csproj]
         C:\Users\Developer\source\repos\ClinicApp\Services\Payment\POS\PosManagementService.cs(331,55): warning CS1998: This async method lacks 'await' operators and will run synchronously. Consider using the 'await' operator to await non-blocking API calls, or 'await Task.Run(...)' to do CPU-bound work on a background thread. [C:\Users\Developer\source\repos\ClinicApp\ClinicApp.csproj]
         C:\Users\Developer\source\repos\ClinicApp\Services\Payment\POS\PosManagementService.cs(337,42): warning CS1998: This async method lacks 'await' operators and will run synchronously. Consider using the 'await' operator to await non-blocking API calls, or 'await Task.Run(...)' to do CPU-bound work on a background thread. [C:\Users\Developer\source\repos\ClinicApp\ClinicApp.csproj]
         C:\Users\Developer\source\repos\ClinicApp\Services\Payment\POS\PosManagementService.cs(343,55): warning CS1998: This async method lacks 'await' operators and will run synchronously. Consider using the 'await' operator to await non-blocking API calls, or 'await Task.Run(...)' to do CPU-bound work on a background thread. [C:\Users\Developer\source\repos\ClinicApp\ClinicApp.csproj]
         C:\Users\Developer\source\repos\ClinicApp\Services\Payment\POS\PosManagementService.cs(354,55): warning CS1998: This async method lacks 'await' operators and will run synchronously. Consider using the 'await' operator to await non-blocking API calls, or 'await Task.Run(...)' to do CPU-bound work on a background thread. [C:\Users\Developer\source\repos\ClinicApp\ClinicApp.csproj]
         C:\Users\Developer\source\repos\ClinicApp\Services\Insurance\InsuranceCalculationService.cs(104,79): warning CS1998: This async method lacks 'await' operators and will run synchronously. Consider using the 'await' operator to await non-blocking API calls, or 'await Task.Run(...)' to do CPU-bound work on a background thread. [C:\Users\Developer\source\repos\ClinicApp\ClinicApp.csproj]
         C:\Users\Developer\source\repos\ClinicApp\Services\Payment\POS\PosManagementService.cs(365,55): warning CS1998: This async method lacks 'await' operators and will run synchronously. Consider using the 'await' operator to await non-blocking API calls, or 'await Task.Run(...)' to do CPU-bound work on a background thread. [C:\Users\Developer\source\repos\ClinicApp\ClinicApp.csproj]
         C:\Users\Developer\source\repos\ClinicApp\Services\Payment\POS\PosManagementService.cs(371,68): warning CS1998: This async method lacks 'await' operators and will run synchronously. Consider using the 'await' operator to await non-blocking API calls, or 'await Task.Run(...)' to do CPU-bound work on a background thread. [C:\Users\Developer\source\repos\ClinicApp\ClinicApp.csproj]
         C:\Users\Developer\source\repos\ClinicApp\Services\Payment\POS\PosManagementService.cs(377,68): warning CS1998: This async method lacks 'await' operators and will run synchronously. Consider using the 'await' operator to await non-blocking API calls, or 'await Task.Run(...)' to do CPU-bound work on a background thread. [C:\Users\Developer\source\repos\ClinicApp\ClinicApp.csproj]
         C:\Users\Developer\source\repos\ClinicApp\Services\Payment\POS\PosManagementService.cs(383,55): warning CS1998: This async method lacks 'await' operators and will run synchronously. Consider using the 'await' operator to await non-blocking API calls, or 'await Task.Run(...)' to do CPU-bound work on a background thread. [C:\Users\Developer\source\repos\ClinicApp\ClinicApp.csproj]
         C:\Users\Developer\source\repos\ClinicApp\Services\Payment\POS\PosManagementService.cs(389,55): warning CS1998: This async method lacks 'await' operators and will run synchronously. Consider using the 'await' operator to await non-blocking API calls, or 'await Task.Run(...)' to do CPU-bound work on a background thread. [C:\Users\Developer\source\repos\ClinicApp\ClinicApp.csproj]
         C:\Users\Developer\source\repos\ClinicApp\Services\Insurance\InsuranceCalculationService.cs(130,79): warning CS1998: This async method lacks 'await' operators and will run synchronously. Consider using the 'await' operator to await non-blocking API calls, or 'await Task.Run(...)' to do CPU-bound work on a background thread. [C:\Users\Developer\source\repos\ClinicApp\ClinicApp.csproj]
         C:\Users\Developer\source\repos\ClinicApp\Services\Payment\POS\PosManagementService.cs(395,60): warning CS1998: This async method lacks 'await' operators and will run synchronously. Consider using the 'await' operator to await non-blocking API calls, or 'await Task.Run(...)' to do CPU-bound work on a background thread. [C:\Users\Developer\source\repos\ClinicApp\ClinicApp.csproj]
         C:\Users\Developer\source\repos\ClinicApp\Services\Payment\POS\PosManagementService.cs(401,42): warning CS1998: This async method lacks 'await' operators and will run synchronously. Consider using the 'await' operator to await non-blocking API calls, or 'await Task.Run(...)' to do CPU-bound work on a background thread. [C:\Users\Developer\source\repos\ClinicApp\ClinicApp.csproj]
         C:\Users\Developer\source\repos\ClinicApp\Services\Payment\POS\PosManagementService.cs(407,42): warning CS1998: This async method lacks 'await' operators and will run synchronously. Consider using the 'await' operator to await non-blocking API calls, or 'await Task.Run(...)' to do CPU-bound work on a background thread. [C:\Users\Developer\source\repos\ClinicApp\ClinicApp.csproj]
         C:\Users\Developer\source\repos\ClinicApp\Services\Payment\POS\PosManagementService.cs(413,65): warning CS1998: This async method lacks 'await' operators and will run synchronously. Consider using the 'await' operator to await non-blocking API calls, or 'await Task.Run(...)' to do CPU-bound work on a background thread. [C:\Users\Developer\source\repos\ClinicApp\ClinicApp.csproj]
         C:\Users\Developer\source\repos\ClinicApp\Services\Payment\POS\PosManagementService.cs(419,65): warning CS1998: This async method lacks 'await' operators and will run synchronously. Consider using the 'await' operator to await non-blocking API calls, or 'await Task.Run(...)' to do CPU-bound work on a background thread. [C:\Users\Developer\source\repos\ClinicApp\ClinicApp.csproj]
         C:\Users\Developer\source\repos\ClinicApp\Services\Payment\POS\PosManagementService.cs(425,62): warning CS1998: This async method lacks 'await' operators and will run synchronously. Consider using the 'await' operator to await non-blocking API calls, or 'await Task.Run(...)' to do CPU-bound work on a background thread. [C:\Users\Developer\source\repos\ClinicApp\ClinicApp.csproj]
         C:\Users\Developer\source\repos\ClinicApp\Services\Payment\POS\PosManagementService.cs(431,42): warning CS1998: This async method lacks 'await' operators and will run synchronously. Consider using the 'await' operator to await non-blocking API calls, or 'await Task.Run(...)' to do CPU-bound work on a background thread. [C:\Users\Developer\source\repos\ClinicApp\ClinicApp.csproj]
         C:\Users\Developer\source\repos\ClinicApp\Services\Payment\POS\PosManagementService.cs(437,42): warning CS1998: This async method lacks 'await' operators and will run synchronously. Consider using the 'await' operator to await non-blocking API calls, or 'await Task.Run(...)' to do CPU-bound work on a background thread. [C:\Users\Developer\source\repos\ClinicApp\ClinicApp.csproj]
         C:\Users\Developer\source\repos\ClinicApp\Services\Payment\POS\PosManagementService.cs(443,42): warning CS1998: This async method lacks 'await' operators and will run synchronously. Consider using the 'await' operator to await non-blocking API calls, or 'await Task.Run(...)' to do CPU-bound work on a background thread. [C:\Users\Developer\source\repos\ClinicApp\ClinicApp.csproj]
         C:\Users\Developer\source\repos\ClinicApp\Services\Insurance\InsuranceCalculationService.cs(157,79): warning CS1998: This async method lacks 'await' operators and will run synchronously. Consider using the 'await' operator to await non-blocking API calls, or 'await Task.Run(...)' to do CPU-bound work on a background thread. [C:\Users\Developer\source\repos\ClinicApp\ClinicApp.csproj]
         C:\Users\Developer\source\repos\ClinicApp\Services\Insurance\InsuranceCalculationService.cs(184,48): warning CS1998: This async method lacks 'await' operators and will run synchronously. Consider using the 'await' operator to await non-blocking API calls, or 'await Task.Run(...)' to do CPU-bound work on a background thread. [C:\Users\Developer\source\repos\ClinicApp\ClinicApp.csproj]
         C:\Users\Developer\source\repos\ClinicApp\Services\Payment\PaymentService.cs(475,42): warning CS1998: This async method lacks 'await' operators and will run synchronously. Consider using the 'await' operator to await non-blocking API calls, or 'await Task.Run(...)' to do CPU-bound work on a background thread. [C:\Users\Developer\source\repos\ClinicApp\ClinicApp.csproj]
         C:\Users\Developer\source\repos\ClinicApp\Services\Payment\PaymentService.cs(481,62): warning CS1998: This async method lacks 'await' operators and will run synchronously. Consider using the 'await' operator to await non-blocking API calls, or 'await Task.Run(...)' to do CPU-bound work on a background thread. [C:\Users\Developer\source\repos\ClinicApp\ClinicApp.csproj]
         C:\Users\Developer\source\repos\ClinicApp\Services\Payment\PaymentService.cs(487,42): warning CS1998: This async method lacks 'await' operators and will run synchronously. Consider using the 'await' operator to await non-blocking API calls, or 'await Task.Run(...)' to do CPU-bound work on a background thread. [C:\Users\Developer\source\repos\ClinicApp\ClinicApp.csproj]
         C:\Users\Developer\source\repos\ClinicApp\Services\Payment\PaymentService.cs(493,62): warning CS1998: This async method lacks 'await' operators and will run synchronously. Consider using the 'await' operator to await non-blocking API calls, or 'await Task.Run(...)' to do CPU-bound work on a background thread. [C:\Users\Developer\source\repos\ClinicApp\ClinicApp.csproj]
         C:\Users\Developer\source\repos\ClinicApp\Services\Payment\PaymentService.cs(499,65): warning CS1998: This async method lacks 'await' operators and will run synchronously. Consider using the 'await' operator to await non-blocking API calls, or 'await Task.Run(...)' to do CPU-bound work on a background thread. [C:\Users\Developer\source\repos\ClinicApp\ClinicApp.csproj]
         C:\Users\Developer\source\repos\ClinicApp\Services\Payment\PaymentService.cs(505,51): warning CS1998: This async method lacks 'await' operators and will run synchronously. Consider using the 'await' operator to await non-blocking API calls, or 'await Task.Run(...)' to do CPU-bound work on a background thread. [C:\Users\Developer\source\repos\ClinicApp\ClinicApp.csproj]
         C:\Users\Developer\source\repos\ClinicApp\Services\Payment\PaymentService.cs(511,42): warning CS1998: This async method lacks 'await' operators and will run synchronously. Consider using the 'await' operator to await non-blocking API calls, or 'await Task.Run(...)' to do CPU-bound work on a background thread. [C:\Users\Developer\source\repos\ClinicApp\ClinicApp.csproj]
         C:\Users\Developer\source\repos\ClinicApp\Services\Payment\PaymentService.cs(517,42): warning CS1998: This async method lacks 'await' operators and will run synchronously. Consider using the 'await' operator to await non-blocking API calls, or 'await Task.Run(...)' to do CPU-bound work on a background thread. [C:\Users\Developer\source\repos\ClinicApp\ClinicApp.csproj]
         C:\Users\Developer\source\repos\ClinicApp\Services\Payment\PaymentService.cs(523,57): warning CS1998: This async method lacks 'await' operators and will run synchronously. Consider using the 'await' operator to await non-blocking API calls, or 'await Task.Run(...)' to do CPU-bound work on a background thread. [C:\Users\Developer\source\repos\ClinicApp\ClinicApp.csproj]
         C:\Users\Developer\source\repos\ClinicApp\Services\Payment\PaymentService.cs(529,62): warning CS1998: This async method lacks 'await' operators and will run synchronously. Consider using the 'await' operator to await non-blocking API calls, or 'await Task.Run(...)' to do CPU-bound work on a background thread. [C:\Users\Developer\source\repos\ClinicApp\ClinicApp.csproj]
         C:\Users\Developer\source\repos\ClinicApp\Services\Payment\PaymentService.cs(535,75): warning CS1998: This async method lacks 'await' operators and will run synchronously. Consider using the 'await' operator to await non-blocking API calls, or 'await Task.Run(...)' to do CPU-bound work on a background thread. [C:\Users\Developer\source\repos\ClinicApp\ClinicApp.csproj]
         C:\Users\Developer\source\repos\ClinicApp\Services\Payment\PaymentService.cs(541,75): warning CS1998: This async method lacks 'await' operators and will run synchronously. Consider using the 'await' operator to await non-blocking API calls, or 'await Task.Run(...)' to do CPU-bound work on a background thread. [C:\Users\Developer\source\repos\ClinicApp\ClinicApp.csproj]
         C:\Users\Developer\source\repos\ClinicApp\Services\Payment\PaymentService.cs(547,75): warning CS1998: This async method lacks 'await' operators and will run synchronously. Consider using the 'await' operator to await non-blocking API calls, or 'await Task.Run(...)' to do CPU-bound work on a background thread. [C:\Users\Developer\source\repos\ClinicApp\ClinicApp.csproj]
         C:\Users\Developer\source\repos\ClinicApp\Services\Payment\PaymentService.cs(553,61): warning CS1998: This async method lacks 'await' operators and will run synchronously. Consider using the 'await' operator to await non-blocking API calls, or 'await Task.Run(...)' to do CPU-bound work on a background thread. [C:\Users\Developer\source\repos\ClinicApp\ClinicApp.csproj]
         C:\Users\Developer\source\repos\ClinicApp\Services\Payment\PaymentService.cs(559,66): warning CS1998: This async method lacks 'await' operators and will run synchronously. Consider using the 'await' operator to await non-blocking API calls, or 'await Task.Run(...)' to do CPU-bound work on a background thread. [C:\Users\Developer\source\repos\ClinicApp\ClinicApp.csproj]
         C:\Users\Developer\source\repos\ClinicApp\Services\Payment\PaymentService.cs(565,68): warning CS1998: This async method lacks 'await' operators and will run synchronously. Consider using the 'await' operator to await non-blocking API calls, or 'await Task.Run(...)' to do CPU-bound work on a background thread. [C:\Users\Developer\source\repos\ClinicApp\ClinicApp.csproj]
         C:\Users\Developer\source\repos\ClinicApp\Services\Payment\PaymentService.cs(571,75): warning CS1998: This async method lacks 'await' operators and will run synchronously. Consider using the 'await' operator to await non-blocking API calls, or 'await Task.Run(...)' to do CPU-bound work on a background thread. [C:\Users\Developer\source\repos\ClinicApp\ClinicApp.csproj]
         C:\Users\Developer\source\repos\ClinicApp\Services\Payment\PaymentService.cs(577,75): warning CS1998: This async method lacks 'await' operators and will run synchronously. Consider using the 'await' operator to await non-blocking API calls, or 'await Task.Run(...)' to do CPU-bound work on a background thread. [C:\Users\Developer\source\repos\ClinicApp\ClinicApp.csproj]
         C:\Users\Developer\source\repos\ClinicApp\Services\Payment\PaymentService.cs(583,61): warning CS1998: This async method lacks 'await' operators and will run synchronously. Consider using the 'await' operator to await non-blocking API calls, or 'await Task.Run(...)' to do CPU-bound work on a background thread. [C:\Users\Developer\source\repos\ClinicApp\ClinicApp.csproj]
         C:\Users\Developer\source\repos\ClinicApp\Services\Payment\PaymentService.cs(597,61): warning CS1998: This async method lacks 'await' operators and will run synchronously. Consider using the 'await' operator to await non-blocking API calls, or 'await Task.Run(...)' to do CPU-bound work on a background thread. [C:\Users\Developer\source\repos\ClinicApp\ClinicApp.csproj]
         C:\Users\Developer\source\repos\ClinicApp\Services\Payment\PaymentService.cs(635,75): warning CS1998: This async method lacks 'await' operators and will run synchronously. Consider using the 'await' operator to await non-blocking API calls, or 'await Task.Run(...)' to do CPU-bound work on a background thread. [C:\Users\Developer\source\repos\ClinicApp\ClinicApp.csproj]
         C:\Users\Developer\source\repos\ClinicApp\Services\Payment\PaymentService.cs(659,62): warning CS1998: This async method lacks 'await' operators and will run synchronously. Consider using the 'await' operator to await non-blocking API calls, or 'await Task.Run(...)' to do CPU-bound work on a background thread. [C:\Users\Developer\source\repos\ClinicApp\ClinicApp.csproj]
         C:\Users\Developer\source\repos\ClinicApp\Services\Payment\PaymentService.cs(673,62): warning CS1998: This async method lacks 'await' operators and will run synchronously. Consider using the 'await' operator to await non-blocking API calls, or 'await Task.Run(...)' to do CPU-bound work on a background thread. [C:\Users\Developer\source\repos\ClinicApp\ClinicApp.csproj]
         C:\Users\Developer\source\repos\ClinicApp\Services\Payment\PaymentService.cs(687,62): warning CS1998: This async method lacks 'await' operators and will run synchronously. Consider using the 'await' operator to await non-blocking API calls, or 'await Task.Run(...)' to do CPU-bound work on a background thread. [C:\Users\Developer\source\repos\ClinicApp\ClinicApp.csproj]
         C:\Users\Developer\source\repos\ClinicApp\Services\Payment\PaymentService.cs(701,42): warning CS1998: This async method lacks 'await' operators and will run synchronously. Consider using the 'await' operator to await non-blocking API calls, or 'await Task.Run(...)' to do CPU-bound work on a background thread. [C:\Users\Developer\source\repos\ClinicApp\ClinicApp.csproj]
         C:\Users\Developer\source\repos\ClinicApp\Services\ClinicAdmin\DoctorDashboardService.cs(548,77): warning CS1998: This async method lacks 'await' operators and will run synchronously. Consider using the 'await' operator to await non-blocking API calls, or 'await Task.Run(...)' to do CPU-bound work on a background thread. [C:\Users\Developer\source\repos\ClinicApp\ClinicApp.csproj]
         C:\Users\Developer\source\repos\ClinicApp\Services\ClinicAdmin\DoctorDashboardService.cs(580,70): warning CS1998: This async method lacks 'await' operators and will run synchronously. Consider using the 'await' operator to await non-blocking API calls, or 'await Task.Run(...)' to do CPU-bound work on a background thread. [C:\Users\Developer\source\repos\ClinicApp\ClinicApp.csproj]
         C:\Users\Developer\source\repos\ClinicApp\Services\Payment\Reporting\PaymentReportingService.cs(305,63): warning CS1998: This async method lacks 'await' operators and will run synchronously. Consider using the 'await' operator to await non-blocking API calls, or 'await Task.Run(...)' to do CPU-bound work on a background thread. [C:\Users\Developer\source\repos\ClinicApp\ClinicApp.csproj]
         C:\Users\Developer\source\repos\ClinicApp\Services\Payment\Reporting\PaymentReportingService.cs(311,66): warning CS1998: This async method lacks 'await' operators and will run synchronously. Consider using the 'await' operator to await non-blocking API calls, or 'await Task.Run(...)' to do CPU-bound work on a background thread. [C:\Users\Developer\source\repos\ClinicApp\ClinicApp.csproj]
         C:\Users\Developer\source\repos\ClinicApp\Services\Payment\Reporting\PaymentReportingService.cs(322,61): warning CS1998: This async method lacks 'await' operators and will run synchronously. Consider using the 'await' operator to await non-blocking API calls, or 'await Task.Run(...)' to do CPU-bound work on a background thread. [C:\Users\Developer\source\repos\ClinicApp\ClinicApp.csproj]
         C:\Users\Developer\source\repos\ClinicApp\Services\Payment\Reporting\PaymentReportingService.cs(328,67): warning CS1998: This async method lacks 'await' operators and will run synchronously. Consider using the 'await' operator to await non-blocking API calls, or 'await Task.Run(...)' to do CPU-bound work on a background thread. [C:\Users\Developer\source\repos\ClinicApp\ClinicApp.csproj]
         C:\Users\Developer\source\repos\ClinicApp\Services\Payment\Reporting\PaymentReportingService.cs(334,67): warning CS1998: This async method lacks 'await' operators and will run synchronously. Consider using the 'await' operator to await non-blocking API calls, or 'await Task.Run(...)' to do CPU-bound work on a background thread. [C:\Users\Developer\source\repos\ClinicApp\ClinicApp.csproj]
         C:\Users\Developer\source\repos\ClinicApp\Services\Payment\Reporting\PaymentReportingService.cs(340,65): warning CS1998: This async method lacks 'await' operators and will run synchronously. Consider using the 'await' operator to await non-blocking API calls, or 'await Task.Run(...)' to do CPU-bound work on a background thread. [C:\Users\Developer\source\repos\ClinicApp\ClinicApp.csproj]
         C:\Users\Developer\source\repos\ClinicApp\Services\Payment\Reporting\PaymentReportingService.cs(346,64): warning CS1998: This async method lacks 'await' operators and will run synchronously. Consider using the 'await' operator to await non-blocking API calls, or 'await Task.Run(...)' to do CPU-bound work on a background thread. [C:\Users\Developer\source\repos\ClinicApp\ClinicApp.csproj]
         C:\Users\Developer\source\repos\ClinicApp\Services\Payment\Reporting\PaymentReportingService.cs(352,66): warning CS1998: This async method lacks 'await' operators and will run synchronously. Consider using the 'await' operator to await non-blocking API calls, or 'await Task.Run(...)' to do CPU-bound work on a background thread. [C:\Users\Developer\source\repos\ClinicApp\ClinicApp.csproj]
         C:\Users\Developer\source\repos\ClinicApp\Services\Payment\Reporting\PaymentReportingService.cs(358,63): warning CS1998: This async method lacks 'await' operators and will run synchronously. Consider using the 'await' operator to await non-blocking API calls, or 'await Task.Run(...)' to do CPU-bound work on a background thread. [C:\Users\Developer\source\repos\ClinicApp\ClinicApp.csproj]
         C:\Users\Developer\source\repos\ClinicApp\Services\Payment\Reporting\PaymentReportingService.cs(364,60): warning CS1998: This async method lacks 'await' operators and will run synchronously. Consider using the 'await' operator to await non-blocking API calls, or 'await Task.Run(...)' to do CPU-bound work on a background thread. [C:\Users\Developer\source\repos\ClinicApp\ClinicApp.csproj]
         C:\Users\Developer\source\repos\ClinicApp\Services\Payment\Reporting\PaymentReportingService.cs(370,68): warning CS1998: This async method lacks 'await' operators and will run synchronously. Consider using the 'await' operator to await non-blocking API calls, or 'await Task.Run(...)' to do CPU-bound work on a background thread. [C:\Users\Developer\source\repos\ClinicApp\ClinicApp.csproj]
         C:\Users\Developer\source\repos\ClinicApp\Services\Payment\Reporting\PaymentReportingService.cs(376,72): warning CS1998: This async method lacks 'await' operators and will run synchronously. Consider using the 'await' operator to await non-blocking API calls, or 'await Task.Run(...)' to do CPU-bound work on a background thread. [C:\Users\Developer\source\repos\ClinicApp\ClinicApp.csproj]
         C:\Users\Developer\source\repos\ClinicApp\Services\Payment\Reporting\PaymentReportingService.cs(382,72): warning CS1998: This async method lacks 'await' operators and will run synchronously. Consider using the 'await' operator to await non-blocking API calls, or 'await Task.Run(...)' to do CPU-bound work on a background thread. [C:\Users\Developer\source\repos\ClinicApp\ClinicApp.csproj]
         C:\Users\Developer\source\repos\ClinicApp\Services\Payment\Reporting\PaymentReportingService.cs(388,62): warning CS1998: This async method lacks 'await' operators and will run synchronously. Consider using the 'await' operator to await non-blocking API calls, or 'await Task.Run(...)' to do CPU-bound work on a background thread. [C:\Users\Developer\source\repos\ClinicApp\ClinicApp.csproj]
         C:\Users\Developer\source\repos\ClinicApp\Services\Payment\Reporting\PaymentReportingService.cs(394,63): warning CS1998: This async method lacks 'await' operators and will run synchronously. Consider using the 'await' operator to await non-blocking API calls, or 'await Task.Run(...)' to do CPU-bound work on a background thread. [C:\Users\Developer\source\repos\ClinicApp\ClinicApp.csproj]
         C:\Users\Developer\source\repos\ClinicApp\Services\Payment\Reporting\PaymentReportingService.cs(400,68): warning CS1998: This async method lacks 'await' operators and will run synchronously. Consider using the 'await' operator to await non-blocking API calls, or 'await Task.Run(...)' to do CPU-bound work on a background thread. [C:\Users\Developer\source\repos\ClinicApp\ClinicApp.csproj]
         C:\Users\Developer\source\repos\ClinicApp\Services\Payment\Reporting\PaymentReportingService.cs(406,62): warning CS1998: This async method lacks 'await' operators and will run synchronously. Consider using the 'await' operator to await non-blocking API calls, or 'await Task.Run(...)' to do CPU-bound work on a background thread. [C:\Users\Developer\source\repos\ClinicApp\ClinicApp.csproj]
         C:\Users\Developer\source\repos\ClinicApp\Services\Insurance\InsuranceCalculationService.cs(201,48): warning CS1998: This async method lacks 'await' operators and will run synchronously. Consider using the 'await' operator to await non-blocking API calls, or 'await Task.Run(...)' to do CPU-bound work on a background thread. [C:\Users\Developer\source\repos\ClinicApp\ClinicApp.csproj]
         C:\Users\Developer\source\repos\ClinicApp\Services\Payment\Reporting\PaymentReportingService.cs(423,50): warning CS1998: This async method lacks 'await' operators and will run synchronously. Consider using the 'await' operator to await non-blocking API calls, or 'await Task.Run(...)' to do CPU-bound work on a background thread. [C:\Users\Developer\source\repos\ClinicApp\ClinicApp.csproj]
         C:\Users\Developer\source\repos\ClinicApp\Services\Payment\Reporting\PaymentReportingService.cs(429,50): warning CS1998: This async method lacks 'await' operators and will run synchronously. Consider using the 'await' operator to await non-blocking API calls, or 'await Task.Run(...)' to do CPU-bound work on a background thread. [C:\Users\Developer\source\repos\ClinicApp\ClinicApp.csproj]
         C:\Users\Developer\source\repos\ClinicApp\Services\Payment\Reporting\PaymentReportingService.cs(435,50): warning CS1998: This async method lacks 'await' operators and will run synchronously. Consider using the 'await' operator to await non-blocking API calls, or 'await Task.Run(...)' to do CPU-bound work on a background thread. [C:\Users\Developer\source\repos\ClinicApp\ClinicApp.csproj]
         C:\Users\Developer\source\repos\ClinicApp\Services\Insurance\InsuranceCalculationService.cs(218,51): warning CS1998: This async method lacks 'await' operators and will run synchronously. Consider using the 'await' operator to await non-blocking API calls, or 'await Task.Run(...)' to do CPU-bound work on a background thread. [C:\Users\Developer\source\repos\ClinicApp\ClinicApp.csproj]
         C:\Users\Developer\source\repos\ClinicApp\Services\Insurance\InsuranceCalculationService.cs(235,51): warning CS1998: This async method lacks 'await' operators and will run synchronously. Consider using the 'await' operator to await non-blocking API calls, or 'await Task.Run(...)' to do CPU-bound work on a background thread. [C:\Users\Developer\source\repos\ClinicApp\ClinicApp.csproj]
         C:\Users\Developer\source\repos\ClinicApp\Services\Insurance\InsuranceCalculationService.cs(252,51): warning CS1998: This async method lacks 'await' operators and will run synchronously. Consider using the 'await' operator to await non-blocking API calls, or 'await Task.Run(...)' to do CPU-bound work on a background thread. [C:\Users\Developer\source\repos\ClinicApp\ClinicApp.csproj]
         C:\Users\Developer\source\repos\ClinicApp\Services\Payment\POS\PosManagementService.cs(37,39): warning CS0649: Field 'PosManagementService._posManagementServiceImplementation' is never assigned to, and will always have its default value null [C:\Users\Developer\source\repos\ClinicApp\ClinicApp.csproj]
         C:\Users\Developer\source\repos\ClinicApp\Services\Insurance\PatientInsuranceService.cs(36,42): warning CS0169: The field 'PatientInsuranceService._patientInsuranceServiceImplementation' is never used [C:\Users\Developer\source\repos\ClinicApp\ClinicApp.csproj]
         C:\Users\Developer\source\repos\ClinicApp\Services\CurrentUserService.cs(33,33): warning CS0169: The field 'CurrentUserService._currentUser' is never used [C:\Users\Developer\source\repos\ClinicApp\ClinicApp.csproj]

    301 Warning(s)
    0 Error(s)

Time Elapsed 00:00:04.41

Workload updates are available. Run `dotnet workload list` for more information.
